###############################################################################
#
# IAR ELF Linker V8.30.1.114/W32 for ARM                  29/Sep/2021  23:39:16
# Copyright 2007-2018 IAR Systems AB.
#
#    Output file  =  ZigbeeDebugger.out
#    Map file     =  
#        G:/SiliconLabs/SimplicityStudio/v5_workspace/ZigbeeDebugger/IAR ARM -
#        Default - EFR32MG21A020F768IM32/ZigbeeDebugger.map
#    Command line =  
#        -f "G:\SiliconLabs\SimplicityStudio\v5_workspace\ZigbeeDebugger\IAR
#        ARM - Default -
#        EFR32MG21A020F768IM32\ilinkCommandLine_ZigbeeDebugger.out.xcl" (-o
#        ZigbeeDebugger.out --config
#        G:/SiliconLabs/SimplicityStudio/v5/developer/sdks/gecko_sdk_suite/v3.2//platform/base/hal/micro/cortexm3/efm32/iar-cfg.icf
#        --config_def NULL_BTL=1 --config_def FLASH_SIZE=786432 --config_def
#        RAM_SIZE=65536 --config_def SIMEEPROM_SIZE=32768 --config_def
#        LOCKBITS_IN_MAINFLASH_SIZE=8192 --config_def EMBER_MALLOC_HEAP_SIZE=0
#        --config_def HEADER_SIZE=512 --config_def PSSTORE_SIZE=0 --config_def
#        LONGTOKEN_SIZE=0 --config_def BTL_SIZE=16384 --no_wrap_diagnostics
#        G:/SiliconLabs/SimplicityStudio/v5/developer/sdks/gecko_sdk_suite/v3.2//protocol/zigbee/build/cbke-163k1-stub-library-cortexm3-iar-efr32mg21-rail/cbke-163k1-stub-library.a
#        G:/SiliconLabs/SimplicityStudio/v5/developer/sdks/gecko_sdk_suite/v3.2//protocol/zigbee/build/source-route-library-cortexm3-iar-efr32mg21-rail/source-route-library.a
#        G:/SiliconLabs/SimplicityStudio/v5/developer/sdks/gecko_sdk_suite/v3.2//protocol/zigbee/build/cbke-library-dsa-sign-stub-cortexm3-iar-efr32mg21-rail/cbke-library-dsa-sign-stub.a
#        G:/SiliconLabs/SimplicityStudio/v5/developer/sdks/gecko_sdk_suite/v3.2//protocol/zigbee/build/binding-table-library-cortexm3-iar-efr32mg21-rail/binding-table-library.a
#        G:/SiliconLabs/SimplicityStudio/v5/developer/sdks/gecko_sdk_suite/v3.2//protocol/zigbee/build/security-library-link-keys-stub-cortexm3-iar-efr32mg21-rail/security-library-link-keys-stub.a
#        G:/SiliconLabs/SimplicityStudio/v5/developer/sdks/gecko_sdk_suite/v3.2//protocol/zigbee/build/packet-validate-library-cortexm3-iar-efr32mg21-rail/packet-validate-library.a
#        G:/SiliconLabs/SimplicityStudio/v5/developer/sdks/gecko_sdk_suite/v3.2//protocol/zigbee/build/zigbee-pro-stack-cortexm3-iar-efr32mg21-rail/zigbee-pro-stack.a
#        G:/SiliconLabs/SimplicityStudio/v5/developer/sdks/gecko_sdk_suite/v3.2//protocol/zigbee/build/gp-stub-library-cortexm3-iar-efr32mg21-rail/gp-stub-library.a
#        G:/SiliconLabs/SimplicityStudio/v5/developer/sdks/gecko_sdk_suite/v3.2//protocol/zigbee/build/sim-eeprom2-to-nvm3-upgrade-stub-library-cortexm3-iar-efr32mg21-rail/sim-eeprom2-to-nvm3-upgrade-stub-library.a
#        G:/SiliconLabs/SimplicityStudio/v5/developer/sdks/gecko_sdk_suite/v3.2//platform/emdrv/nvm3/lib/libnvm3_CM33_iar.a
#        G:/SiliconLabs/SimplicityStudio/v5/developer/sdks/gecko_sdk_suite/v3.2//protocol/zigbee/build/multi-pan-stub-library-cortexm3-iar-efr32mg21-rail/multi-pan-stub-library.a
#        G:/SiliconLabs/SimplicityStudio/v5/developer/sdks/gecko_sdk_suite/v3.2//protocol/zigbee/build/multi-network-stub-library-cortexm3-iar-efr32mg21-rail/multi-network-stub-library.a
#        G:/SiliconLabs/SimplicityStudio/v5/developer/sdks/gecko_sdk_suite/v3.2//platform/radio/rail_lib/autogen/librail_release/librail_efr32xg21_iar_release.a
#        G:/SiliconLabs/SimplicityStudio/v5/developer/sdks/gecko_sdk_suite/v3.2//protocol/zigbee/build/zll-stub-library-cortexm3-iar-efr32mg21-rail/zll-stub-library.a
#        G:/SiliconLabs/SimplicityStudio/v5/developer/sdks/gecko_sdk_suite/v3.2//protocol/zigbee/build/hal-library-cortexm3-iar-efr32mg21-rail/hal-library.a
#        G:/SiliconLabs/SimplicityStudio/v5/developer/sdks/gecko_sdk_suite/v3.2//protocol/zigbee/build/cbke-library-dsa-verify-283k1-stub-cortexm3-iar-efr32mg21-rail/cbke-library-dsa-verify-283k1-stub.a
#        G:/SiliconLabs/SimplicityStudio/v5/developer/sdks/gecko_sdk_suite/v3.2//protocol/zigbee/build/end-device-bind-stub-library-cortexm3-iar-efr32mg21-rail/end-device-bind-stub-library.a
#        G:/SiliconLabs/SimplicityStudio/v5/developer/sdks/gecko_sdk_suite/v3.2//protocol/zigbee/build/cbke-283k1-stub-library-cortexm3-iar-efr32mg21-rail/cbke-283k1-stub-library.a
#        G:/SiliconLabs/SimplicityStudio/v5/developer/sdks/gecko_sdk_suite/v3.2//protocol/zigbee/build/debug-basic-library-cortexm3-iar-efr32mg21-rail/debug-basic-library.a
#        G:/SiliconLabs/SimplicityStudio/v5/developer/sdks/gecko_sdk_suite/v3.2//protocol/zigbee/build/debug-extended-stub-library-cortexm3-iar-efr32mg21-rail/debug-extended-stub-library.a
#        G:/SiliconLabs/SimplicityStudio/v5/developer/sdks/gecko_sdk_suite/v3.2//protocol/zigbee/build/cbke-library-dsa-verify-stub-cortexm3-iar-efr32mg21-rail/cbke-library-dsa-verify-stub.a
#        G:/SiliconLabs/SimplicityStudio/v5/developer/sdks/gecko_sdk_suite/v3.2//protocol/zigbee/build/cbke-stub-library-cortexm3-iar-efr32mg21-rail/cbke-stub-library.a
#        G:/SiliconLabs/SimplicityStudio/v5/developer/sdks/gecko_sdk_suite/v3.2//protocol/zigbee/build/install-code-library-cortexm3-iar-efr32mg21-rail/install-code-library.a
#        G:/SiliconLabs/SimplicityStudio/v5/developer/sdks/gecko_sdk_suite/v3.2//protocol/zigbee/build/zigbee-r22-support-stub-library-cortexm3-iar-efr32mg21-rail/zigbee-r22-support-stub-library.a
#        --entry __iar_program_start --map
#        "G:/SiliconLabs/SimplicityStudio/v5_workspace/ZigbeeDebugger/IAR ARM -
#        Default - EFR32MG21A020F768IM32/ZigbeeDebugger.map" --log_file
#        "G:/SiliconLabs/SimplicityStudio/v5_workspace/ZigbeeDebugger/IAR ARM -
#        Default - EFR32MG21A020F768IM32/ZigbeeDebugger.log" --log
#        initialization,modules,sections,veneers --diag_suppress=Lp012
#        --redirect _Printf=_PrintfSmallNoMb --redirect _Scanf=_ScanfFullNoMb
#        ./zcl-framework-core/af-event.o ./zcl-framework-core/af-main-common.o
#        ./zcl-framework-core/af-main-soc.o ./zcl-framework-core/af-node.o
#        ./zcl-framework-core/af-security-common.o
#        ./zcl-framework-core/af-trust-center.o
#        ./zcl-framework-core/attribute-size.o
#        ./zcl-framework-core/attribute-storage.o
#        ./zcl-framework-core/attribute-table.o
#        ./zcl-framework-core/client-api.o ./zcl-framework-core/core-cli.o
#        ./zcl-framework-core/crypto-state.o ./zcl-framework-core/message.o
#        ./zcl-framework-core/multi-network.o
#        ./zcl-framework-core/network-cli.o ./zcl-framework-core/option-cli.o
#        ./zcl-framework-core/plugin-cli.o
#        ./zcl-framework-core/print-formatter.o ./zcl-framework-core/print.o
#        ./zcl-framework-core/process-cluster-message.o
#        ./zcl-framework-core/process-global-message.o
#        ./zcl-framework-core/security-cli.o
#        ./zcl-framework-core/service-discovery-common.o
#        ./zcl-framework-core/service-discovery-soc.o
#        ./zcl-framework-core/time-util.o ./zcl-framework-core/util.o
#        ./zcl-framework-core/zcl-cli.o ./zcl-framework-core/zdo-cli.o
#        ./update-tc-link-key/update-tc-link-key-cli.o
#        ./update-tc-link-key/update-tc-link-key.o
#        ./strong-random/strong-random-api.o ./simple-main/simple-main.o
#        ./serial/EFR32/serial.o ./serial/com.o ./scan-dispatch/scan-dispatch.o
#        ./on-off/on-off.o ./nvm3/EFR32/nvm3_default.o
#        ./nvm3/EFR32/nvm3_hal_flash.o ./nvm3/nvm3_lock.o
#        ./network-steering/network-steering-cli.o
#        ./network-steering/network-steering-soc.o
#        ./network-steering/network-steering-v2.o
#        ./network-steering/network-steering.o
#        ./network-creator-security/network-creator-security-cli.o
#        ./network-creator-security/network-creator-security.o
#        ./network-creator/network-creator-cli.o
#        ./network-creator/network-creator.o ./mbedtls/EFR32/aes.o
#        ./mbedtls/EFR32/aes_aes.o ./mbedtls/EFR32/asn1parse.o
#        ./mbedtls/EFR32/asn1write.o ./mbedtls/EFR32/base64.o
#        ./mbedtls/EFR32/bignum.o ./mbedtls/EFR32/ccm.o
#        ./mbedtls/EFR32/chacha20.o ./mbedtls/EFR32/chachapoly.o
#        ./mbedtls/EFR32/cipher.o ./mbedtls/EFR32/cipher_wrap.o
#        ./mbedtls/EFR32/cmac.o ./mbedtls/EFR32/crypto_aes.o
#        ./mbedtls/EFR32/crypto_ecp.o ./mbedtls/EFR32/crypto_gcm.o
#        ./mbedtls/EFR32/crypto_management.o ./mbedtls/EFR32/cryptoacc_aes.o
#        ./mbedtls/EFR32/cryptoacc_ccm.o ./mbedtls/EFR32/cryptoacc_gcm.o
#        ./mbedtls/EFR32/cryptoacc_management.o ./mbedtls/EFR32/ctr_drbg.o
#        ./mbedtls/EFR32/des.o ./mbedtls/EFR32/ecdh.o ./mbedtls/EFR32/ecdsa.o
#        ./mbedtls/EFR32/ecjpake.o ./mbedtls/EFR32/ecp.o
#        ./mbedtls/EFR32/ecp_curves.o ./mbedtls/EFR32/entropy.o
#        ./mbedtls/EFR32/error.o ./mbedtls/EFR32/gcm.o
#        ./mbedtls/EFR32/mbedtls_cmac.o ./mbedtls/EFR32/mbedtls_ecdsa_ecdh.o
#        ./mbedtls/EFR32/mbedtls_sha.o ./mbedtls/EFR32/md.o
#        ./mbedtls/EFR32/md5.o ./mbedtls/EFR32/oid.o ./mbedtls/EFR32/pem.o
#        ./mbedtls/EFR32/pk.o ./mbedtls/EFR32/pk_wrap.o
#        ./mbedtls/EFR32/pkparse.o ./mbedtls/EFR32/platform_util.o
#        ./mbedtls/EFR32/poly1305.o ./mbedtls/EFR32/psa_crypto.o
#        ./mbedtls/EFR32/psa_crypto_cipher.o
#        ./mbedtls/EFR32/psa_crypto_client.o
#        ./mbedtls/EFR32/psa_crypto_driver_wrappers.o
#        ./mbedtls/EFR32/psa_crypto_ecp.o ./mbedtls/EFR32/psa_crypto_hash.o
#        ./mbedtls/EFR32/psa_crypto_mac.o
#        ./mbedtls/EFR32/psa_crypto_slot_management.o
#        ./mbedtls/EFR32/psa_crypto_storage.o ./mbedtls/EFR32/rsa.o
#        ./mbedtls/EFR32/rsa_internal.o ./mbedtls/EFR32/se_aes.o
#        ./mbedtls/EFR32/se_ccm.o ./mbedtls/EFR32/se_gcm.o
#        ./mbedtls/EFR32/se_jpake.o ./mbedtls/EFR32/sha1.o
#        ./mbedtls/EFR32/sha256.o ./mbedtls/EFR32/sha512.o
#        ./mbedtls/EFR32/sl_entropy.o ./mbedtls/EFR32/sl_mbedtls.o
#        ./mbedtls/EFR32/sl_psa_its_nvm3.o ./mbedtls/EFR32/sl_se_management.o
#        ./mbedtls/EFR32/sl_se_manager.o
#        ./mbedtls/EFR32/sl_se_manager_attestation.o
#        ./mbedtls/EFR32/sl_se_manager_cipher.o
#        ./mbedtls/EFR32/sl_se_manager_entropy.o
#        ./mbedtls/EFR32/sl_se_manager_hash.o
#        ./mbedtls/EFR32/sl_se_manager_key_derivation.o
#        ./mbedtls/EFR32/sl_se_manager_key_handling.o
#        ./mbedtls/EFR32/sl_se_manager_signature.o
#        ./mbedtls/EFR32/sl_se_manager_util.o
#        ./mbedtls/EFR32/sli_crypto_transparent_driver_aead.o
#        ./mbedtls/EFR32/sli_crypto_transparent_driver_cipher.o
#        ./mbedtls/EFR32/sli_crypto_transparent_driver_hash.o
#        ./mbedtls/EFR32/sli_crypto_transparent_driver_mac.o
#        ./mbedtls/EFR32/sli_crypto_trng_driver.o
#        ./mbedtls/EFR32/sli_cryptoacc_transparent_driver_aead.o
#        ./mbedtls/EFR32/sli_cryptoacc_transparent_driver_cipher.o
#        ./mbedtls/EFR32/sli_cryptoacc_transparent_driver_hash.o
#        ./mbedtls/EFR32/sli_cryptoacc_transparent_driver_key_derivation.o
#        ./mbedtls/EFR32/sli_cryptoacc_transparent_driver_key_management.o
#        ./mbedtls/EFR32/sli_cryptoacc_transparent_driver_mac.o
#        ./mbedtls/EFR32/sli_cryptoacc_transparent_driver_signature.o
#        ./mbedtls/EFR32/sli_protocol_crypto_crypto.o
#        ./mbedtls/EFR32/sli_protocol_crypto_radioaes.o
#        ./mbedtls/EFR32/sli_psa_driver_common.o
#        ./mbedtls/EFR32/sli_psa_driver_ghash.o
#        ./mbedtls/EFR32/sli_psa_driver_init.o ./mbedtls/EFR32/sli_psa_trng.o
#        ./mbedtls/EFR32/sli_radioaes_management.o
#        ./mbedtls/EFR32/sli_se_driver_aead.o
#        ./mbedtls/EFR32/sli_se_driver_builtin_keys.o
#        ./mbedtls/EFR32/sli_se_driver_cipher.o
#        ./mbedtls/EFR32/sli_se_driver_key_derivation.o
#        ./mbedtls/EFR32/sli_se_driver_key_management.o
#        ./mbedtls/EFR32/sli_se_driver_mac.o
#        ./mbedtls/EFR32/sli_se_driver_signature.o
#        ./mbedtls/EFR32/sli_se_opaque_driver_aead.o
#        ./mbedtls/EFR32/sli_se_opaque_driver_cipher.o
#        ./mbedtls/EFR32/sli_se_opaque_driver_mac.o
#        ./mbedtls/EFR32/sli_se_opaque_key_derivation.o
#        ./mbedtls/EFR32/sli_se_transparent_driver_aead.o
#        ./mbedtls/EFR32/sli_se_transparent_driver_cipher.o
#        ./mbedtls/EFR32/sli_se_transparent_driver_hash.o
#        ./mbedtls/EFR32/sli_se_transparent_driver_mac.o
#        ./mbedtls/EFR32/sli_se_transparent_key_derivation.o
#        ./mbedtls/EFR32/ssl_cache.o ./mbedtls/EFR32/ssl_ciphersuites.o
#        ./mbedtls/EFR32/ssl_cli.o ./mbedtls/EFR32/ssl_cookie.o
#        ./mbedtls/EFR32/ssl_msg.o ./mbedtls/EFR32/ssl_srv.o
#        ./mbedtls/EFR32/ssl_ticket.o ./mbedtls/EFR32/ssl_tls.o
#        ./mbedtls/EFR32/threading.o ./mbedtls/EFR32/x509.o
#        ./mbedtls/EFR32/x509_create.o ./mbedtls/EFR32/x509_crl.o
#        ./mbedtls/EFR32/x509_crt.o ./mbedtls/EFR32/x509_csr.o
#        ./mbedtls/EFR32/x509write_crt.o ./mbedtls/EFR32/x509write_csr.o
#        ./interpan/interpan-cli.o ./interpan/interpan-soc.o
#        ./interpan/interpan.o ./hal-library/EFR32_xx/pa_conversions_efr32.o
#        ./hal-library/EFR32_xx/pa_curves_efr32.o
#        ./hal-library/EFR32_2/sl_hfxo_manager.o
#        ./hal-library/EFR32_2/sl_hfxo_manager_hal_s2.o
#        ./hal-library/EFR32/hal-config-gpio.o ./hal-library/EFR32/hal-config.o
#        ./hal-library/EFR32/sl_mpu.o ./hal-library/EFR32/sl_power_manager.o
#        ./hal-library/EFR32/sl_power_manager_debug.o
#        ./hal-library/EFR32/sl_power_manager_hal_s0_s1.o
#        ./hal-library/EFR32/sl_power_manager_hal_s2.o
#        ./hal-library/EFR32/sl_slist.o ./emlib/em_adc.o ./emlib/em_cmu.o
#        ./emlib/em_core.o ./emlib/em_cryotimer.o ./emlib/em_emu.o
#        ./emlib/em_eusart.o ./emlib/em_gpio.o ./emlib/em_i2c.o
#        ./emlib/em_ldma.o ./emlib/em_leuart.o ./emlib/em_msc.o
#        ./emlib/em_prs.o ./emlib/em_rmu.o ./emlib/em_rtcc.o ./emlib/em_se.o
#        ./emlib/em_system.o ./emlib/em_timer.o ./emlib/em_usart.o
#        ./emlib/em_wdog.o ./emlib/system_efr32mg21.o ./emdrv/dmadrv.o
#        ./emdrv/gpiointerrupt.o ./emdrv/sl_sleeptimer.o
#        ./emdrv/sl_sleeptimer_hal_rtcc.o ./emdrv/tempdrv.o ./emdrv/uartdrv.o
#        ./emdrv/ustimer.o ./ember-minimal-printf/ember-printf.o
#        ./efr32/assert-crash-handlers.o ./efr32/button.o
#        ./efr32/buzzer-efr32.o ./efr32/cstartup-common.o ./efr32/diagnostic.o
#        ./efr32/ext-device.o ./efr32/faults-v7m.o ./efr32/isr-stubs.o
#        ./efr32/led.o ./efr32/mfg-token.o ./efr32/micro-common.o
#        ./efr32/micro.o ./efr32/sleep-efm32.o ./efr32/token.o
#        ./debug-jtag/EFR32/debug-jtag-efr32.o
#        ./debug-basic-library/EFR32/SEGGER_RTT.o ./counters/counters-cli.o
#        ./counters/counters-ota.o ./counters/counters-soc.o
#        ./concentrator/concentrator-support-cli.o
#        ./concentrator/concentrator-support.o
#        ./coexistence-stub/EFR32/coexistence-802154.o
#        ./coexistence-stub/EFR32/coulomb-counter-802154.o
#        ./ccm-encryption/ccm-star.o ./basic/basic.o
#        ./app-custom-application/rf-rx-uart-tx-task.o
#        ./app-custom-application/serial-rx-queue.o
#        ./app-custom-application/serial-rx-task.o
#        ./antenna-stub/antenna-stub.o ./ZigbeeDebugger_callbacks.o
#        ./call-command-handler.o ./callback-stub.o ./command-interpreter2.o
#        ./crc.o ./ember-base-configuration.o ./ember-configuration.o
#        ./endian.o ./library.o ./mem-util.o ./random.o
#        ./security-address-cache.o ./stack-handler-stub.o ./token-def.o
#        ./zigbee-device-common.o ./zigbee-device-library.o
#        ./znet-bookkeeping.o ./znet-cli.o)
#
###############################################################################

*******************************************************************************
*** RUNTIME MODEL ATTRIBUTES
***

CppFlavor       = *
__SystemLibrary = DLib
__dlib_version  = 6


*******************************************************************************
*** HEAP SELECTION
***

The basic heap was selected because no calls to memory allocation
functions were found in the application outside of system library
functions, and there are calls to deallocation functions in the
application.


*******************************************************************************
*** PLACEMENT SUMMARY
***

define block HEADER_block with fixed order { ro section BAT, ro section AAT };
"HEADERS":
       place at start of [from 0x0 to 0x1ff] { block HEADER_block };
define block APPRO_block
   with fixed order {
      ro section .intvec, ro section .textrw_init, ro section .gatt_header,
      ro section .gatt_data, ro section .text, ro section CODE,
      ro section .rodata, ro section .data_init, ro section .init_array,
      ro section .iar.init_table, ro section __DLIB_PERTHREAD_init };
"APP ro":
       place at start of [from 0x200 to 0xb'ffff] { block APPRO_block };
"SIMEE&LOCKBITS":
       place at end of [from 0x200 to 0xb'ffff] {
          zi section SIMEE, zi section INTERNAL_STORAGE, zi section LONGTOKEN,
          zi section PSSTORE, zi section LOCKBITS_IN_MAINFLASH };
define block ALIGN_EMHEAP with alignment = 8 { rw section EMHEAP };
define block RESETHEAP
   with fixed order {
      rw section RESETINFO, rw section .noinitnew, block ALIGN_EMHEAP };
"ResetHeap":
       place at start of [from 0x2000'0000 to 0x2000'ffef] { block RESETHEAP };
"Guard":
       place in [from 0x2000'0000 to 0x2000'ffef] { rw section GUARD_REGION };
define block ALIGN_CSTACK with alignment = 8 { rw section CSTACK };
define block DLIB_PERTHREAD_INITIALIZED_DATA { rw section __DLIB_PERTHREAD };
define block DLIB_PERTHREAD_ZERO_DATA { zi section __DLIB_PERTHREAD };
define block HEAP with size = 0M, alignment = 8 { };
define block APPRW_block
   with fixed order {
      block ALIGN_CSTACK, rw section .textrw, rw section .data,
      block DLIB_PERTHREAD_INITIALIZED_DATA, block DLIB_PERTHREAD_ZERO_DATA,
      rw section .bss, rw section .noinitlegacy, block HEAP };
"APP rw":
       place at end of [from 0x2000'0000 to 0x2000'ffef] { block APPRW_block };
do not initialize {
   rw section .noinitlegacy, rw section .noinitnew, rw section CSTACK,
   rw section RESETINFO, rw section EMHEAP, zi section SIMEE,
   zi section INTERNAL_STORAGE, zi section LONGTOKEN, zi section PSSTORE,
   zi section LOCKBITS_IN_MAINFLASH };
initialize by copy { rw };

No sections matched the following patterns:

  ro section .gatt_data             in block APPRO_block
  ro section .gatt_header           in block APPRO_block
  ro section .iar.init_table        in block APPRO_block
  ro section .init_array            in block APPRO_block
  ro section CODE                   in block APPRO_block
  ro section __DLIB_PERTHREAD_init  in block APPRO_block
  rw section .noinitlegacy          in block APPRW_block
  rw section .noinitnew             in block RESETHEAP
  rw section DEBUG_CHANNEL          in "DEBUGCHAN"
  rw section __DLIB_PERTHREAD       in block DLIB_PERTHREAD_INITIALIZED_DATA
  zi section INTERNAL_STORAGE       in "SIMEE&LOCKBITS"
  zi section LONGTOKEN              in "SIMEE&LOCKBITS"
  zi section PSSTORE                in "SIMEE&LOCKBITS"
  zi section __DLIB_PERTHREAD       in block DLIB_PERTHREAD_ZERO_DATA


  Section                Kind         Address     Size  Object
  -------                ----         -------     ----  ------
"HEADERS":                                       0x100
  HEADER_block                            0x0    0x100  <Block>
    BAT                  const            0x0     0x54  cstartup-common.o [11]
    AAT                  const           0x54     0xac  cstartup-common.o [11]
                                      - 0x100    0x100

"APP ro":                                      0x37bf4
  APPRO_block                           0x200  0x37bf4  <Block>
    .intvec              const          0x200    0x134  startup_efr32mg21.o [45]
    Initializer bytes    const          0x334    0x135  <for .textrw-1>
    .text                               0x46c  0x2f8da  <Block>
      .text              ro code        0x46c     0xa0  af-event.o [32]
      .text              ro code        0x50c     0x5c  multi-network.o [32]
      .text              ro code        0x568    0x260  event-control.o [57]
      .text              ro code        0x7c8     0x10  crypto-state.o [32]
      .text              ro code        0x7d8    0x97c  attribute-storage.o [32]
      .text              ro code       0x1154      0xc  em_core.o [14]
      .text              ro code       0x1160      0x6  em_core.o [14]
      .text              ro code       0x1166      0x2  zigbee-stack.o [57]
      .text              ro code       0x1168    0x130  system-timer.o [45]
      .text              ro code       0x1298    0x1fc  assert-crash-handlers.o [11]
      .text              ro code       0x1494     0x1a  em_core.o [14]
      .text              ro code       0x14ae      0x8  em_core.o [14]
      .text              ro code       0x14b6     0x48  ember-configuration.o [1]
      .text              ro code       0x14fe      0x2  zigbee-stack.o [57]
      .text              ro code       0x1500     0xe6  callback-stub.o [1]
      .text              ro code       0x15e6      0x2  zigbee-stack.o [57]
      .text              ro code       0x15e8    0x9a2  util.o [32]
      .text              ro code       0x1f8a      0x2  zigbee-stack.o [57]
      .text              ro code       0x1f8c      0x6  ABImemclr.o [53]
      .text              ro code       0x1f92      0x2  zigbee-stack.o [57]
      .text              ro code       0x1f94     0x96  ABImemmove.o [53]
      .text              ro code       0x202a     0x62  znet-bookkeeping.o [1]
      .text              ro code       0x208c    0x2d4  ember-multi-network-stub.o [50]
      .text              ro code       0x2360     0x98  micro-common.o [11]
      .text              ro code       0x23f8    0x5de  sl_sleeptimer.o [13]
      .text              ro code       0x29d6      0x2  zigbee-stack.o [57]
      .text              ro code       0x29d8    0x14c  ustimer.o [13]
      .text              ro code       0x2b24    0x1d4  sleep-efm32.o [11]
      .text              ro code       0x2cf8      0x8  em_core.o [14]
      .text              ro code       0x2d00    0x2b8  debug.o [40]
      .text              ro code       0x2fb8     0xdc  serial.o [28]
      .text              ro code       0x3094     0x4c  micro-internal.o [45]
      .text              ro code       0x30e0     0x50  random.o [1]
      .text              ro code       0x3130     0x66  ABImemset.o [53]
      .text              ro code       0x3196      0x2  zigbee-stack.o [57]
      .text              ro code       0x3198     0x24  client-api.o [32]
      .text              ro code       0x31bc     0x74  concentrator-support.o [7]
      .text              ro code       0x3230     0x84  interpan-soc.o [18]
      .text              ro code       0x32b4    0x164  counters-soc.o [8]
      .text              ro code       0x3418   0x1a2c  association.o [57]
      .text              ro code       0x4e44    0x2fc  ember-stack-common.o [57]
      .text              ro code       0x5140    0x128  print.o [32]
      .text              ro code       0x5268    0x11c  time-util.o [32]
      .text              ro code       0x5384    0x15c  print-formatter.o [32]
      .text              ro code       0x54e0     0x50  process-cluster-message.o [32]
      .text              ro code       0x5530    0x580  process-global-message.o [32]
      .text              ro code       0x5ab0     0xec  message.o [32]
      .text              ro code       0x5b9c     0xa6  ABImemcpy.o [53]
      .text              ro code       0x5c42      0x2  zigbee-stack.o [57]
      .text              ro code       0x5c44      0x6  ABImemclr4.o [53]
      .text              ro code       0x5c4a      0x2  startup_efr32mg21.o [45]
      .text              ro code       0x5c4c    0x544  interpan.o [18]
      .text              ro code       0x6190    0x9a4  af-main-common.o [32]
      .text              ro code       0x6b34    0x404  address-table.o [57]
      .text              ro code       0x6f38    0x4e0  binding-table.o [33]
      .text              ro code       0x7418    0x278  ZigbeeDebugger_callbacks.o [1]
      .text              ro code       0x7690    0x24c  network-creator-security.o [21]
      .text              ro code       0x78dc      0xc  network-steering-soc.o [22]
      .text              ro code       0x78e8    0x108  update-tc-link-key.o [31]
      .text              ro code       0x79f0     0xaa  multi-pan-stub.o [51]
      .text              ro code       0x7a9a      0x2  startup_efr32mg21.o [45]
      .text              ro code       0x7a9c    0x558  mac-child.o [57]
      .text              ro code       0x7ff4    0xa38  upper-mac.o [57]
      .text              ro code       0x8a2c    0x238  zigbee-neighbor.o [57]
      .text              ro code       0x8c64    0x632  af-main-soc.o [32]
      .text              ro code       0x9296      0x2  startup_efr32mg21.o [45]
      .text              ro code       0x9298      0x4  faults-v7m.o [11]
      .text              ro code       0x929c    0x820  em_cmu.o [14]
      .text              ro code       0x9abc     0xba  em_wdog.o [14]
      .text              ro code       0x9b76      0x2  startup_efr32mg21.o [45]
      .text              ro code       0x9b78    0x1a2  sl_sleeptimer_hal_rtcc.o [13]
      .text              ro code       0x9d1a      0x2  startup_efr32mg21.o [45]
      .text              ro code       0x9d1c    0x230  I64DivMod.o [53]
      .text              ro code       0x9f4c     0x1e  U64Shr.o [53]
      .text              ro code       0x9f6a      0x2  startup_efr32mg21.o [45]
      .text              ro code       0x9f6c    0x458  sl_power_manager.o [15]
      .text              ro code       0xa3c4    0x1ba  em_timer.o [14]
      .text              ro code       0xa57e     0x3a  zero_init3.o [53]
      .text              ro code       0xa5b8    0xa08  com.o [27]
      .text              ro code       0xafc0     0xbc  em_emu.o [14]
      .text              ro code       0xb07c      0x8  em_core.o [14]
      .text              ro code       0xb084      0x6  em_core.o [14]
      .text              ro code       0xb08a     0x7a  lz77_init_single.o [53]
      .text              ro code       0xb104     0x44  em_core.o [14]
      .text              ro code       0xb148      0x4  em_core.o [14]
      .text              ro code       0xb14c    0x218  debug-jtag-efr32.o [10]
      .text              ro code       0xb364    0x5e2  micro.o [11]
      .text              ro code       0xb946     0x14  debug-extended-stub.o [41]
      .text              ro code       0xb95c    0x844  buffer-management.o [57]
      .text              ro code       0xc1a0    0x294  legacy-packet-buffer.o [57]
      .text              ro code       0xc434     0x36  strlen.o [53]
      .text              ro code       0xc46c   0x1342  lower-mac-rail-802.15.4.o [57]
      .text              ro code       0xd7b0    0x2ae  ember-printf.o [12]
      .text              ro code       0xda60    0x702  source-route-table.o [56]
      .text              ro code       0xe164    0x328  source-route-update.o [56]
      .text              ro code       0xe48c    0x268  zigbee-upper-mac.o [57]
      .text              ro code       0xe6f4    0x284  mac-dispatch.o [57]
      .text              ro code       0xe978     0x3a  ABImemset48.o [53]
      .text              ro code       0xe9b4     0x32  enhanced-beacon-request-stub.o [58]
      .text              ro code       0xe9e8    0xa78  beacon-handling.o [57]
      .text              ro code       0xf460    0x408  child-handling.o [57]
      .text              ro code       0xf868   0x1c08  network.o [57]
      .text              ro code     0x1'1470    0xa24  zigbee-device-util.o [57]
      .text              ro code     0x1'1e94    0x14c  token-cache.o [57]
      .text              ro code     0x1'1fe0    0x3b0  management.o [57]
      .text              ro code     0x1'2390    0x48a  leave.o [57]
      .text              ro code     0x1'281c    0x464  zigbee-stack.o [57]
      .text              ro code     0x1'2c80    0x4bc  scan.o [57]
      .text              ro code     0x1'313c    0x42c  random-id.o [57]
      .text              ro code     0x1'3568    0xf5c  aps-security.o [57]
      .text              ro code     0x1'44c4    0x858  child.o [57]
      .text              ro code     0x1'4d1c     0x14  strong-random-api.o [30]
      .text              ro code     0x1'4d30    0x352  zigbee-scan.o [57]
      .text              ro code     0x1'5084      0xe  zdo-r22-stub.o [58]
      .text              ro code     0x1'5094    0x128  command.o [57]
      .text              ro code     0x1'51bc    0x1fc  child-aging.o [57]
      .text              ro code     0x1'53b8      0xc  ember-multi-phy-stub.o [57]
      .text              ro code     0x1'53c4      0xc  mac-header.o [57]
      .text              ro code     0x1'53d0      0x8  mac-header.o [57]
      .text              ro code     0x1'53d8    0x67c  zigbee-packet-header.o [57]
      .text              ro code     0x1'5a54    0x22e  mac-packet-header.o [57]
      .text              ro code     0x1'5c84    0x6d8  indirect-queue.o [57]
      .text              ro code     0x1'635c    0x32a  retry.o [57]
      .text              ro code     0x1'6688    0x9b0  neighbor.o [57]
      .text              ro code     0x1'7038    0x690  trust-center-util.o [57]
      .text              ro code     0x1'76c8     0x68  memcmp.o [53]
      .text              ro code     0x1'7730     0xb0  mac-flat-header.o [57]
      .text              ro code     0x1'77e0     0x34  mac-info-element-parsing-stub.o [58]
      .text              ro code     0x1'7814     0x2a  zll-stubs.o [59]
      .text              ro code     0x1'7840    0x788  aps-keys.o [57]
      .text              ro code     0x1'7fc8     0x14  gp-stub.o [44]
      .text              ro code     0x1'7fdc     0xa8  call-command-handler.o [1]
      .text              ro code     0x1'8084    0x54a  attribute-table.o [32]
      .text              ro code     0x1'85d0     0x70  attribute-size.o [32]
      .text              ro code     0x1'8640    0x28c  zigbee-device-library.o [1]
      .text              ro code     0x1'88cc     0xf8  zigbee-dispatch.o [57]
      .text              ro code     0x1'89c4    0x48c  service-discovery-common.o [32]
      .text              ro code     0x1'8e50    0x6d0  network-steering-v2.o [22]
      .text              ro code     0x1'9520    0xa60  aps-retry.o [57]
      .text              ro code     0x1'9f80    0x2f0  token.o [11]
      .text              ro code     0x1'a270    0x43e  serial-rx-task.o [3]
      .text              ro code     0x1'a6b0     0xcc  serial-rx-queue.o [3]
      .text              ro code     0x1'a77c    0x144  rf-rx-uart-tx-task.o [3]
      .text              ro code     0x1'a8c0    0x370  network-creator.o [20]
      .text              ro code     0x1'ac30    0x100  zigbee-device-common.o [1]
      .text              ro code     0x1'ad30    0x528  aps-keys-transient.o [57]
      .text              ro code     0x1'b258     0xec  af-trust-center.o [32]
      .text              ro code     0x1'b344     0x8c  multi-network.o [57]
      .text              ro code     0x1'b3d0    0x3fc  mac-command.o [57]
      .text              ro code     0x1'b7cc    0x3bc  mac-header.o [57]
      .text              ro code     0x1'bb88     0xa4  cstartup-common.o [11]
      .text              ro code     0x1'bc2c    0x3b0  diagnostic.o [11]
      .text              ro code     0x1'bfdc     0x98  security-address-cache.o [1]
      .text              ro code     0x1'c074    0x744  command-interpreter2.o [1]
      .text              ro code     0x1'c7b8    0x236  mfg-token.o [11]
      .text              ro code     0x1'c9f0    0xb64  application-support.o [57]
      .text              ro code     0x1'd554    0x154  aes-mmo.o [57]
      .text              ro code     0x1'd6a8    0x174  scan-dispatch.o [26]
      .text              ro code     0x1'd81c     0x70  faults-v7m.o [11]
      .text              ro code     0x1'd88c    0x148  system_efr32mg21.o [14]
      .text              ro code     0x1'd9d4     0xf4  em_rtcc.o [14]
      .text              ro code     0x1'dac8      0x2  I64DivZer.o [53]
      .text              ro code     0x1'daca     0x10  sl_slist.o [15]
      .text              ro code     0x1'dadc    0x214  sl_power_manager_hal_s2.o [15]
      .text              ro code     0x1'dcf0      0x4  sl_power_manager.o [15]
      .text              ro code     0x1'dcf4    0xd18  uartdrv.o [13]
      .text              ro code     0x1'ea0c    0x280  em_usart.o [14]
      .text              ro code     0x1'ec8c    0x144  em_gpio.o [14]
      .text              ro code     0x1'edd0      0x2  em_emu.o [14]
      .text              ro code     0x1'edd2      0x2  em_emu.o [14]
      .text              ro code     0x1'edd4      0x2  em_emu.o [14]
      .text              ro code     0x1'edd6      0x2  em_emu.o [14]
      .text              ro code     0x1'edd8    0x188  SEGGER_RTT.o [9]
      .text              ro code     0x1'ef60     0x24  crc.o [1]
      .text              ro code     0x1'ef84     0xf8  sl_mpu.o [15]
      .text              ro code     0x1'f07c     0x1c  em_system.o [14]
      .text              ro code     0x1'f098     0xe6  sl_hfxo_manager.o [16]
      .text              ro code     0x1'f180    0x110  hal-config.o [15]
      .text              ro code     0x1'f290    0x1e4  tempdrv.o [13]
      .text              ro code     0x1'f474    0x2f8  rail_power_manager.o [48]
      .text              ro code     0x1'f76c    0x198  pa_conversions_efr32.o [17]
      .text              ro code     0x1'f904     0x10  coexistence-802154.o [6]
      .text              ro code     0x1'f914     0x4a  strcmp.o [53]
      .text              ro code     0x1'f960    0x192  buffer-queue.o [57]
      .text              ro code     0x1'faf4    0x1f6  rail_singleprotocol.o [48]
      .text              ro code     0x1'fcec    0x4a6  rail_rf.o [48]
      .text              ro code     0x2'0194     0xd4  rail_tx.o [48]
      .text              ro code     0x2'0268    0x158  rail_ieee802154.o [48]
      .text              ro code     0x2'03c0     0xdc  rail_data.o [48]
      .text              ro code     0x2'049c     0x96  rail_calibration.o [48]
      .text              ro code     0x2'0532     0xda  rail_timer.o [48]
      .text              ro code     0x2'060c     0x34  antenna-stub.o [2]
      .text              ro code     0x2'0640      0x6  ember-base-configuration.o [1]
      .text              ro code     0x2'0646     0xb0  rail_autoack.o [48]
      .text              ro code     0x2'06f6     0x3a  rail_rx.o [48]
      .text              ro code     0x2'0730     0x78  led.o [11]
      .text              ro code     0x2'07a8     0x1c  rail_rssi.o [48]
      .text              ro code     0x2'07c4    0x5cc  route-table.o [57]
      .text              ro code     0x2'0d90    0x258  broadcast.o [57]
      .text              ro code     0x2'0fe8     0xa0  unicast-table.o [57]
      .text              ro code     0x2'1088    0x452  crypto.o [57]
      .text              ro code     0x2'14dc    0x244  store-forward.o [57]
      .text              ro code     0x2'1720    0x5e2  aps-encryption.o [57]
      .text              ro code     0x2'1d04    0x340  jit.o [57]
      .text              ro code     0x2'2044    0x832  route-discovery.o [57]
      .text              ro code     0x2'2878    0x114  zigbee-mac-header.o [57]
      .text              ro code     0x2'298c    0x2a8  packet-validate.o [52]
      .text              ro code     0x2'2c34    0x17c  route-error.o [57]
      .text              ro code     0x2'2db0    0x434  neighbor-exchange.o [57]
      .text              ro code     0x2'31e4    0xb68  zigbee-device.o [57]
      .text              ro code     0x2'3d4c      0x8  end-device-bind-stub.o [43]
      .text              ro code     0x2'3d54     0x44  ember-library.o [57]
      .text              ro code     0x2'3d98     0x18  eui64.o [57]
      .text              ro code     0x2'3db0     0x12  phy-util.o [57]
      .text              ro code     0x2'3dc4    0x108  multi-pan-common.o [51]
      .text              ro code     0x2'3ecc      0x6  cbke-crypto-engine-163k1-stub.o [34]
      .text              ro code     0x2'3ed2      0x6  cbke-crypto-engine-283k1-stub.o [35]
      .text              ro code     0x2'3ed8      0xe  cbke-crypto-engine-stub.o [39]
      .text              ro code     0x2'3ee8     0x54  micro-common-internal.o [45]
      .text              ro code     0x2'3f3c     0x6c  install-code-tokens.o [46]
      .text              ro code     0x2'3fa8     0x1a  aps-keys-full-stub.o [54]
      .text              ro code     0x2'3fc2     0x62  hmac.o [57]
      .text              ro code     0x2'4024     0x88  aes-efm32.o [57]
      .text              ro code     0x2'40ac      0x2  ember-duty-cycle-stub.o [57]
      .text              ro code     0x2'40b0      0x2  symbol-timer.o [57]
      .text              ro code     0x2'40b4     0x22  I64Shl.o [53]
      .text              ro code     0x2'40d8     0xc8  security-config-mfg.o [57]
      .text              ro code     0x2'41a0     0x28  basic.o [4]
      .text              ro code     0x2'41c8     0xea  on-off.o [25]
      .text              ro code     0x2'42b2     0x5a  service-discovery-soc.o [32]
      .text              ro code     0x2'430c      0x2  af-security-common.o [32]
      .text              ro code     0x2'430e      0x4  sim-eeprom2-to-nvm3-upgrade-stub.o [55]
      .text              ro code     0x2'4314   0x1c98  nvm3.o [47]
      .text              ro code     0x2'5fac     0x1c  em_rmu.o [14]
      .text              ro code     0x2'5fc8    0x538  core-cli.o [32]
      .text              ro code     0x2'6500     0x18  sl_se_management.o [19]
      .text              ro code     0x2'6518     0xec  em_se.o [14]
      Veneer             ro code     0x2'6604      0x8  - Linker created -
      .text              ro code     0x2'660c     0x68  flash.o [45]
      .text              ro code     0x2'6674      0x4  cbke-crypto-engine-dsa-sign-stub.o [36]
      .text              ro code     0x2'6678    0x280  sl_hfxo_manager_hal_s2.o [16]
      .text              ro code     0x2'68f8    0x430  dmadrv.o [13]
      .text              ro code     0x2'6d28     0xd0  gpiointerrupt.o [13]
      .text              ro code     0x2'6df8     0x4c  em_core.o [14]
      .text              ro code     0x2'6e44      0x4  faults-v7m.o [11]
      .text              ro code     0x2'6e48    0x156  button.o [11]
      .text              ro code     0x2'6fa0     0x48  FltToDbl.o [49]
      .text              ro code     0x2'6fe8    0x17a  DblAdd.o [49]
      .text              ro code     0x2'7164     0x3a  DblToS32.o [49]
      .text              ro code     0x2'719e      0x2  sl_power_manager_debug.o [15]
      .text              ro code     0x2'71a0   0x1944  rail_rf_hal.o [48]
      .text              ro code     0x2'8ae4     0x28  rfhal_module.o [48]
      .text              ro code     0x2'8b0c     0x20  rail_assert.o [48]
      .text              ro code     0x2'8b2c     0xc8  rfhal_antenna.o [48]
      .text              ro code     0x2'8bf4    0x210  rail_ieee802154_rf_hal.o [48]
      .text              ro code     0x2'8e04     0xd4  rfhal_ircal.o [48]
      .text              ro code     0x2'8ed8    0x2ee  tmrdrv.o [48]
      .text              ro code     0x2'91c8    0x1a4  ccm-star.o [5]
      .text              ro code     0x2'936c    0x1cc  zdo-binding-table.o [33]
      .text              ro code     0x2'9538    0x3f0  zdo-channel.o [57]
      .text              ro code     0x2'9928    0x114  se_aes.o [19]
      .text              ro code     0x2'9a3c    0x242  nvm3_page.o [47]
      .text              ro code     0x2'9c80    0x1ba  nvm3_object.o [47]
      .text              ro code     0x2'9e3c    0x274  nvm3_cache.o [47]
      .text              ro code     0x2'a0b0     0x3e  nvm3_utils.o [47]
      .text              ro code     0x2'a0f0     0x10  nvm3_lock.o [23]
      .text              ro code     0x2'a100      0xc  nvm3_lock.o [23]
      .text              ro code     0x2'a10c      0x2  nvm3_lock.o [23]
      .text              ro code     0x2'a110      0xc  sl_se_manager.o [19]
      .text              ro code     0x2'a11c     0x30  em_msc.o [14]
      .text              ro code     0x2'a14c    0x184  em_ldma.o [14]
      .text              ro code     0x2'a2d0     0xd2  DblSub.o [49]
      .text              ro code     0x2'a3a4    0x270  rfhal_timings.o [48]
      .text              ro code     0x2'a614     0x12  rail_ble_rf_hal.o [48]
      .text              ro code     0x2'a628    0x61c  rfhal_radio.o [48]
      .text              ro code     0x2'ac44   0x1118  generic_phy.o [48]
      .text              ro code     0x2'bd5c    0x72c  rfhal_pa.o [48]
      .text              ro code     0x2'c488    0x690  rfhal_bufc.o [48]
      .text              ro code     0x2'cb18    0x56e  rfhal_protimer.o [48]
      .text              ro code     0x2'd088     0x34  rfhal_tempcal.o [48]
      .text              ro code     0x2'd0bc    0x3b4  rfhal_synth.o [48]
      .text              ro code     0x2'd470    0x124  rfhal_rand.o [48]
      .text              ro code     0x2'd594    0x180  rfhal_rtccsync.o [48]
      .text              ro code     0x2'd714     0x28  tmrdrv_config.o [48]
      .text              ro code     0x2'd73c     0x54  seq_globals.o [48]
      .text              ro code     0x2'd790      0x4  rail_mfm_rf_hal.o [48]
      .text              ro code     0x2'd794     0xf8  rfhal_pti.o [48]
      .text              ro code     0x2'd88c    0x344  network-cli.o [32]
      .text              ro code     0x2'dbd0    0x358  option-cli.o [32]
      .text              ro code     0x2'df28    0x388  security-cli.o [32]
      .text              ro code     0x2'e2b0    0xb3a  zcl-cli.o [32]
      .text              ro code     0x2'edec    0x566  zdo-cli.o [32]
      Veneer             ro code     0x2'f354      0x8  - Linker created -
      .text              ro code     0x2'f35c     0xf4  nvm3_hal_flash.o [24]
      .text              ro code     0x2'f450    0x1f8  network-steering-cli.o [22]
      .text              ro code     0x2'f648     0xe4  network-creator-security-cli.o [21]
      .text              ro code     0x2'f72c    0x16c  network-creator-cli.o [20]
      .text              ro code     0x2'f898     0xd0  interpan-cli.o [18]
      .text              ro code     0x2'f968      0x4  faults-v7m.o [11]
      .text              ro code     0x2'f96c      0x4  faults-v7m.o [11]
      .text              ro code     0x2'f970      0x4  faults-v7m.o [11]
      .text              ro code     0x2'f974      0x4  faults-v7m.o [11]
      .text              ro code     0x2'f978      0x4  faults-v7m.o [11]
      .text              ro code     0x2'f97c      0x4  isr-stubs.o [11]
      .text              ro code     0x2'f980     0xc0  counters-cli.o [8]
      .text              ro code     0x2'fa40    0x14c  concentrator-support-cli.o [7]
      .text              ro code     0x2'fb8c     0xac  library.o [1]
      .text              ro code     0x2'fc38     0x22  fpinit_M.o [49]
      .text              ro code     0x2'fc5c     0x1e  cmain.o [53]
      .text              ro code     0x2'fc7a      0x4  low_level_init.o [42]
      .text              ro code     0x2'fc80     0x28  data_init.o [53]
      .text              ro code     0x2'fca8     0x16  simple-main.o [29]
      .text              ro code     0x2'fcbe      0x4  exit.o [42]
      .text              ro code     0x2'fcc2      0x4  sl_mbedtls.o [19]
      .text              ro code     0x2'fcc8      0xa  cexit.o [53]
      .text              ro code     0x2'fcd4      0xc  XXexit.o [53]
      .text              ro code     0x2'fce0     0x10  update-tc-link-key-cli.o [31]
      .text              ro code     0x2'fcf0     0x3c  znet-cli.o [1]
      .text              ro code     0x2'fd2c      0xe  startup_efr32mg21.o [45]
      .text              ro code     0x2'fd3a      0xc  cstartup_M.o [53]
    .rodata              const       0x2'fd48     0x20  af-event.o [32]
    .rodata              const       0x2'fd68     0x20  af-event.o [32]
    .rodata              const       0x2'fd88     0x20  af-event.o [32]
    .rodata              const       0x2'fda8     0x20  af-event.o [32]
    .rodata              const       0x2'fdc8     0x20  af-event.o [32]
    .rodata              const       0x2'fde8     0x24  af-event.o [32]
    .rodata              const       0x2'fe0c     0x28  af-event.o [32]
    .rodata              const       0x2'fe34     0x30  af-event.o [32]
    .rodata              const       0x2'fe64     0x10  af-event.o [32]
    .rodata              const       0x2'fe74     0x34  af-event.o [32]
    .rodata              const       0x2'fea8     0x20  af-event.o [32]
    .rodata              const       0x2'fec8      0xc  af-main-common.o [32]
    .rodata              const       0x2'fed4      0x8  af-main-common.o [32]
    .rodata              const       0x2'fedc      0x8  af-main-common.o [32]
    .rodata              const       0x2'fee4      0x8  af-main-common.o [32]
    .rodata              const       0x2'feec      0x8  af-main-common.o [32]
    .rodata              const       0x2'fef4      0x8  af-main-common.o [32]
    .rodata              const       0x2'fefc      0x8  af-main-common.o [32]
    .rodata              const       0x2'ff04      0x4  af-main-common.o [32]
    .rodata              const       0x2'ff08      0x8  af-main-common.o [32]
    .rodata              const       0x2'ff10      0x8  af-main-common.o [32]
    .rodata              const       0x2'ff18     0x10  af-main-common.o [32]
    .rodata              const       0x2'ff28      0x8  af-main-common.o [32]
    .rodata              const       0x2'ff30      0x4  af-main-common.o [32]
    .rodata              const       0x2'ff34     0x3c  af-main-common.o [32]
    .rodata              const       0x2'ff70     0x18  af-main-common.o [32]
    .rodata              const       0x2'ff88     0x28  af-main-common.o [32]
    .rodata              const       0x2'ffb0     0x14  af-main-common.o [32]
    .rodata              const       0x2'ffc4      0x8  af-main-common.o [32]
    .rodata              const       0x2'ffcc      0x8  af-main-common.o [32]
    .rodata              const       0x2'ffd4     0x10  af-main-common.o [32]
    .rodata              const       0x2'ffe4     0x28  af-main-common.o [32]
    .rodata              const       0x3'000c     0x18  af-main-common.o [32]
    .rodata              const       0x3'0024     0x1c  af-main-common.o [32]
    .rodata              const       0x3'0040     0x24  af-main-common.o [32]
    .rodata              const       0x3'0064      0x8  af-main-common.o [32]
    .rodata              const       0x3'006c     0x14  af-main-common.o [32]
    .rodata              const       0x3'0080     0x34  af-main-common.o [32]
    .rodata              const       0x3'00b4     0x30  af-main-common.o [32]
    .rodata              const       0x3'00e4     0x14  af-main-common.o [32]
    .rodata              const       0x3'00f8      0x8  af-main-common.o [32]
    .rodata              const       0x3'0100      0x8  af-main-common.o [32]
    .rodata              const       0x3'0108      0xc  af-main-common.o [32]
    .rodata              const       0x3'0114      0x8  af-main-common.o [32]
    .rodata              const       0x3'011c     0x10  af-main-common.o [32]
    .rodata              const       0x3'012c      0x8  af-main-common.o [32]
    .rodata              const       0x3'0134      0xc  af-main-common.o [32]
    .rodata              const       0x3'0140     0x20  af-main-common.o [32]
    .rodata              const       0x3'0160      0xc  af-main-common.o [32]
    .rodata              const       0x3'016c      0xc  af-main-common.o [32]
    .rodata              const       0x3'0178      0x8  af-main-common.o [32]
    .rodata              const       0x3'0180     0x20  af-main-common.o [32]
    .rodata              const       0x3'01a0     0x18  af-main-common.o [32]
    .rodata              const       0x3'01b8     0x18  af-main-common.o [32]
    .rodata              const       0x3'01d0     0x30  af-main-common.o [32]
    .rodata              const       0x3'0200     0x20  af-main-common.o [32]
    .rodata              const       0x3'0220     0x1c  af-main-common.o [32]
    .rodata              const       0x3'023c      0x8  af-main-common.o [32]
    .rodata              const       0x3'0244      0x8  af-main-common.o [32]
    .rodata              const       0x3'024c     0x18  af-main-common.o [32]
    .rodata              const       0x3'0264     0x10  af-main-common.o [32]
    .rodata              const       0x3'0274     0x48  af-main-common.o [32]
    .rodata              const       0x3'02bc     0x18  af-main-soc.o [32]
    .rodata              const       0x3'02d4     0x20  af-main-soc.o [32]
    .rodata              const       0x3'02f4     0x14  af-main-soc.o [32]
    .rodata              const       0x3'0308      0x8  af-main-soc.o [32]
    .rodata              const       0x3'0310     0x10  af-main-soc.o [32]
    .rodata              const       0x3'0320      0xc  af-main-soc.o [32]
    .rodata              const       0x3'032c     0x10  af-main-soc.o [32]
    .rodata              const       0x3'033c      0xc  af-main-soc.o [32]
    .rodata              const       0x3'0348      0xc  af-main-soc.o [32]
    .rodata              const       0x3'0354     0x18  af-main-soc.o [32]
    .rodata              const       0x3'036c     0x18  af-main-soc.o [32]
    .rodata              const       0x3'0384      0x4  af-trust-center.o [32]
    .rodata              const       0x3'0388     0x30  attribute-size.o [32]
    .rodata              const       0x3'03b8      0x4  attribute-storage.o [32]
    .rodata              const       0x3'03bc     0x10  attribute-storage.o [32]
    .rodata              const       0x3'03cc      0x4  attribute-storage.o [32]
    .rodata              const       0x3'03d0     0x54  attribute-storage.o [32]
    .rodata              const       0x3'0424     0x50  attribute-storage.o [32]
    .rodata              const       0x3'0474      0x8  attribute-storage.o [32]
    .rodata              const       0x3'047c      0x4  attribute-storage.o [32]
    .rodata              const       0x3'0480      0x4  attribute-storage.o [32]
    .rodata              const       0x3'0484     0x10  core-cli.o [32]
    .rodata              const       0x3'0494     0x10  core-cli.o [32]
    .rodata              const       0x3'04a4     0x1c  core-cli.o [32]
    .rodata              const       0x3'04c0      0x8  core-cli.o [32]
    .rodata              const       0x3'04c8     0x18  core-cli.o [32]
    .rodata              const       0x3'04e0     0x18  core-cli.o [32]
    .rodata              const       0x3'04f8      0x8  core-cli.o [32]
    .rodata              const       0x3'0500     0x20  core-cli.o [32]
    .rodata              const       0x3'0520      0xc  core-cli.o [32]
    .rodata              const       0x3'052c      0xc  core-cli.o [32]
    .rodata              const       0x3'0538     0x20  core-cli.o [32]
    .rodata              const       0x3'0558      0xc  core-cli.o [32]
    .rodata              const       0x3'0564     0x24  core-cli.o [32]
    .rodata              const       0x3'0588      0xc  core-cli.o [32]
    .rodata              const       0x3'0594      0x8  core-cli.o [32]
    .rodata              const       0x3'059c      0x8  core-cli.o [32]
    .rodata              const       0x3'05a4     0x10  core-cli.o [32]
    .rodata              const       0x3'05b4      0xc  core-cli.o [32]
    .rodata              const       0x3'05c0     0x14  core-cli.o [32]
    .rodata              const       0x3'05d4      0xc  core-cli.o [32]
    .rodata              const       0x3'05e0     0x20  core-cli.o [32]
    .rodata              const       0x3'0600      0x8  core-cli.o [32]
    .rodata              const       0x3'0608      0xc  core-cli.o [32]
    .rodata              const       0x3'0614     0x34  core-cli.o [32]
    .rodata              const       0x3'0648     0x18  core-cli.o [32]
    .rodata              const       0x3'0660      0xc  core-cli.o [32]
    .rodata              const       0x3'066c      0xc  core-cli.o [32]
    .rodata              const       0x3'0678     0x10  core-cli.o [32]
    .rodata              const       0x3'0688      0xc  core-cli.o [32]
    .rodata              const       0x3'0694      0xc  core-cli.o [32]
    .rodata              const       0x3'06a0     0x14  core-cli.o [32]
    .rodata              const       0x3'06b4     0x1c  core-cli.o [32]
    .rodata              const       0x3'06d0      0x8  core-cli.o [32]
    .rodata              const       0x3'06d8      0xc  core-cli.o [32]
    .rodata              const       0x3'06e4      0x8  core-cli.o [32]
    .rodata              const       0x3'06ec     0x20  core-cli.o [32]
    .rodata              const       0x3'070c      0x8  core-cli.o [32]
    .rodata              const       0x3'0714     0x10  core-cli.o [32]
    .rodata              const       0x3'0724     0x10  core-cli.o [32]
    .rodata              const       0x3'0734      0x8  core-cli.o [32]
    .rodata              const       0x3'073c      0xc  core-cli.o [32]
    .rodata              const       0x3'0748      0x8  core-cli.o [32]
    .rodata              const       0x3'0750      0xc  core-cli.o [32]
    .rodata              const       0x3'075c     0x1c  core-cli.o [32]
    .rodata              const       0x3'0778      0x4  core-cli.o [32]
    .rodata              const       0x3'077c     0x18  message.o [32]
    .rodata              const       0x3'0794      0x8  network-cli.o [32]
    .rodata              const       0x3'079c      0x8  network-cli.o [32]
    .rodata              const       0x3'07a4      0x8  network-cli.o [32]
    .rodata              const       0x3'07ac     0x18  network-cli.o [32]
    .rodata              const       0x3'07c4      0x8  network-cli.o [32]
    .rodata              const       0x3'07cc     0x10  network-cli.o [32]
    .rodata              const       0x3'07dc      0x8  network-cli.o [32]
    .rodata              const       0x3'07e4     0x14  network-cli.o [32]
    .rodata              const       0x3'07f8      0xc  network-cli.o [32]
    .rodata              const       0x3'0804     0x14  network-cli.o [32]
    .rodata              const       0x3'0818     0x14  network-cli.o [32]
    .rodata              const       0x3'082c     0x20  network-cli.o [32]
    .rodata              const       0x3'084c     0x1c  network-cli.o [32]
    .rodata              const       0x3'0868     0x18  network-cli.o [32]
    .rodata              const       0x3'0880     0x1c  network-cli.o [32]
    .rodata              const       0x3'089c     0x10  network-cli.o [32]
    .rodata              const       0x3'08ac     0x1c  network-cli.o [32]
    .rodata              const       0x3'08c8     0x18  network-cli.o [32]
    .rodata              const       0x3'08e0      0x8  network-cli.o [32]
    .rodata              const       0x3'08e8     0x14  network-cli.o [32]
    .rodata              const       0x3'08fc     0x14  network-cli.o [32]
    .rodata              const       0x3'0910      0x8  network-cli.o [32]
    .rodata              const       0x3'0918     0x1c  network-cli.o [32]
    .rodata              const       0x3'0934     0x20  network-cli.o [32]
    .rodata              const       0x3'0954     0x30  network-cli.o [32]
    .rodata              const       0x3'0984     0x30  network-cli.o [32]
    .rodata              const       0x3'09b4     0x1c  option-cli.o [32]
    .rodata              const       0x3'09d0      0xc  option-cli.o [32]
    .rodata              const       0x3'09dc     0x1c  option-cli.o [32]
    .rodata              const       0x3'09f8     0x18  option-cli.o [32]
    .rodata              const       0x3'0a10     0x14  option-cli.o [32]
    .rodata              const       0x3'0a24      0xc  option-cli.o [32]
    .rodata              const       0x3'0a30      0x8  option-cli.o [32]
    .rodata              const       0x3'0a38      0x8  option-cli.o [32]
    .rodata              const       0x3'0a40      0x8  option-cli.o [32]
    .rodata              const       0x3'0a48      0x8  option-cli.o [32]
    .rodata              const       0x3'0a50      0x8  option-cli.o [32]
    .rodata              const       0x3'0a58      0x8  option-cli.o [32]
    .rodata              const       0x3'0a60      0x8  option-cli.o [32]
    .rodata              const       0x3'0a68     0x30  option-cli.o [32]
    .rodata              const       0x3'0a98      0x8  option-cli.o [32]
    .rodata              const       0x3'0aa0     0x24  option-cli.o [32]
    .rodata              const       0x3'0ac4     0x20  option-cli.o [32]
    .rodata              const       0x3'0ae4     0x18  option-cli.o [32]
    .rodata              const       0x3'0afc     0x10  option-cli.o [32]
    .rodata              const       0x3'0b0c     0x24  option-cli.o [32]
    .rodata              const       0x3'0b30     0x3c  option-cli.o [32]
    .rodata              const       0x3'0b6c     0x20  option-cli.o [32]
    .rodata              const       0x3'0b8c     0x18  option-cli.o [32]
    .rodata              const       0x3'0ba4     0x14  option-cli.o [32]
    .rodata              const       0x3'0bb8     0x14  option-cli.o [32]
    .rodata              const       0x3'0bcc     0x18  print-formatter.o [32]
    .rodata              const       0x3'0be4      0x8  print.o [32]
    .rodata              const       0x3'0bec      0x8  print.o [32]
    .rodata              const       0x3'0bf4      0xc  print.o [32]
    .rodata              const       0x3'0c00     0x1c  print.o [32]
    .rodata              const       0x3'0c1c     0x10  print.o [32]
    .rodata              const       0x3'0c2c     0x2c  process-cluster-message.o [32]
    .rodata              const       0x3'0c58      0x8  process-cluster-message.o [32]
    .rodata              const       0x3'0c60      0xc  process-global-message.o [32]
    .rodata              const       0x3'0c6c     0x1c  process-global-message.o [32]
    .rodata              const       0x3'0c88      0x8  process-global-message.o [32]
    .rodata              const       0x3'0c90     0x18  process-global-message.o [32]
    .rodata              const       0x3'0ca8     0x18  security-cli.o [32]
    .rodata              const       0x3'0cc0      0x8  security-cli.o [32]
    .rodata              const       0x3'0cc8      0x8  security-cli.o [32]
    .rodata              const       0x3'0cd0     0x38  security-cli.o [32]
    .rodata              const       0x3'0d08     0x10  security-cli.o [32]
    .rodata              const       0x3'0d18      0x8  security-cli.o [32]
    .rodata              const       0x3'0d20     0x14  security-cli.o [32]
    .rodata              const       0x3'0d34      0x8  security-cli.o [32]
    .rodata              const       0x3'0d3c      0xc  security-cli.o [32]
    .rodata              const       0x3'0d48      0x8  security-cli.o [32]
    .rodata              const       0x3'0d50      0xc  security-cli.o [32]
    .rodata              const       0x3'0d5c     0x14  security-cli.o [32]
    .rodata              const       0x3'0d70     0x10  security-cli.o [32]
    .rodata              const       0x3'0d80     0x28  security-cli.o [32]
    .rodata              const       0x3'0da8     0x38  security-cli.o [32]
    .rodata              const       0x3'0de0      0x8  security-cli.o [32]
    .rodata              const       0x3'0de8      0x8  security-cli.o [32]
    .rodata              const       0x3'0df0      0x8  security-cli.o [32]
    .rodata              const       0x3'0df8     0x10  security-cli.o [32]
    .rodata              const       0x3'0e08     0x48  security-cli.o [32]
    .rodata              const       0x3'0e50      0xc  security-cli.o [32]
    .rodata              const       0x3'0e5c      0x8  security-cli.o [32]
    .rodata              const       0x3'0e64      0xc  security-cli.o [32]
    .rodata              const       0x3'0e70     0x44  security-cli.o [32]
    .rodata              const       0x3'0eb4      0x8  security-cli.o [32]
    .rodata              const       0x3'0ebc      0xc  security-cli.o [32]
    .rodata              const       0x3'0ec8     0x50  security-cli.o [32]
    .rodata              const       0x3'0f18     0x24  time-util.o [32]
    .rodata              const       0x3'0f3c      0xc  time-util.o [32]
    .rodata              const       0x3'0f48      0x8  util.o [32]
    .rodata              const       0x3'0f50      0x8  util.o [32]
    .rodata              const       0x3'0f58     0x18  util.o [32]
    .rodata              const       0x3'0f70      0x8  util.o [32]
    .rodata              const       0x3'0f78      0x8  util.o [32]
    .rodata              const       0x3'0f80     0x20  util.o [32]
    .rodata              const       0x3'0fa0      0xc  util.o [32]
    .rodata              const       0x3'0fac     0x20  util.o [32]
    .rodata              const       0x3'0fcc     0x20  util.o [32]
    .rodata              const       0x3'0fec     0x1c  util.o [32]
    .rodata              const       0x3'1008      0x8  util.o [32]
    .rodata              const       0x3'1010     0x28  util.o [32]
    .rodata              const       0x3'1038      0x8  util.o [32]
    .rodata              const       0x3'1040      0x8  util.o [32]
    .rodata              const       0x3'1048      0x8  util.o [32]
    .rodata              const       0x3'1050      0x8  util.o [32]
    .rodata              const       0x3'1058     0x1c  util.o [32]
    .rodata              const       0x3'1074      0x8  util.o [32]
    .rodata              const       0x3'107c     0x1c  util.o [32]
    .rodata              const       0x3'1098     0x28  util.o [32]
    .rodata              const       0x3'10c0     0x28  util.o [32]
    .rodata              const       0x3'10e8      0x8  util.o [32]
    .rodata              const       0x3'10f0     0x28  util.o [32]
    .rodata              const       0x3'1118     0x1c  util.o [32]
    .rodata              const       0x3'1134      0x8  util.o [32]
    .rodata              const       0x3'113c     0x10  util.o [32]
    .rodata              const       0x3'114c     0x10  util.o [32]
    .rodata              const       0x3'115c     0x18  util.o [32]
    .rodata              const       0x3'1174     0x20  util.o [32]
    .rodata              const       0x3'1194     0x14  util.o [32]
    .rodata              const       0x3'11a8     0x24  zcl-cli.o [32]
    .rodata              const       0x3'11cc      0xc  zcl-cli.o [32]
    .rodata              const       0x3'11d8     0x44  zcl-cli.o [32]
    .rodata              const       0x3'121c     0x28  zcl-cli.o [32]
    .rodata              const       0x3'1244     0x34  zcl-cli.o [32]
    .rodata              const       0x3'1278     0x30  zcl-cli.o [32]
    .rodata              const       0x3'12a8      0x8  zcl-cli.o [32]
    .rodata              const       0x3'12b0     0x28  zcl-cli.o [32]
    .rodata              const       0x3'12d8     0x1c  zcl-cli.o [32]
    .rodata              const       0x3'12f4     0x10  zcl-cli.o [32]
    .rodata              const       0x3'1304     0x10  zcl-cli.o [32]
    .rodata              const       0x3'1314     0x10  zcl-cli.o [32]
    .rodata              const       0x3'1324     0x14  zcl-cli.o [32]
    .rodata              const       0x3'1338     0x1c  zcl-cli.o [32]
    .rodata              const       0x3'1354     0x14  zcl-cli.o [32]
    .rodata              const       0x3'1368     0x10  zcl-cli.o [32]
    .rodata              const       0x3'1378      0x8  zcl-cli.o [32]
    .rodata              const       0x3'1380      0x8  zcl-cli.o [32]
    .rodata              const       0x3'1388     0x14  zcl-cli.o [32]
    .rodata              const       0x3'139c     0x10  zcl-cli.o [32]
    .rodata              const       0x3'13ac     0x24  zcl-cli.o [32]
    .rodata              const       0x3'13d0      0x8  zcl-cli.o [32]
    .rodata              const       0x3'13d8      0xc  zcl-cli.o [32]
    .rodata              const       0x3'13e4     0x10  zcl-cli.o [32]
    .rodata              const       0x3'13f4      0x8  zcl-cli.o [32]
    .rodata              const       0x3'13fc      0x8  zcl-cli.o [32]
    .rodata              const       0x3'1404     0x18  zcl-cli.o [32]
    .rodata              const       0x3'141c     0x18  zcl-cli.o [32]
    .rodata              const       0x3'1434      0x8  zcl-cli.o [32]
    .rodata              const       0x3'143c     0x18  zcl-cli.o [32]
    .rodata              const       0x3'1454      0x8  zcl-cli.o [32]
    .rodata              const       0x3'145c     0x18  zdo-cli.o [32]
    .rodata              const       0x3'1474     0x18  zdo-cli.o [32]
    .rodata              const       0x3'148c     0x18  zdo-cli.o [32]
    .rodata              const       0x3'14a4     0x40  zdo-cli.o [32]
    .rodata              const       0x3'14e4     0x30  zdo-cli.o [32]
    .rodata              const       0x3'1514     0x10  zdo-cli.o [32]
    .rodata              const       0x3'1524     0x18  zdo-cli.o [32]
    .rodata              const       0x3'153c     0x20  zdo-cli.o [32]
    .rodata              const       0x3'155c     0x1c  zdo-cli.o [32]
    .rodata              const       0x3'1578     0x20  zdo-cli.o [32]
    .rodata              const       0x3'1598     0x20  zdo-cli.o [32]
    .rodata              const       0x3'15b8     0x14  zdo-cli.o [32]
    .rodata              const       0x3'15cc     0x20  zdo-cli.o [32]
    .rodata              const       0x3'15ec     0x20  zdo-cli.o [32]
    .rodata              const       0x3'160c     0x18  zdo-cli.o [32]
    .rodata              const       0x3'1624     0x1c  zdo-cli.o [32]
    .rodata              const       0x3'1640     0x10  zdo-cli.o [32]
    .rodata              const       0x3'1650      0xc  zdo-cli.o [32]
    .rodata              const       0x3'165c     0x18  zdo-cli.o [32]
    .rodata              const       0x3'1674     0x14  zdo-cli.o [32]
    .rodata              const       0x3'1688      0x8  zdo-cli.o [32]
    .rodata              const       0x3'1690      0x8  zdo-cli.o [32]
    .rodata              const       0x3'1698     0x34  zdo-cli.o [32]
    .rodata              const       0x3'16cc     0x14  zdo-cli.o [32]
    .rodata              const       0x3'16e0     0x14  update-tc-link-key.o [31]
    .rodata              const       0x3'16f4     0x18  update-tc-link-key.o [31]
    .rodata              const       0x3'170c      0x8  update-tc-link-key.o [31]
    .rodata              const       0x3'1714      0x8  update-tc-link-key.o [31]
    .rodata              const       0x3'171c      0xc  update-tc-link-key.o [31]
    .rodata              const       0x3'1728     0x10  update-tc-link-key.o [31]
    .rodata              const       0x3'1738     0x30  update-tc-link-key.o [31]
    .rodata              const       0x3'1768     0x28  serial.o [28]
    .rodata              const       0x3'1790     0x24  serial.o [28]
    .rodata              const       0x3'17b4      0x8  com.o [27]
    .rodata              const       0x3'17bc     0x1c  nvm3_hal_flash.o [24]
    .rodata              const       0x3'17d8      0x4  nvm3_lock.o [23]
    .rodata              const       0x3'17dc     0x18  network-steering-cli.o [22]
    .rodata              const       0x3'17f4     0x14  network-steering-cli.o [22]
    .rodata              const       0x3'1808      0x8  network-steering-cli.o [22]
    .rodata              const       0x3'1810      0xc  network-steering-cli.o [22]
    .rodata              const       0x3'181c     0x14  network-steering-cli.o [22]
    .rodata              const       0x3'1830     0x1c  network-steering-cli.o [22]
    .rodata              const       0x3'184c      0x8  network-steering-cli.o [22]
    .rodata              const       0x3'1854      0xc  network-steering-cli.o [22]
    .rodata              const       0x3'1860      0x8  network-steering-cli.o [22]
    .rodata              const       0x3'1868      0x8  network-steering-cli.o [22]
    .rodata              const       0x3'1870     0x10  network-steering-cli.o [22]
    .rodata              const       0x3'1880     0x10  network-steering-cli.o [22]
    .rodata              const       0x3'1890     0x10  network-steering-cli.o [22]
    .rodata              const       0x3'18a0     0x14  network-steering-cli.o [22]
    .rodata              const       0x3'18b4     0x14  network-steering-cli.o [22]
    .rodata              const       0x3'18c8     0x14  network-steering-cli.o [22]
    .rodata              const       0x3'18dc     0x14  network-steering-cli.o [22]
    .rodata              const       0x3'18f0     0x14  network-steering-cli.o [22]
    .rodata              const       0x3'1904     0x10  network-steering-cli.o [22]
    .rodata              const       0x3'1914      0x8  network-steering-cli.o [22]
    .rodata              const       0x3'191c     0xa0  network-steering-cli.o [22]
    .rodata              const       0x3'19bc      0x8  network-steering-v2.o [22]
    .rodata              const       0x3'19c4     0x2c  network-steering-v2.o [22]
    .rodata              const       0x3'19f0     0x30  network-steering-v2.o [22]
    .rodata              const       0x3'1a20     0x30  network-steering-v2.o [22]
    .rodata              const       0x3'1a50     0x30  network-steering-v2.o [22]
    .rodata              const       0x3'1a80     0x30  network-steering-v2.o [22]
    .rodata              const       0x3'1ab0     0x30  network-steering-v2.o [22]
    .rodata              const       0x3'1ae0     0x50  network-steering-v2.o [22]
    .rodata              const       0x3'1b30     0x54  network-steering-v2.o [22]
    .rodata              const       0x3'1b84     0x30  network-steering-v2.o [22]
    .rodata              const       0x3'1bb4     0x70  network-steering-v2.o [22]
    .rodata              const       0x3'1c24     0x38  network-steering-v2.o [22]
    .rodata              const       0x3'1c5c     0x20  network-steering-v2.o [22]
    .rodata              const       0x3'1c7c     0x28  network-steering-v2.o [22]
    .rodata              const       0x3'1ca4     0x18  network-steering-v2.o [22]
    .rodata              const       0x3'1cbc     0x14  network-steering-v2.o [22]
    .rodata              const       0x3'1cd0     0x18  network-steering-v2.o [22]
    .rodata              const       0x3'1ce8     0x30  network-steering-v2.o [22]
    .rodata              const       0x3'1d18      0x8  network-steering-v2.o [22]
    .rodata              const       0x3'1d20      0xc  network-steering-v2.o [22]
    .rodata              const       0x3'1d2c     0x2c  network-steering-v2.o [22]
    .rodata              const       0x3'1d58     0x24  network-steering-v2.o [22]
    .rodata              const       0x3'1d7c     0x18  network-steering-v2.o [22]
    .rodata              const       0x3'1d94     0x10  network-steering-v2.o [22]
    .rodata              const       0x3'1da4     0x2c  network-steering-v2.o [22]
    .rodata              const       0x3'1dd0     0x54  network-steering-v2.o [22]
    .rodata              const       0x3'1e24     0x50  network-steering-v2.o [22]
    .rodata              const       0x3'1e74      0x8  network-steering-v2.o [22]
    .rodata              const       0x3'1e7c     0x10  network-steering-v2.o [22]
    .rodata              const       0x3'1e8c      0x8  network-steering-v2.o [22]
    .rodata              const       0x3'1e94      0x8  network-steering-v2.o [22]
    .rodata              const       0x3'1e9c     0x2c  network-steering-v2.o [22]
    .rodata              const       0x3'1ec8     0x1c  network-steering-v2.o [22]
    .rodata              const       0x3'1ee4     0x24  network-steering-v2.o [22]
    .rodata              const       0x3'1f08     0x10  network-steering-v2.o [22]
    .rodata              const       0x3'1f18     0x10  network-steering-v2.o [22]
    .rodata              const       0x3'1f28     0x10  network-steering-v2.o [22]
    .rodata              const       0x3'1f38     0x10  network-creator-security-cli.o [21]
    .rodata              const       0x3'1f48     0x18  network-creator-security-cli.o [21]
    .rodata              const       0x3'1f60     0x18  network-creator-security-cli.o [21]
    .rodata              const       0x3'1f78     0x18  network-creator-security-cli.o [21]
    .rodata              const       0x3'1f90     0x18  network-creator-security-cli.o [21]
    .rodata              const       0x3'1fa8      0x8  network-creator-security-cli.o [21]
    .rodata              const       0x3'1fb0      0x8  network-creator-security-cli.o [21]
    .rodata              const       0x3'1fb8     0x18  network-creator-security-cli.o [21]
    .rodata              const       0x3'1fd0     0x38  network-creator-security.o [21]
    .rodata              const       0x3'2008     0x18  network-creator-security.o [21]
    .rodata              const       0x3'2020     0x10  network-creator-security.o [21]
    .rodata              const       0x3'2030      0x8  network-creator-security.o [21]
    .rodata              const       0x3'2038      0x8  network-creator-security.o [21]
    .rodata              const       0x3'2040     0x10  network-creator-security.o [21]
    .rodata              const       0x3'2050     0x10  network-creator-security.o [21]
    .rodata              const       0x3'2060     0x10  network-creator-cli.o [20]
    .rodata              const       0x3'2070      0xc  network-creator-cli.o [20]
    .rodata              const       0x3'207c      0x8  network-creator-cli.o [20]
    .rodata              const       0x3'2084     0x1c  network-creator-cli.o [20]
    .rodata              const       0x3'20a0     0x20  network-creator-cli.o [20]
    .rodata              const       0x3'20c0      0x8  network-creator-cli.o [20]
    .rodata              const       0x3'20c8      0xc  network-creator-cli.o [20]
    .rodata              const       0x3'20d4      0x8  network-creator-cli.o [20]
    .rodata              const       0x3'20dc     0x10  network-creator-cli.o [20]
    .rodata              const       0x3'20ec     0x14  network-creator-cli.o [20]
    .rodata              const       0x3'2100     0x10  network-creator.o [20]
    .rodata              const       0x3'2110      0xc  network-creator.o [20]
    .rodata              const       0x3'211c     0x14  network-creator.o [20]
    .rodata              const       0x3'2130     0x28  network-creator.o [20]
    .rodata              const       0x3'2158     0x24  network-creator.o [20]
    .rodata              const       0x3'217c     0x24  network-creator.o [20]
    .rodata              const       0x3'21a0     0x10  network-creator.o [20]
    .rodata              const       0x3'21b0      0xc  se_aes.o [19]
    .rodata              const       0x3'21bc      0xc  se_aes.o [19]
    .rodata              const       0x3'21c8      0xc  se_aes.o [19]
    .rodata              const       0x3'21d4     0x28  interpan-cli.o [18]
    .rodata              const       0x3'21fc     0x18  interpan-cli.o [18]
    .rodata              const       0x3'2214      0xc  interpan-cli.o [18]
    .rodata              const       0x3'2220      0x8  interpan-cli.o [18]
    .rodata              const       0x3'2228      0x8  interpan-cli.o [18]
    .rodata              const       0x3'2230     0x30  interpan-cli.o [18]
    .rodata              const       0x3'2260     0x2c  interpan-soc.o [18]
    .rodata              const       0x3'228c      0xc  interpan-soc.o [18]
    .rodata              const       0x3'2298      0xc  interpan-soc.o [18]
    .rodata              const       0x3'22a4     0x1c  interpan-soc.o [18]
    .rodata              const       0x3'22c0     0x30  interpan.o [18]
    .rodata              const       0x3'22f0     0x20  interpan.o [18]
    .rodata              const       0x3'2310     0x10  interpan.o [18]
    .rodata              const       0x3'2320     0x1c  interpan.o [18]
    .rodata              const       0x3'233c     0x20  interpan.o [18]
    .rodata              const       0x3'235c     0x24  interpan.o [18]
    .rodata              const       0x3'2380     0x20  interpan.o [18]
    .rodata              const       0x3'23a0     0x20  interpan.o [18]
    .rodata              const       0x3'23c0     0x18  interpan.o [18]
    .rodata              const       0x3'23d8     0x3c  interpan.o [18]
    .rodata              const       0x3'2414     0x18  interpan.o [18]
    .rodata              const       0x3'242c      0x8  interpan.o [18]
    .rodata              const       0x3'2434      0x8  interpan.o [18]
    .rodata              const       0x3'243c      0x8  interpan.o [18]
    .rodata              const       0x3'2444     0x14  interpan.o [18]
    .rodata              const       0x3'2458     0x10  interpan.o [18]
    .rodata              const       0x3'2468     0x18  interpan.o [18]
    .rodata              const       0x3'2480     0x14  interpan.o [18]
    .rodata              const       0x3'2494     0x18  interpan.o [18]
    .rodata              const       0x3'24ac     0x14  interpan.o [18]
    .rodata              const       0x3'24c0     0x1c  interpan.o [18]
    .rodata              const       0x3'24dc      0x8  interpan.o [18]
    .rodata              const       0x3'24e4      0x8  interpan.o [18]
    .rodata              const       0x3'24ec     0x44  pa_curves_efr32.o [17]
    .rodata              const       0x3'2530     0x44  pa_curves_efr32.o [17]
    .rodata              const       0x3'2574     0x44  pa_curves_efr32.o [17]
    .rodata              const       0x3'25b8     0x20  pa_curves_efr32.o [17]
    .rodata              const       0x3'25d8     0x14  hal-config.o [15]
    .rodata              const       0x3'25ec     0x10  hal-config.o [15]
    .rodata              const       0x3'25fc     0x24  hal-config.o [15]
    .rodata              const       0x3'2620     0x20  em_se.o [14]
    .rodata              const       0x3'2640      0xc  em_se.o [14]
    .rodata              const       0x3'264c     0x10  dmadrv.o [13]
    .rodata              const       0x3'265c     0x10  dmadrv.o [13]
    .rodata              const       0x3'266c      0x4  dmadrv.o [13]
    .rodata              const       0x3'2670      0x8  sl_sleeptimer_hal_rtcc.o [13]
    .rodata              const       0x3'2678      0x8  sl_sleeptimer_hal_rtcc.o [13]
    .rodata              const       0x3'2680     0x1c  uartdrv.o [13]
    .rodata              const       0x3'269c     0x10  ustimer.o [13]
    .rodata              const       0x3'26ac     0x24  ember-printf.o [12]
    .rodata              const       0x3'26d0     0x14  assert-crash-handlers.o [11]
    .rodata              const       0x3'26e4     0x10  button.o [11]
    .rodata              const       0x3'26f4     0x20  cstartup-common.o [11]
    .rodata              const       0x3'2714     0x40  diagnostic.o [11]
    .rodata              const       0x3'2754     0x38  diagnostic.o [11]
    .rodata              const       0x3'278c     0x44  diagnostic.o [11]
[...]
                        0x2000'fe1b     0x1  Data  Gb  ember-configuration.o [1]
sourceRouteUpdateActiveEvent
                        0x2000'fe22     0x1  Data  Gb  ember-configuration.o [1]
sourceRouteUpdateConcentratorType
                        0x2000'fdb8     0x2  Data  Gb  ember-configuration.o [1]
sourceRouteUpdateDeliveryFailureCount
                        0x2000'fe20     0x1  Data  Gb  ember-configuration.o [1]
sourceRouteUpdateDeliveryFailureThreshold
                        0x2000'fe1d     0x1  Data  Gb  ember-configuration.o [1]
sourceRouteUpdateMaxHops
                        0x2000'fe1e     0x1  Data  Gb  ember-configuration.o [1]
sourceRouteUpdateMaxQS  0x2000'fdbc     0x2  Data  Gb  ember-configuration.o [1]
sourceRouteUpdateMinQS  0x2000'fdba     0x2  Data  Gb  ember-configuration.o [1]
sourceRouteUpdateNodeIdWithBrokenRoute
                        0x2000'fdbe     0x2  Data  Gb  ember-configuration.o [1]
sourceRouteUpdateRouteErrorCount
                        0x2000'fe1f     0x1  Data  Gb  ember-configuration.o [1]
sourceRouteUpdateRouteErrorThreshold
                        0x2000'fe1c     0x1  Data  Gb  ember-configuration.o [1]
sourceRouteUpdateSendAddressDiscoveryNextEvent
                        0x2000'fe21     0x1  Data  Gb  ember-configuration.o [1]
stackEvents             0x2000'c3dc    0xc8  Data  Gb  zigbee-stack.o [57]
stackTokenInfo             0x3'5a54    0x3c  Data  Lc  token-cache.o [57]
startNetworkOperation        0x35c1    0x6e  Code  Lc  association.o [57]
start_channel_scan         0x1'309d    0x7c  Code  Lc  scan.o [57]
stateFlags              0x2000'fdf6     0x1  Data  Lc  network-creator.o [20]
stateMachineRun            0x1'91b5    0x6e  Code  Lc  network-steering-v2.o [22]
states                  0x2000'ccf8    0x40  Data  Lc  service-discovery-common.o [32]
statesInitialized       0x2000'fddf     0x1  Data  Lc  service-discovery-common.o [32]
staticCmd                  0x3'1174    0x20  Data  Lc  util.o [32]
steeringState           0x2000'd8ac    0x1c  Data  Gb  network-steering-v2.o [22]
storeAndForwardDelayCount
                        0x2000'fa9c     0x1  Data  Lc  store-forward.o [57]
storeAndForwardSubmitCount
                        0x2000'fa9d     0x1  Data  Lc  store-forward.o [57]
storedKeysList          0x2000'f7bc     0x2  Data  Lc  aps-keys-transient.o [57]
storedNetworks          0x2000'fda4     0x2  Data  Lc  network-steering-soc.o [22]
strcmp                     0x1'f915          Code  Gb  strcmp.o [53]
stringToUnsignedInt        0x1'c493    0x7c  Code  Lc  command-interpreter2.o [1]
strlen                       0xc435          Code  Gb  strlen.o [53]
submitCount             0x2000'f839     0x1  Data  Lc  retry.o [57]
superRetriesIntervalForMacDataPoll
                        0x2000'f770     0x4  Data  Lc  network.o [57]
swoOutput                    0xb215    0xc8  Code  Lc  debug-jtag-efr32.o [10]
sysTickClkGet                0x98dd    0x38  Code  Lc  em_cmu.o [14]
systemTimerId           0x2000'f778    0x18  Data  Lc  system-timer.o [45]
tail                    0x2000'fdef     0x1  Data  Lc  scan-dispatch.o [26]
tempdrvHighCallbacks    0x2000'e194    0x28  Data  Lc  tempdrv.o [13]
tempdrvLowCallbacks     0x2000'e1bc    0x28  Data  Lc  tempdrv.o [13]
terminateScanRequest       0x2'9765    0x18  Code  Lc  zdo-channel.o [57]
testMessage             0x2000'd8f4   0x5dc  Data  Gb  interpan-cli.o [18]
thrHard                    0x2'432f    0x20  Code  Lc  nvm3.o [47]
thrSize                    0x2'437d     0xa  Code  Lc  nvm3.o [47]
thrSoftMinimum             0x2'434f    0x20  Code  Lc  nvm3.o [47]
thrSoftUser                0x2'436f     0xe  Code  Lc  nvm3.o [47]
timeElapsed             0x2000'fe10     0x1  Data  Lc  ustimer.o [13]
timeoutPools               0x1'622f   0x10c  Code  Lc  indirect-queue.o [57]
timerPrsConfig               0xa3e5    0x34  Code  Lc  em_timer.o [14]
timer_frequency         0x2000'e184     0x4  Data  Lc  sl_sleeptimer.o [13]
timer_head              0x2000'e188     0x4  Data  Lc  sl_sleeptimer.o [13]
titleStrings            0x2000'c250    0xa8  Data  Gb  counters-cli.o [8]
tokenArraySize             0x3'43cc    0x24  Data  Gb  token-def.o [1]
tokenDefaults              0x3'4640    0x90  Data  Gb  token-def.o [1]
tokenFlagsToSizeArray      0x2'3fa4     0x4  Data  Lc  install-code-tokens.o [46]
tokenIsCnt                 0x3'4360    0x24  Data  Gb  token-def.o [1]
tokenIsIdx                 0x3'4384    0x24  Data  Gb  token-def.o [1]
tokenLength                0x1'c0b3     0xe  Code  Lc  command-interpreter2.o [1]
tokenNvm3Keys              0x3'42d0    0x90  Data  Gb  token-def.o [1]
tokenPointer               0x1'c0c7    0x10  Code  Lc  command-interpreter2.o [1]
tokenSize                  0x3'43a8    0x24  Data  Gb  token-def.o [1]
tokensActive            0x2000'fe12     0x1  Data  Lc  token.o [11]
traceClkGet                  0x9365    0x2c  Code  Lc  em_cmu.o [14]
tracePhase              0x2000'f660     0x1  Data  Lc  buffer-management.o [57]
transientKeyFinish         0x1'afc7    0x38  Code  Lc  aps-keys-transient.o [57]
transportKeyFrameSizes     0x2'2c2c     0x8  Data  Lc  packet-validate.o [52]
tryToFormNetwork           0x1'a9b5    0xce  Code  Lc  network-creator.o [20]
tryToJoinNetwork           0x1'8e51    0xc0  Code  Lc  network-steering-v2.o [22]
tryTxCurrentPacket           0xd685    0x60  Code  Lc  lower-mac-rail-802.15.4.o [57]
txBuffer                     0xa70b    0x4a  Code  Lc  com.o [27]
txCallback                   0xa8dd    0x56  Code  Lc  com.o [27]
txCatchUp                    0xa875    0x66  Code  Lc  com.o [27]
txCompleteStatusPending
                        0x2000'c4b6     0x1  Data  Lc  lower-mac-rail-802.15.4.o [57]
txCompleted                  0xd443    0x1a  Code  Lc  lower-mac-rail-802.15.4.o [57]
txCurrentPacket              0xd305   0x138  Code  Lc  lower-mac-rail-802.15.4.o [57]
txFailedCallback             0xcb43    0x70  Code  Lc  lower-mac-rail-802.15.4.o [57]
txSchedulerInfo         0x2000'c4b8     0xc  Data  Lc  lower-mac-rail-802.15.4.o [57]
tx_complete_callback       0x1'2c9b    0x46  Code  Lc  scan.o [57]
typeSensitiveMemCopy          0xa21    0x54  Code  Lc  attribute-storage.o [32]
uartdrvHandle           0x2000'e1f4    0x10  Data  Lc  uartdrv.o [13]
uartdrvHandleIsInitialized
                        0x2000'fe0f     0x1  Data  Lc  uartdrv.o [13]
uarthandledata          0x2000'd054    0xa8  Data  Lc  com.o [27]
unbindRequest              0x2'f15d    0x82  Code  Lc  zdo-cli.o [32]
unicastHead             0x2000'fe41     0x1  Data  Lc  unicast-table.o [57]
uninitializedIsr           0x2'f979          Code  Gb  faults-v7m.o [11]
unknownCounter          0x2000'c2f8     0x4  Data  Gb  counters-cli.o [8]
unsolicitedChannelReport
                        0x2000'fa8a     0x1  Data  Lc  zdo-channel.o [57]
unusedOriginalChannelMaskCache
                        0x2000'f7d8     0x4  Data  Lc  zigbee-scan.o [57]
unusedPanIdCache        0x2000'f7c8     0x2  Data  Lc  zigbee-scan.o [57]
updateBuffer                 0xa6db    0x30  Code  Lc  com.o [27]
updateChannelComposites
                           0x1'ab29    0xb8  Code  Lc  network-creator.o [20]
updateEvents                 0xc4d1    0x54  Code  Lc  lower-mac-rail-802.15.4.o [57]
updateInterrupts           0x1'f2f9    0x94  Code  Lc  tempdrv.o [13]
updateTcLinkKeyState    0x2000'fe3b     0x1  Data  Lc  aps-keys.o [57]
update_em1_requirement       0xa2b9    0x2a  Code  Lc  sl_power_manager.o [15]
update_first_timer_delta
                             0x290d    0x2c  Code  Lc  sl_sleeptimer.o [13]
useLegacyTimeoutMethod  0x2000'fe38     0x1  Data  Gb  child-handling.o [57]
useMulticastBinding     0x2000'fdea     0x1  Data  Lc  zcl-cli.o [32]
useNextSequence         0x2000'fde8     0x1  Data  Lc  zcl-cli.o [32]
userData                0x2000'f678     0x4  Data  Lc  buffer-management.o [57]
userDataCount           0x2000'f666     0x2  Data  Lc  buffer-management.o [57]
validateObj                0x2'4ddd    0x26  Code  Lc  nvm3.o [47]
validateObjFragments       0x2'4bab   0x232  Code  Lc  nvm3.o [47]
waitStateMax                 0x9a1d     0xe  Code  Lc  em_cmu.o [14]
waiting_clock_restore_from_em
                        0x2000'fe00     0x1  Data  Lc  sl_power_manager.o [15]
wakeInfo                0x2000'e21c     0x4  Data  Lc  sleep-efm32.o [11]
wakeup_time_config_overhead_tick
                        0x2000'df74     0x4  Data  Gb  sl_power_manager.o [15]
walkDelayQueue             0x1'6381    0xd2  Code  Lc  retry.o [57]
walkStoreAndForwardQueue
                           0x2'1521   0x110  Code  Lc  store-forward.o [57]
watchdogDisableInSleep  0x2000'fe11     0x1  Data  Lc  sleep-efm32.o [11]
wdog0ClkGet                  0x9a2d    0x3a  Code  Lc  em_cmu.o [14]
wdog1ClkGet                  0x9395    0x3e  Code  Lc  em_cmu.o [14]
workBegin                  0x2'5a43    0x16  Code  Lc  nvm3.o [47]
workEnd                    0x2'5a59    0x14  Code  Lc  nvm3.o [47]
writeBurst              0x2000'bdf1    0x50  Code  Gb  em_msc.o [14]
writeFullAllowed           0x2'4387    0x18  Code  Lc  nvm3.o [47]
writeMessage                 0xc36b    0xae  Code  Lc  legacy-packet-buffer.o [57]
yhChangeChannel              0x75af    0x26  Code  Gb  ZigbeeDebugger_callbacks.o [1]
yhInitEvent             0x2000'f4f0     0x8  Data  Gb  ZigbeeDebugger_callbacks.o [1]
yhInitEventHandler           0x75f7    0x2a  Code  Gb  ZigbeeDebugger_callbacks.o [1]
yhNetworkCreatorFormFunction
                             0x75d5    0x22  Code  Gb  ZigbeeDebugger_callbacks.o [1]
yhProtocolRingBuffer    0x2000'f488    0x68  Data  Gb  serial-rx-task.o [3]
yhTemp                  0x2000'f39c    0x98  Data  Lc  serial-rx-task.o [3]
zaTrustCenterSetJoinPolicy
                           0x1'b261     0x8  Code  Gb  af-trust-center.o [32]
zclBasicGlsCommand         0x2'fcf1     0x4  Code  Lc  znet-cli.o [1]
zclBasicGlsrCommand        0x2'fcf5     0xa  Code  Lc  znet-cli.o [1]
zclBasicRtfdCommand        0x2'fcff     0x2  Code  Lc  znet-cli.o [1]
zclBufferAddByte           0x2'e3cd    0x12  Code  Gb  zcl-cli.o [32]
zclBufferAddByteFromArgument
                           0x2'e405     0x8  Code  Gb  zcl-cli.o [32]
zclBufferAddInt32          0x2'e3f1    0x14  Code  Gb  zcl-cli.o [32]
zclBufferAddWord           0x2'e3df    0x12  Code  Gb  zcl-cli.o [32]
zclBufferAddWordFromArgument
                           0x2'e415     0x6  Code  Gb  zcl-cli.o [32]
zclBufferSetup             0x2'e37b    0x52  Code  Gb  zcl-cli.o [32]
zclClusterNames            0x3'115c    0x18  Data  Gb  util.o [32]
zclCmdIsBuilt           0x2000'fde6     0x1  Data  Gb  zcl-cli.o [32]
zclGlobalCommandDiscoveryCommand
                           0x2'e71b    0x2e  Code  Gb  zcl-cli.o [32]
zclGlobalDirection      0x2000'fde9     0x1  Data  Lc  zcl-cli.o [32]
zclGlobalDirectionCommand
                           0x2'e54f    0x14  Code  Gb  zcl-cli.o [32]
zclGlobalDiscoverCommand
                           0x2'e5c7     0x4  Code  Gb  zcl-cli.o [32]
zclGlobalExpectReportFromMeCommand
                           0x2'e6f3    0x1c  Code  Gb  zcl-cli.o [32]
zclGlobalReadCommand       0x2'e563     0x6  Code  Gb  zcl-cli.o [32]
zclGlobalReportCommand     0x2'e5d5    0x90  Code  Gb  zcl-cli.o [32]
zclGlobalReportReadCommand
                           0x2'e66d    0x20  Code  Gb  zcl-cli.o [32]
zclGlobalSendMeAReportCommand
                           0x2'e68d    0x50  Code  Gb  zcl-cli.o [32]
zclGlobalSetup             0x2'e535    0x1a  Code  Gb  zcl-cli.o [32]
zclGlobalWriteCommand      0x2'e569    0x5e  Code  Gb  zcl-cli.o [32]
zclMfgCodeCommand          0x2'e761    0x2a  Code  Gb  zcl-cli.o [32]
zclOnOffOffCommand         0x2'fd09     0x6  Code  Lc  znet-cli.o [1]
zclOnOffOffeffectCommand
                           0x2'fd0f     0x6  Code  Lc  znet-cli.o [1]
zclOnOffOnCommand          0x2'fd15     0x6  Code  Lc  znet-cli.o [1]
zclOnOffOnrecallCommand
                           0x2'fd1b     0x6  Code  Lc  znet-cli.o [1]
zclOnOffOntimedoffCommand
                           0x2'fd21     0x6  Code  Lc  znet-cli.o [1]
zclOnOffToggleCommand      0x2'fd27     0x6  Code  Lc  znet-cli.o [1]
zclSimpleCommand           0x2'e46b    0xc4  Code  Gb  zcl-cli.o [32]
zclTestResponseOffCommand
                           0x2'e75b     0x6  Code  Gb  zcl-cli.o [32]
zclTestResponseOnCommand
                           0x2'e755     0x6  Code  Gb  zcl-cli.o [32]
zclTimeCommand             0x2'e7cb     0xe  Code  Gb  zcl-cli.o [32]
zclUseNextSequenceCommand
                           0x2'e7a9    0x22  Code  Gb  zcl-cli.o [32]
zclXDefaultRespCommand     0x2'e78b    0x14  Code  Gb  zcl-cli.o [32]
zdoActiveEpCommand         0x2'f0a5    0x1e  Code  Gb  zdo-cli.o [32]
zdoAddClusterCommand       0x2'ef47    0x38  Code  Gb  zdo-cli.o [32]
zdoBindCommand             0x2'eecd    0x72  Code  Gb  zdo-cli.o [32]
zdoClearClusterCommand     0x2'ef7f    0x1c  Code  Gb  zdo-cli.o [32]
zdoConfigurationModeEnabled
                        0x2000'c7ec     0x1  Data  Gb  zigbee-device-util.o [57]
zdoIeeeAddressRequestCommand
                           0x2'ee03    0x14  Code  Gb  zdo-cli.o [32]
zdoLeaveRequestCommand     0x2'f103    0x32  Code  Gb  zdo-cli.o [32]
zdoMatchCommand            0x2'ee5f    0x44  Code  Gb  zdo-cli.o [32]
zdoMgmtBindCommand         0x2'f0e7    0x1c  Code  Gb  zdo-cli.o [32]
zdoMgmtLqiCommand          0x2'f0c3    0x1a  Code  Gb  zdo-cli.o [32]
zdoNetworkUpdateChannelCommand
                           0x2'efa5    0x72  Code  Gb  zdo-cli.o [32]
zdoNetworkUpdateScanCommand
                           0x2'f017    0x5c  Code  Gb  zdo-cli.o [32]
zdoNetworkUpdateSetCommand
                           0x2'f079    0x1e  Code  Gb  zdo-cli.o [32]
zdoNodeCommand             0x2'ee3d    0x22  Code  Gb  zdo-cli.o [32]
zdoNwkAddressRequestCommand
                           0x2'eded    0x16  Code  Gb  zdo-cli.o [32]
zdoPowerDescriptorRequestCommand
                           0x2'f135    0x18  Code  Gb  zdo-cli.o [32]
zdoRouteRequestCommand     0x2'f223    0x26  Code  Gb  zdo-cli.o [32]
zdoSimpleCommand           0x2'ee17    0x26  Code  Gb  zdo-cli.o [32]
zdoUnbindGroupCommand      0x2'f1df    0x18  Code  Gb  zdo-cli.o [32]
zdoUnbindUnicastCommand
                           0x2'f1f7    0x2c  Code  Gb  zdo-cli.o [32]
zigDevApsStruct         0x2000'f794     0x4  Data  Lc  zigbee-device-util.o [57]
zigDevRequestRadius     0x2000'c7e2     0x1  Data  Gb  zigbee-device-common.o [1]
zigDevRequestSequence   0x2000'fe2c     0x1  Data  Lc  zigbee-device-common.o [1]
zigDevRequestSequence   0x2000'f790     0x1  Data  Lc  zigbee-device-util.o [57]
zigbeeMacFilterList        0x3'79a4     0x2  Data  Gb  ember-configuration.o [1]
zllActiveScanCompleteHandler
                           0x1'4ed9    0x16  Code  Lc  zigbee-scan.o [57]
zll_channel_stay           0x1'4d4f    0x2e  Code  Gb  zigbee-scan.o [57]
zll_scan_request_callback
                           0x1'4d7d    0xa6  Code  Lc  zigbee-scan.o [57]


[1] = G:\SiliconLabs\SimplicityStudio\v5_workspace\ZigbeeDebugger\IAR ARM - Default - EFR32MG21A020F768IM32
[2] = G:\SiliconLabs\SimplicityStudio\v5_workspace\ZigbeeDebugger\IAR ARM - Default - EFR32MG21A020F768IM32\antenna-stub
[3] = G:\SiliconLabs\SimplicityStudio\v5_workspace\ZigbeeDebugger\IAR ARM - Default - EFR32MG21A020F768IM32\app-custom-application
[4] = G:\SiliconLabs\SimplicityStudio\v5_workspace\ZigbeeDebugger\IAR ARM - Default - EFR32MG21A020F768IM32\basic
[5] = G:\SiliconLabs\SimplicityStudio\v5_workspace\ZigbeeDebugger\IAR ARM - Default - EFR32MG21A020F768IM32\ccm-encryption
[6] = G:\SiliconLabs\SimplicityStudio\v5_workspace\ZigbeeDebugger\IAR ARM - Default - EFR32MG21A020F768IM32\coexistence-stub\EFR32
[7] = G:\SiliconLabs\SimplicityStudio\v5_workspace\ZigbeeDebugger\IAR ARM - Default - EFR32MG21A020F768IM32\concentrator
[8] = G:\SiliconLabs\SimplicityStudio\v5_workspace\ZigbeeDebugger\IAR ARM - Default - EFR32MG21A020F768IM32\counters
[9] = G:\SiliconLabs\SimplicityStudio\v5_workspace\ZigbeeDebugger\IAR ARM - Default - EFR32MG21A020F768IM32\debug-basic-library\EFR32
[10] = G:\SiliconLabs\SimplicityStudio\v5_workspace\ZigbeeDebugger\IAR ARM - Default - EFR32MG21A020F768IM32\debug-jtag\EFR32
[11] = G:\SiliconLabs\SimplicityStudio\v5_workspace\ZigbeeDebugger\IAR ARM - Default - EFR32MG21A020F768IM32\efr32
[12] = G:\SiliconLabs\SimplicityStudio\v5_workspace\ZigbeeDebugger\IAR ARM - Default - EFR32MG21A020F768IM32\ember-minimal-printf
[13] = G:\SiliconLabs\SimplicityStudio\v5_workspace\ZigbeeDebugger\IAR ARM - Default - EFR32MG21A020F768IM32\emdrv
[14] = G:\SiliconLabs\SimplicityStudio\v5_workspace\ZigbeeDebugger\IAR ARM - Default - EFR32MG21A020F768IM32\emlib
[15] = G:\SiliconLabs\SimplicityStudio\v5_workspace\ZigbeeDebugger\IAR ARM - Default - EFR32MG21A020F768IM32\hal-library\EFR32
[16] = G:\SiliconLabs\SimplicityStudio\v5_workspace\ZigbeeDebugger\IAR ARM - Default - EFR32MG21A020F768IM32\hal-library\EFR32_2
[17] = G:\SiliconLabs\SimplicityStudio\v5_workspace\ZigbeeDebugger\IAR ARM - Default - EFR32MG21A020F768IM32\hal-library\EFR32_xx
[18] = G:\SiliconLabs\SimplicityStudio\v5_workspace\ZigbeeDebugger\IAR ARM - Default - EFR32MG21A020F768IM32\interpan
[19] = G:\SiliconLabs\SimplicityStudio\v5_workspace\ZigbeeDebugger\IAR ARM - Default - EFR32MG21A020F768IM32\mbedtls\EFR32
[20] = G:\SiliconLabs\SimplicityStudio\v5_workspace\ZigbeeDebugger\IAR ARM - Default - EFR32MG21A020F768IM32\network-creator
[21] = G:\SiliconLabs\SimplicityStudio\v5_workspace\ZigbeeDebugger\IAR ARM - Default - EFR32MG21A020F768IM32\network-creator-security
[22] = G:\SiliconLabs\SimplicityStudio\v5_workspace\ZigbeeDebugger\IAR ARM - Default - EFR32MG21A020F768IM32\network-steering
[23] = G:\SiliconLabs\SimplicityStudio\v5_workspace\ZigbeeDebugger\IAR ARM - Default - EFR32MG21A020F768IM32\nvm3
[24] = G:\SiliconLabs\SimplicityStudio\v5_workspace\ZigbeeDebugger\IAR ARM - Default - EFR32MG21A020F768IM32\nvm3\EFR32
[25] = G:\SiliconLabs\SimplicityStudio\v5_workspace\ZigbeeDebugger\IAR ARM - Default - EFR32MG21A020F768IM32\on-off
[26] = G:\SiliconLabs\SimplicityStudio\v5_workspace\ZigbeeDebugger\IAR ARM - Default - EFR32MG21A020F768IM32\scan-dispatch
[27] = G:\SiliconLabs\SimplicityStudio\v5_workspace\ZigbeeDebugger\IAR ARM - Default - EFR32MG21A020F768IM32\serial
[28] = G:\SiliconLabs\SimplicityStudio\v5_workspace\ZigbeeDebugger\IAR ARM - Default - EFR32MG21A020F768IM32\serial\EFR32
[29] = G:\SiliconLabs\SimplicityStudio\v5_workspace\ZigbeeDebugger\IAR ARM - Default - EFR32MG21A020F768IM32\simple-main
[30] = G:\SiliconLabs\SimplicityStudio\v5_workspace\ZigbeeDebugger\IAR ARM - Default - EFR32MG21A020F768IM32\strong-random
[31] = G:\SiliconLabs\SimplicityStudio\v5_workspace\ZigbeeDebugger\IAR ARM - Default - EFR32MG21A020F768IM32\update-tc-link-key
[32] = G:\SiliconLabs\SimplicityStudio\v5_workspace\ZigbeeDebugger\IAR ARM - Default - EFR32MG21A020F768IM32\zcl-framework-core
[33] = binding-table-library.a
[34] = cbke-163k1-stub-library.a
[35] = cbke-283k1-stub-library.a
[36] = cbke-library-dsa-sign-stub.a
[37] = cbke-library-dsa-verify-283k1-stub.a
[38] = cbke-library-dsa-verify-stub.a
[39] = cbke-stub-library.a
[40] = debug-basic-library.a
[41] = debug-extended-stub-library.a
[42] = dl7M_tln.a
[43] = end-device-bind-stub-library.a
[44] = gp-stub-library.a
[45] = hal-library.a
[46] = install-code-library.a
[47] = libnvm3_CM33_iar.a
[48] = librail_efr32xg21_iar_release.a
[49] = m7M_tls.a
[50] = multi-network-stub-library.a
[51] = multi-pan-stub-library.a
[52] = packet-validate-library.a
[53] = rt7M_tl.a
[54] = security-library-link-keys-stub.a
[55] = sim-eeprom2-to-nvm3-upgrade-stub-library.a
[56] = source-route-library.a
[57] = zigbee-pro-stack.a
[58] = zigbee-r22-support-stub-library.a
[59] = zll-stub-library.a

  194 778 bytes of readonly  code memory
      324 bytes of readwrite code memory
   33 815 bytes of readonly  data memory
   65 215 bytes of readwrite data memory

Errors: none
Warnings: none
