###############################################################################
#
# IAR ELF Linker V8.30.1.114/W32 for ARM                  27/Mar/2022  20:48:23
# Copyright 2007-2018 IAR Systems AB.
#
#    Output file  =  WATER_SENSOR.out
#    Map file     =  
#        D:/v5/v5_workspace/WATER_SENSOR/IAR ARM - Default -
#        EFR32MG22C224F512IM32/WATER_SENSOR.map
#    Command line =  
#        ./zcl-framework-core/af-event.o ./zcl-framework-core/af-main-common.o
#        ./zcl-framework-core/af-main-soc.o ./zcl-framework-core/af-node.o
#        ./zcl-framework-core/af-security-common.o
#        ./zcl-framework-core/af-trust-center.o
#        ./zcl-framework-core/attribute-size.o
#        ./zcl-framework-core/attribute-storage.o
#        ./zcl-framework-core/attribute-table.o
#        ./zcl-framework-core/client-api.o ./zcl-framework-core/core-cli.o
#        ./zcl-framework-core/crypto-state.o ./zcl-framework-core/message.o
#        ./zcl-framework-core/multi-network.o
#        ./zcl-framework-core/network-cli.o ./zcl-framework-core/option-cli.o
#        ./zcl-framework-core/plugin-cli.o
#        ./zcl-framework-core/print-formatter.o ./zcl-framework-core/print.o
#        ./zcl-framework-core/process-cluster-message.o
#        ./zcl-framework-core/process-global-message.o
#        ./zcl-framework-core/security-cli.o
#        ./zcl-framework-core/service-discovery-common.o
#        ./zcl-framework-core/service-discovery-soc.o
#        ./zcl-framework-core/time-util.o ./zcl-framework-core/util.o
#        ./zcl-framework-core/zcl-cli.o ./zcl-framework-core/zdo-cli.o
#        ./xxapp/xx_serial/xx_serial.o ./xxapp/xx_serial/xx_serial_at.o
#        ./xxapp/xx_serial/xx_serial_wifi.o
#        ./xxapp/xx_project/xx_alpha_cluster.o ./xxapp/xx_project/xx_project.o
#        ./xxapp/xx_nwk/xx_nwk.o ./xxapp/xx_memory/xx_memory.o
#        ./xxapp/xx_hal/xx_hal.o ./xxapp/xx_hal/xx_hal_key.o
#        ./xxapp/xx_hal/xx_hal_led.o ./xxapp/xx_hal/xx_hal_timer.o
#        ./xxapp/xx_common/xx_common_function.o
#        ./xxapp/xx_common/xx_delay_event.o ./xxapp/xx_common/xx_diagnostics.o
#        ./xxapp/xx_common/xx_example.o ./xxapp/xx_common/xx_heart_beat.o
#        ./xxapp/xx_common/xx_ias.o ./xxapp/xx_common/xx_mfg.o
#        ./xxapp/xx_common/xx_power_configuration.o
#        ./xxapp/xx_common/xx_sleepy_device.o ./xxapp/xx_common/xx_zcl_cmd.o
#        ./xxapp/xx_common/xx_zcl_parse.o ./xxapp/xx_common/xx_zdo_parse.o
#        ./xxapp/xx_button/xx_irq_button.o
#        ./xxapp/xx_button/xx_irq_button_handle.o
#        ./xxapp/xx_blink_led/xx_blink_led.o ./xxapp/xx_main.o
#        ./update-tc-link-key/update-tc-link-key-cli.o
#        ./update-tc-link-key/update-tc-link-key.o
#        ./strong-random/strong-random-api.o ./simple-main/simple-main.o
#        ./serial/EFR32/serial.o ./serial/com.o ./scan-dispatch/scan-dispatch.o
#        ./reporting/reporting-cli.o
#        ./reporting/reporting-default-configuration.o ./reporting/reporting.o
#        ./power-configuration-server/power-configuration-server.o
#        ./nvm3/EFR32/nvm3_default.o ./nvm3/EFR32/nvm3_hal_flash.o
#        ./nvm3/nvm3_lock.o ./network-steering/network-steering-cli.o
#        ./network-steering/network-steering-soc.o
#        ./network-steering/network-steering-v2.o
#        ./network-steering/network-steering.o
#        ./mbedtls/EFR32_2_2/ba414ep_config.o
#        ./mbedtls/EFR32_2_2/ba431_config.o
#        ./mbedtls/EFR32_2_2/cryptodma_internal.o
#        ./mbedtls/EFR32_2_2/cryptolib_types.o ./mbedtls/EFR32_2_2/sx_aes.o
#        ./mbedtls/EFR32_2_2/sx_blk_cipher.o ./mbedtls/EFR32_2_2/sx_dh_alg.o
#        ./mbedtls/EFR32_2_2/sx_ecc_curves.o
#        ./mbedtls/EFR32_2_2/sx_ecc_keygen_alg.o
#        ./mbedtls/EFR32_2_2/sx_ecdsa_alg.o ./mbedtls/EFR32_2_2/sx_hash.o
#        ./mbedtls/EFR32_2_2/sx_math.o ./mbedtls/EFR32_2_2/sx_memcmp.o
#        ./mbedtls/EFR32_2_2/sx_memcpy.o ./mbedtls/EFR32_2_2/sx_primitives.o
#        ./mbedtls/EFR32_2_2/sx_rng.o ./mbedtls/EFR32_2_2/sx_trng.o
#        ./mbedtls/EFR32/aes.o ./mbedtls/EFR32/aes_aes.o
#        ./mbedtls/EFR32/asn1parse.o ./mbedtls/EFR32/asn1write.o
#        ./mbedtls/EFR32/base64.o ./mbedtls/EFR32/bignum.o
#        ./mbedtls/EFR32/ccm.o ./mbedtls/EFR32/chacha20.o
#        ./mbedtls/EFR32/chachapoly.o ./mbedtls/EFR32/cipher.o
#        ./mbedtls/EFR32/cipher_wrap.o ./mbedtls/EFR32/cmac.o
#        ./mbedtls/EFR32/crypto_aes.o ./mbedtls/EFR32/crypto_ecp.o
#        ./mbedtls/EFR32/crypto_gcm.o ./mbedtls/EFR32/crypto_management.o
#        ./mbedtls/EFR32/cryptoacc_aes.o ./mbedtls/EFR32/cryptoacc_gcm.o
#        ./mbedtls/EFR32/cryptoacc_management.o ./mbedtls/EFR32/ctr_drbg.o
#        ./mbedtls/EFR32/des.o ./mbedtls/EFR32/ecdh.o ./mbedtls/EFR32/ecdsa.o
#        ./mbedtls/EFR32/ecjpake.o ./mbedtls/EFR32/ecp.o
#        ./mbedtls/EFR32/ecp_curves.o ./mbedtls/EFR32/entropy.o
#        ./mbedtls/EFR32/error.o ./mbedtls/EFR32/gcm.o
#        ./mbedtls/EFR32/mbedtls_ccm.o ./mbedtls/EFR32/mbedtls_cmac.o
#        ./mbedtls/EFR32/mbedtls_ecdsa_ecdh.o ./mbedtls/EFR32/mbedtls_sha.o
#        ./mbedtls/EFR32/md.o ./mbedtls/EFR32/md5.o ./mbedtls/EFR32/oid.o
#        ./mbedtls/EFR32/pem.o ./mbedtls/EFR32/pk.o ./mbedtls/EFR32/pk_wrap.o
#        ./mbedtls/EFR32/pkparse.o ./mbedtls/EFR32/platform_util.o
#        ./mbedtls/EFR32/poly1305.o ./mbedtls/EFR32/psa_crypto.o
#        ./mbedtls/EFR32/psa_crypto_cipher.o
#        ./mbedtls/EFR32/psa_crypto_client.o
#        ./mbedtls/EFR32/psa_crypto_driver_wrappers.o
#        ./mbedtls/EFR32/psa_crypto_ecp.o ./mbedtls/EFR32/psa_crypto_hash.o
#        ./mbedtls/EFR32/psa_crypto_mac.o
#        ./mbedtls/EFR32/psa_crypto_slot_management.o
#        ./mbedtls/EFR32/psa_crypto_storage.o ./mbedtls/EFR32/rsa.o
#        ./mbedtls/EFR32/rsa_internal.o ./mbedtls/EFR32/se_aes.o
#        ./mbedtls/EFR32/se_gcm.o ./mbedtls/EFR32/se_jpake.o
#        ./mbedtls/EFR32/sha1.o ./mbedtls/EFR32/sha256.o
#        ./mbedtls/EFR32/sha512.o ./mbedtls/EFR32/sl_entropy.o
#        ./mbedtls/EFR32/sl_mbedtls.o ./mbedtls/EFR32/sl_psa_its_nvm3.o
#        ./mbedtls/EFR32/sl_se_management.o ./mbedtls/EFR32/sl_se_manager.o
#        ./mbedtls/EFR32/sl_se_manager_attestation.o
#        ./mbedtls/EFR32/sl_se_manager_cipher.o
#        ./mbedtls/EFR32/sl_se_manager_entropy.o
#        ./mbedtls/EFR32/sl_se_manager_hash.o
#        ./mbedtls/EFR32/sl_se_manager_key_derivation.o
#        ./mbedtls/EFR32/sl_se_manager_key_handling.o
#        ./mbedtls/EFR32/sl_se_manager_signature.o
#        ./mbedtls/EFR32/sl_se_manager_util.o
#        ./mbedtls/EFR32/sli_crypto_transparent_driver_aead.o
#        ./mbedtls/EFR32/sli_crypto_transparent_driver_cipher.o
#        ./mbedtls/EFR32/sli_crypto_transparent_driver_hash.o
#        ./mbedtls/EFR32/sli_crypto_transparent_driver_mac.o
#        ./mbedtls/EFR32/sli_crypto_trng_driver.o
#        ./mbedtls/EFR32/sli_cryptoacc_transparent_driver_aead.o
#        ./mbedtls/EFR32/sli_cryptoacc_transparent_driver_cipher.o
#        ./mbedtls/EFR32/sli_cryptoacc_transparent_driver_hash.o
#        ./mbedtls/EFR32/sli_cryptoacc_transparent_driver_key_derivation.o
#        ./mbedtls/EFR32/sli_cryptoacc_transparent_driver_key_management.o
#        ./mbedtls/EFR32/sli_cryptoacc_transparent_driver_mac.o
#        ./mbedtls/EFR32/sli_cryptoacc_transparent_driver_signature.o
#        ./mbedtls/EFR32/sli_protocol_crypto_crypto.o
#        ./mbedtls/EFR32/sli_protocol_crypto_radioaes.o
#        ./mbedtls/EFR32/sli_psa_driver_common.o
#        ./mbedtls/EFR32/sli_psa_driver_ghash.o
#        ./mbedtls/EFR32/sli_psa_driver_init.o ./mbedtls/EFR32/sli_psa_trng.o
#        ./mbedtls/EFR32/sli_radioaes_management.o
#        ./mbedtls/EFR32/sli_se_driver_aead.o
#        ./mbedtls/EFR32/sli_se_driver_builtin_keys.o
#        ./mbedtls/EFR32/sli_se_driver_cipher.o
#        ./mbedtls/EFR32/sli_se_driver_key_derivation.o
#        ./mbedtls/EFR32/sli_se_driver_key_management.o
#        ./mbedtls/EFR32/sli_se_driver_mac.o
#        ./mbedtls/EFR32/sli_se_driver_signature.o
#        ./mbedtls/EFR32/sli_se_opaque_driver_aead.o
#        ./mbedtls/EFR32/sli_se_opaque_driver_cipher.o
#        ./mbedtls/EFR32/sli_se_opaque_driver_mac.o
#        ./mbedtls/EFR32/sli_se_opaque_key_derivation.o
#        ./mbedtls/EFR32/sli_se_transparent_driver_aead.o
#        ./mbedtls/EFR32/sli_se_transparent_driver_cipher.o
#        ./mbedtls/EFR32/sli_se_transparent_driver_hash.o
#        ./mbedtls/EFR32/sli_se_transparent_driver_mac.o
#        ./mbedtls/EFR32/sli_se_transparent_key_derivation.o
#        ./mbedtls/EFR32/ssl_cache.o ./mbedtls/EFR32/ssl_ciphersuites.o
#        ./mbedtls/EFR32/ssl_cli.o ./mbedtls/EFR32/ssl_cookie.o
#        ./mbedtls/EFR32/ssl_msg.o ./mbedtls/EFR32/ssl_srv.o
#        ./mbedtls/EFR32/ssl_ticket.o ./mbedtls/EFR32/ssl_tls.o
#        ./mbedtls/EFR32/threading.o ./mbedtls/EFR32/x509.o
#        ./mbedtls/EFR32/x509_create.o ./mbedtls/EFR32/x509_crl.o
#        ./mbedtls/EFR32/x509_crt.o ./mbedtls/EFR32/x509_csr.o
#        ./mbedtls/EFR32/x509write_crt.o ./mbedtls/EFR32/x509write_csr.o
#        ./manufacturing-library-cli/manufacturing-library-cli-soc.o
#        ./idle-sleep/idle-sleep-cli.o ./idle-sleep/idle-sleep-soc.o
#        ./idle-sleep/idle-sleep.o ./ias-zone-server/ias-zone-server-cli.o
#        ./ias-zone-server/ias-zone-server.o
#        ./hal-library/EFR32_xx/pa_conversions_efr32.o
#        ./hal-library/EFR32_xx/pa_curves_efr32.o
#        ./hal-library/EFR32_2/sl_hfxo_manager.o
#        ./hal-library/EFR32_2/sl_hfxo_manager_hal_s2.o
#        ./hal-library/EFR32/hal-config-gpio.o ./hal-library/EFR32/hal-config.o
#        ./hal-library/EFR32/sl_mpu.o ./hal-library/EFR32/sl_power_manager.o
#        ./hal-library/EFR32/sl_power_manager_debug.o
#        ./hal-library/EFR32/sl_power_manager_hal_s0_s1.o
#        ./hal-library/EFR32/sl_power_manager_hal_s2.o
#        ./hal-library/EFR32/sl_slist.o
#        ./generic-interrupt-control/EFR32/generic-interrupt-control-efr32.o
#        ./end-device-support/end-device-move.o
#        ./end-device-support/end-device-support-cli.o
#        ./end-device-support/end-device-support.o
#        ./end-device-support/polling-common.o
#        ./end-device-support/polling-soc.o ./emlib/em_adc.o ./emlib/em_cmu.o
#        ./emlib/em_core.o ./emlib/em_cryotimer.o ./emlib/em_emu.o
#        ./emlib/em_eusart.o ./emlib/em_gpio.o ./emlib/em_i2c.o
#        ./emlib/em_iadc.o ./emlib/em_ldma.o ./emlib/em_leuart.o
#        ./emlib/em_msc.o ./emlib/em_prs.o ./emlib/em_rmu.o ./emlib/em_rtcc.o
#        ./emlib/em_se.o ./emlib/em_system.o ./emlib/em_timer.o
#        ./emlib/em_usart.o ./emlib/em_wdog.o ./emlib/system_efr32mg22.o
#        ./emdrv/dmadrv.o ./emdrv/gpiointerrupt.o ./emdrv/sl_sleeptimer.o
#        ./emdrv/sl_sleeptimer_hal_rtcc.o ./emdrv/tempdrv.o ./emdrv/uartdrv.o
#        ./emdrv/ustimer.o ./ember-minimal-printf/ember-printf.o
#        ./efr32/assert-crash-handlers.o ./efr32/button.o
#        ./efr32/buzzer-efr32.o ./efr32/cstartup-common.o ./efr32/diagnostic.o
#        ./efr32/ext-device.o ./efr32/faults-v7m.o ./efr32/isr-stubs.o
#        ./efr32/led.o ./efr32/mfg-token.o ./efr32/micro-common.o
#        ./efr32/micro.o ./efr32/sleep-efm32.o ./efr32/token.o
#        ./diagnostic-server/diagnostic-server-soc.o
#        ./debug-jtag-stub/EFR32/debug-jtag-stub.o
#        ./debug-basic-library/EFR32/SEGGER_RTT.o ./counters/counters-cli.o
#        ./counters/counters-ota.o ./counters/counters-soc.o
#        ./coexistence-stub/EFR32/coexistence-802154.o
#        ./coexistence-stub/EFR32/coulomb-counter-802154.o
#        ./ccm-encryption/ccm-star.o
#        ./battery-monitor/EFR32/battery-monitor-efr32.o ./basic/basic.o
#        ./antenna-stub/antenna-stub.o ./adc/EFR32/adc-efr32.o
#        ./WATER_SENSOR_callbacks.o ./call-command-handler.o ./callback-stub.o
#        ./command-interpreter2.o ./crc.o ./ember-base-configuration.o
#        ./ember-configuration.o ./endian.o ./library.o ./mem-util.o ./random.o
#        ./security-address-cache.o ./stack-handler-stub.o ./token-def.o
#        ./zigbee-device-common.o ./zigbee-device-library.o
#        ./znet-bookkeeping.o ./znet-cli.o -o WATER_SENSOR.out --config
#        D:/v5/developer/sdks/gecko_sdk_suite/v3.2//platform/base/hal/micro/cortexm3/efm32/iar-cfg.icf
#        --config_def NULL_BTL=1 --config_def FLASH_SIZE=524288 --config_def
#        RAM_SIZE=32768 --config_def SIMEEPROM_SIZE=32768 --config_def
#        LOCKBITS_IN_MAINFLASH_SIZE=8192 --config_def EMBER_MALLOC_HEAP_SIZE=0
#        --config_def HEADER_SIZE=512 --config_def PSSTORE_SIZE=0 --config_def
#        LONGTOKEN_SIZE=0 --config_def BTL_SIZE=24576 --no_wrap_diagnostics
#        D:/v5/developer/sdks/gecko_sdk_suite/v3.2//protocol/zigbee/build/cbke-163k1-stub-library-cortexm3-iar-efr32mg22-rail/cbke-163k1-stub-library.a
#        D:/v5/developer/sdks/gecko_sdk_suite/v3.2//protocol/zigbee/build/hal-library-cortexm3-iar-efr32mg22-rail/hal-library.a
#        D:/v5/developer/sdks/gecko_sdk_suite/v3.2//protocol/zigbee/build/cbke-stub-library-cortexm3-iar-efr32mg22-rail/cbke-stub-library.a
#        D:/v5/developer/sdks/gecko_sdk_suite/v3.2//protocol/zigbee/build/zigbee-r22-support-stub-library-cortexm3-iar-efr32mg22-rail/zigbee-r22-support-stub-library.a
#        D:/v5/developer/sdks/gecko_sdk_suite/v3.2//platform/radio/rail_lib/autogen/librail_release/librail_efr32xg22_iar_release.a
#        D:/v5/developer/sdks/gecko_sdk_suite/v3.2//protocol/zigbee/build/multi-network-stub-library-cortexm3-iar-efr32mg22-rail/multi-network-stub-library.a
#        D:/v5/developer/sdks/gecko_sdk_suite/v3.2//protocol/zigbee/build/packet-validate-library-cortexm3-iar-efr32mg22-rail/packet-validate-library.a
#        D:/v5/developer/sdks/gecko_sdk_suite/v3.2//platform/emdrv/nvm3/lib/libnvm3_CM33_iar.a
#        D:/v5/developer/sdks/gecko_sdk_suite/v3.2//protocol/zigbee/build/gp-stub-library-cortexm3-iar-efr32mg22-rail/gp-stub-library.a
#        D:/v5/developer/sdks/gecko_sdk_suite/v3.2//protocol/zigbee/build/zigbee-pro-stack-cortexm3-iar-efr32mg22-rail/zigbee-pro-stack.a
#        D:/v5/developer/sdks/gecko_sdk_suite/v3.2//protocol/zigbee/build/cbke-library-dsa-sign-stub-cortexm3-iar-efr32mg22-rail/cbke-library-dsa-sign-stub.a
#        D:/v5/developer/sdks/gecko_sdk_suite/v3.2//protocol/zigbee/build/sim-eeprom2-to-nvm3-upgrade-stub-library-cortexm3-iar-efr32mg22-rail/sim-eeprom2-to-nvm3-upgrade-stub-library.a
#        D:/v5/developer/sdks/gecko_sdk_suite/v3.2//protocol/zigbee/build/cbke-library-dsa-verify-stub-cortexm3-iar-efr32mg22-rail/cbke-library-dsa-verify-stub.a
#        D:/v5/developer/sdks/gecko_sdk_suite/v3.2//protocol/zigbee/build/multi-pan-stub-library-cortexm3-iar-efr32mg22-rail/multi-pan-stub-library.a
#        D:/v5/developer/sdks/gecko_sdk_suite/v3.2//protocol/zigbee/build/mfglib-library-cortexm3-iar-efr32mg22-rail/mfglib-library.a
#        D:/v5/developer/sdks/gecko_sdk_suite/v3.2//protocol/zigbee/build/binding-table-library-cortexm3-iar-efr32mg22-rail/binding-table-library.a
#        D:/v5/developer/sdks/gecko_sdk_suite/v3.2//protocol/zigbee/build/zll-stub-library-cortexm3-iar-efr32mg22-rail/zll-stub-library.a
#        D:/v5/developer/sdks/gecko_sdk_suite/v3.2//protocol/zigbee/build/end-device-bind-stub-library-cortexm3-iar-efr32mg22-rail/end-device-bind-stub-library.a
#        D:/v5/developer/sdks/gecko_sdk_suite/v3.2//protocol/zigbee/build/debug-basic-library-cortexm3-iar-efr32mg22-rail/debug-basic-library.a
#        D:/v5/developer/sdks/gecko_sdk_suite/v3.2//protocol/zigbee/build/cbke-283k1-stub-library-cortexm3-iar-efr32mg22-rail/cbke-283k1-stub-library.a
#        D:/v5/developer/sdks/gecko_sdk_suite/v3.2//protocol/zigbee/build/install-code-library-cortexm3-iar-efr32mg22-rail/install-code-library.a
#        D:/v5/developer/sdks/gecko_sdk_suite/v3.2//protocol/zigbee/build/debug-extended-stub-library-cortexm3-iar-efr32mg22-rail/debug-extended-stub-library.a
#        D:/v5/developer/sdks/gecko_sdk_suite/v3.2//protocol/zigbee/build/cbke-library-dsa-verify-283k1-stub-cortexm3-iar-efr32mg22-rail/cbke-library-dsa-verify-283k1-stub.a
#        D:/v5/developer/sdks/gecko_sdk_suite/v3.2//protocol/zigbee/build/source-route-stub-library-cortexm3-iar-efr32mg22-rail/source-route-stub-library.a
#        D:/v5/developer/sdks/gecko_sdk_suite/v3.2//protocol/zigbee/build/security-library-link-keys-stub-cortexm3-iar-efr32mg22-rail/security-library-link-keys-stub.a
#        --entry __iar_program_start --map "D:/v5/v5_workspace/WATER_SENSOR/IAR
#        ARM - Default - EFR32MG22C224F512IM32/WATER_SENSOR.map" --log_file
#        "D:/v5/v5_workspace/WATER_SENSOR/IAR ARM - Default -
#        EFR32MG22C224F512IM32/WATER_SENSOR.log" --log
#        initialization,modules,sections,veneers --diag_suppress=Lp012
#        --redirect _Printf=_PrintfSmallNoMb --redirect _Scanf=_ScanfFullNoMb
#
###############################################################################

*******************************************************************************
*** RUNTIME MODEL ATTRIBUTES
***

CppFlavor       = *
__SystemLibrary = DLib
__dlib_version  = 6


*******************************************************************************
*** HEAP SELECTION
***

The basic heap was selected because no calls to memory allocation
functions were found in the application outside of system library
functions, and there are calls to deallocation functions in the
application.


*******************************************************************************
*** PLACEMENT SUMMARY
***

define block HEADER_block with fixed order { ro section BAT, ro section AAT };
"HEADERS":
       place at start of [from 0x0 to 0x1ff] { block HEADER_block };
define block APPRO_block
   with fixed order {
      ro section .intvec, ro section .textrw_init, ro section .gatt_header,
      ro section .gatt_data, ro section .text, ro section CODE,
      ro section .rodata, ro section .data_init, ro section .init_array,
      ro section .iar.init_table, ro section __DLIB_PERTHREAD_init };
"APP ro":
       place at start of [from 0x200 to 0x7'ffff] { block APPRO_block };
"SIMEE&LOCKBITS":
       place at end of [from 0x200 to 0x7'ffff] {
          zi section SIMEE, zi section INTERNAL_STORAGE, zi section LONGTOKEN,
          zi section PSSTORE, zi section LOCKBITS_IN_MAINFLASH };
define block ALIGN_EMHEAP with alignment = 8 { rw section EMHEAP };
define block RESETHEAP
   with fixed order {
      rw section RESETINFO, rw section .noinitnew, block ALIGN_EMHEAP };
"ResetHeap":
       place at start of [from 0x2000'0000 to 0x2000'7fef] { block RESETHEAP };
"Guard":
       place in [from 0x2000'0000 to 0x2000'7fef] { rw section GUARD_REGION };
define block ALIGN_CSTACK with alignment = 8 { rw section CSTACK };
define block DLIB_PERTHREAD_INITIALIZED_DATA { rw section __DLIB_PERTHREAD };
define block DLIB_PERTHREAD_ZERO_DATA { zi section __DLIB_PERTHREAD };
define block HEAP with size = 0M, alignment = 8 { };
define block APPRW_block
   with fixed order {
      block ALIGN_CSTACK, rw section .textrw, rw section .data,
      block DLIB_PERTHREAD_INITIALIZED_DATA, block DLIB_PERTHREAD_ZERO_DATA,
      rw section .bss, rw section .noinitlegacy, block HEAP };
"APP rw":
       place at end of [from 0x2000'0000 to 0x2000'7fef] { block APPRW_block };
do not initialize {
   rw section .noinitlegacy, rw section .noinitnew, rw section CSTACK,
   rw section RESETINFO, rw section EMHEAP, zi section SIMEE,
   zi section INTERNAL_STORAGE, zi section LONGTOKEN, zi section PSSTORE,
   zi section LOCKBITS_IN_MAINFLASH };
initialize by copy { rw };

No sections matched the following patterns:

  ro section .gatt_data             in block APPRO_block
  ro section .gatt_header           in block APPRO_block
  ro section .iar.init_table        in block APPRO_block
  ro section .init_array            in block APPRO_block
  ro section CODE                   in block APPRO_block
  ro section __DLIB_PERTHREAD_init  in block APPRO_block
  rw section .noinitlegacy          in block APPRW_block
  rw section .noinitnew             in block RESETHEAP
  rw section DEBUG_CHANNEL          in "DEBUGCHAN"
  rw section __DLIB_PERTHREAD       in block DLIB_PERTHREAD_INITIALIZED_DATA
  zi section INTERNAL_STORAGE       in "SIMEE&LOCKBITS"
  zi section LONGTOKEN              in "SIMEE&LOCKBITS"
  zi section PSSTORE                in "SIMEE&LOCKBITS"
  zi section __DLIB_PERTHREAD       in block DLIB_PERTHREAD_ZERO_DATA


  Section                Kind         Address     Size  Object
  -------                ----         -------     ----  ------
"HEADERS":                                       0x100
  HEADER_block                            0x0    0x100  <Block>
    BAT                  const            0x0     0x54  cstartup-common.o [12]
    AAT                  const           0x54     0xac  cstartup-common.o [12]
                                      - 0x100    0x100

"APP ro":                                      0x3d6c0
  APPRO_block                           0x200  0x3d6c0  <Block>
    .intvec              const          0x200    0x140  startup_efr32mg22.o [59]
    Initializer bytes    const          0x340    0x171  <for .textrw-1>
    .text                               0x4b4  0x32c68  <Block>
      .text              ro code        0x4b4    0x16a  af-event.o [46]
      .text              ro code        0x61e      0x2  zigbee-stack.o [72]
      .text              ro code        0x620     0x68  multi-network.o [46]
      .text              ro code        0x688    0x43c  ias-zone-server.o [21]
      .text              ro code        0xac4    0x260  event-control.o [72]
      .text              ro code        0xd24     0x10  crypto-state.o [46]
      .text              ro code        0xd34    0xbe8  attribute-storage.o [46]
      .text              ro code       0x191c    0x622  af-main-soc.o [46]
      .text              ro code       0x1f3e      0x2  zigbee-stack.o [72]
      .text              ro code       0x1f40    0x264  client-api.o [46]
      .text              ro code       0x21a4    0x4e0  binding-table.o [47]
      .text              ro code       0x2684    0x128  print.o [46]
      .text              ro code       0x27ac    0x2e8  token.o [12]
      .text              ro code       0x2a94    0x592  attribute-table.o [46]
      .text              ro code       0x3026      0x2  zigbee-stack.o [72]
      .text              ro code       0x3028    0x176  end-device-move.o [16]
      .text              ro code       0x319e      0x2  zigbee-stack.o [72]
      .text              ro code       0x31a0     0x70  attribute-size.o [46]
      .text              ro code       0x3210    0x2d0  ember-multi-network-stub.o [65]
      .text              ro code       0x34e0      0xc  em_core.o [15]
      .text              ro code       0x34ec      0x6  em_core.o [15]
      .text              ro code       0x34f2      0x2  zigbee-stack.o [72]
      .text              ro code       0x34f4    0x150  system-timer.o [59]
      .text              ro code       0x3644    0x1fc  assert-crash-handlers.o [12]
      .text              ro code       0x3840     0x1a  em_core.o [15]
      .text              ro code       0x385a      0x8  em_core.o [15]
      .text              ro code       0x3862     0x42  ember-configuration.o [1]
      .text              ro code       0x38a4     0xe4  callback-stub.o [1]
      .text              ro code       0x3988    0x9ee  util.o [46]
      .text              ro code       0x4376      0x2  zigbee-stack.o [72]
      .text              ro code       0x4378      0x6  ABImemclr.o [68]
      .text              ro code       0x437e      0x2  zigbee-stack.o [72]
      .text              ro code       0x4380     0x96  ABImemmove.o [68]
      .text              ro code       0x4416     0x62  znet-bookkeeping.o [1]
      .text              ro code       0x4478     0xbc  micro-common.o [12]
      .text              ro code       0x4534      0x6  ABImemclr4.o [68]
      .text              ro code       0x453a      0x2  zigbee-stack.o [72]
      .text              ro code       0x453c     0xbc  serial.o [33]
      .text              ro code       0x45f8    0x5e2  micro.o [12]
      .text              ro code       0x4bda      0x2  startup_efr32mg22.o [59]
      .text              ro code       0x4bdc     0xa4  cstartup-common.o [12]
      .text              ro code       0x4c80    0x3b0  diagnostic.o [12]
      .text              ro code       0x5030    0x1f8  xx_main.o [37]
      .text              ro code       0x5228    0x4b4  zigbee-stack.o [72]
      .text              ro code       0x56dc    0x964  af-main-common.o [46]
      .text              ro code       0x6040     0x98  security-address-cache.o [1]
      .text              ro code       0x60d8    0x74c  command-interpreter2.o [1]
      .text              ro code       0x6824   0x13ae  lower-mac-rail-802.15.4.o [72]
      .text              ro code       0x7bd2      0x2  startup_efr32mg22.o [59]
      .text              ro code       0x7bd4    0x1fa  mfg-token.o [12]
      .text              ro code       0x7dce      0x2  startup_efr32mg22.o [59]
      .text              ro code       0x7dd0    0x374  ember-stack-common.o [72]
      .text              ro code       0x8144    0xb64  application-support.o [72]
      .text              ro code       0x8ca8     0xf8  zigbee-dispatch.o [72]
      .text              ro code       0x8da0    0x404  address-table.o [72]
      .text              ro code       0x91a4     0x68  memcmp.o [68]
      .text              ro code       0x920c    0x28c  zigbee-device-library.o [1]
      .text              ro code       0x9498    0x844  buffer-management.o [72]
      .text              ro code       0x9cdc    0x294  legacy-packet-buffer.o [72]
      .text              ro code       0x9f70    0x154  aes-mmo.o [72]
      .text              ro code       0xa0c4     0x5a  source-route-stub.o [71]
      .text              ro code       0xa11e      0x2  startup_efr32mg22.o [59]
      .text              ro code       0xa120   0x1a94  association.o [72]
      .text              ro code       0xbbb4     0xa6  ABImemcpy.o [68]
      .text              ro code       0xbc5a      0x2  startup_efr32mg22.o [59]
      .text              ro code       0xbc5c    0x174  scan-dispatch.o [31]
      .text              ro code       0xbdd0    0x120  message.o [46]
      .text              ro code       0xbef0    0xa90  aps-retry.o [72]
      .text              ro code       0xc980      0xc  debug-extended-stub.o [55]
      .text              ro code       0xc98c    0x2ae  ember-printf.o [13]
      .text              ro code       0xcc3a     0x3a  zero_init3.o [68]
      .text              ro code       0xcc74     0x66  ABImemset.o [68]
      .text              ro code       0xccda      0x4  sim-eeprom2-to-nvm3-upgrade-stub.o [70]
      .text              ro code       0xccde     0x7a  lz77_init_single.o [68]
      .text              ro code       0xcd58   0x1c98  nvm3.o [61]
      .text              ro code       0xe9f0      0x6  ember-base-configuration.o [1]
      .text              ro code       0xe9f8    0xa78  reporting.o [30]
      .text              ro code       0xf470    0x788  aps-keys.o [72]
      .text              ro code       0xfbf8    0xf94  aps-security.o [72]
      .text              ro code     0x1'0b8c     0x50  random.o [1]
      .text              ro code     0x1'0bdc     0xa6  multi-pan-stub.o [66]
      .text              ro code     0x1'0c84    0x558  mac-child.o [72]
      .text              ro code     0x1'11dc    0x9f8  upper-mac.o [72]
      .text              ro code     0x1'1bd4    0x238  zigbee-neighbor.o [72]
      .text              ro code     0x1'1e0c    0x164  counters-soc.o [8]
      .text              ro code     0x1'1f70    0x5e6  sl_sleeptimer.o [14]
      .text              ro code     0x1'2558    0x16c  ustimer.o [14]
      .text              ro code     0x1'26c4    0x1ec  sleep-efm32.o [12]
      .text              ro code     0x1'28b0      0x8  em_core.o [15]
      .text              ro code     0x1'28b8    0x210  debug.o [54]
      .text              ro code     0x1'2ac8     0x4c  micro-internal.o [59]
      .text              ro code     0x1'2b14     0xe2  idle-sleep-soc.o [22]
      .text              ro code     0x1'2bf8     0xe8  battery-monitor-efr32.o [5]
      .text              ro code     0x1'2ce0    0x11c  time-util.o [46]
      .text              ro code     0x1'2dfc    0x15c  print-formatter.o [46]
      .text              ro code     0x1'2f58     0x50  process-cluster-message.o [46]
      .text              ro code     0x1'2fa8    0x580  process-global-message.o [46]
      .text              ro code     0x1'3528    0x1ca  end-device-support.o [16]
      .text              ro code     0x1'36f4     0x9a  polling-soc.o [16]
      .text              ro code     0x1'3790      0xc  network-steering-soc.o [26]
      .text              ro code     0x1'379c    0x1e6  xx_zcl_parse.o [40]
      .text              ro code     0x1'3984     0x2a  WATER_SENSOR_callbacks.o [1]
      .text              ro code     0x1'39b0    0x114  update-tc-link-key.o [36]
      .text              ro code     0x1'3ac4      0x4  faults-v7m.o [12]
      .text              ro code     0x1'3ac8    0xa46  em_cmu.o [15]
      .text              ro code     0x1'450e     0xba  em_wdog.o [15]
      .text              ro code     0x1'45c8     0x3a  ABImemset48.o [68]
      .text              ro code     0x1'4604    0x8ba  com.o [32]
      .text              ro code     0x1'4ec0     0xf8  sl_mpu.o [18]
      .text              ro code     0x1'4fb8     0xe6  sl_hfxo_manager.o [19]
      .text              ro code     0x1'50a0     0xc8  hal-config.o [18]
      .text              ro code     0x1'5168    0x1e4  tempdrv.o [14]
      Veneer             ro code     0x1'534c      0x8  - Linker created -
      .text              ro code     0x1'5354    0x2de  em_emu.o [15]
      .text              ro code     0x1'5634    0x3b8  rail_power_manager.o [62]
      .text              ro code     0x1'59ec    0x198  pa_conversions_efr32.o [20]
      .text              ro code     0x1'5b84      0x4  hal-config-gpio.o [18]
      .text              ro code     0x1'5b88     0x10  coexistence-802154.o [7]
      .text              ro code     0x1'5b98     0x1c  em_rmu.o [15]
      .text              ro code     0x1'5bb4    0x354  xx_project.o [44]
      .text              ro code     0x1'5f08     0x44  xx_serial.o [45]
      .text              ro code     0x1'5f4c    0x21c  xx_memory.o [42]
      .text              ro code     0x1'6168     0x16  debug-jtag-stub.o [10]
      .text              ro code     0x1'6180     0x44  ember-library.o [72]
      .text              ro code     0x1'61c4    0x4a2  rail_rf.o [62]
      .text              ro code     0x1'6668     0x18  eui64.o [72]
      .text              ro code     0x1'6680     0x12  phy-util.o [72]
      .text              ro code     0x1'6694    0x2b0  mac-dispatch.o [72]
      .text              ro code     0x1'6944    0x108  multi-pan-common.o [66]
      .text              ro code     0x1'6a4c   0x1cc0  network.o [72]
      .text              ro code     0x1'870c      0x6  cbke-crypto-engine-163k1-stub.o [48]
      .text              ro code     0x1'8712      0x6  cbke-crypto-engine-283k1-stub.o [49]
      .text              ro code     0x1'8718     0x32  zll-stubs.o [74]
      .text              ro code     0x1'874c    0x6d8  indirect-queue.o [72]
      .text              ro code     0x1'8e24    0x258  broadcast.o [72]
      .text              ro code     0x1'907c    0x5d8  route-table.o [72]
      .text              ro code     0x1'9654    0x192  buffer-queue.o [72]
      .text              ro code     0x1'97e8    0x1fc  child-aging.o [72]
      .text              ro code     0x1'99e4      0xe  cbke-crypto-engine-stub.o [53]
      .text              ro code     0x1'99f4     0x54  micro-common-internal.o [59]
      .text              ro code     0x1'9a48    0x32a  retry.o [72]
      .text              ro code     0x1'9d74    0x9b8  neighbor.o [72]
      .text              ro code     0x1'a72c      0x4  diagnostic-server-soc.o [11]
      .text              ro code     0x1'a730    0x48c  service-discovery-common.o [46]
      .text              ro code     0x1'abbc    0x14c  token-cache.o [72]
      .text              ro code     0x1'ad08    0x6d4  network-steering-v2.o [26]
      .text              ro code     0x1'b3dc    0x538  core-cli.o [46]
      .text              ro code     0x1'b914    0x216  rail_singleprotocol.o [62]
      .text              ro code     0x1'bb2c    0x118  rail_tx.o [62]
      .text              ro code     0x1'bc44    0x17c  rail_ieee802154.o [62]
      .text              ro code     0x1'bdc0     0xdc  rail_data.o [62]
      .text              ro code     0x1'be9c     0x96  rail_calibration.o [62]
      .text              ro code     0x1'bf34    0x3bc  mac-header.o [72]
      .text              ro code     0x1'c2f0     0xda  rail_timer.o [62]
      .text              ro code     0x1'c3ca      0xc  mac-header.o [72]
      .text              ro code     0x1'c3d8     0x34  antenna-stub.o [3]
      .text              ro code     0x1'c40c     0xb0  rail_autoack.o [62]
      .text              ro code     0x1'c4bc     0xb0  mac-flat-header.o [72]
      .text              ro code     0x1'c56c    0x4bc  scan.o [72]
      .text              ro code     0x1'ca28     0x3a  rail_rx.o [62]
      .text              ro code     0x1'ca62      0x2  led.o [12]
      .text              ro code     0x1'ca64     0x1c  rail_rssi.o [62]
      Veneer             ro code     0x1'ca80      0x8  - Linker created -
      .text              ro code     0x1'ca88     0x68  flash.o [59]
      .text              ro code     0x1'caf0      0xe  zdo-r22-stub.o [73]
      .text              ro code     0x1'cb00    0x830  child.o [72]
      .text              ro code     0x1'd330    0x3b0  management.o [72]
      .text              ro code     0x1'd6e0     0x14  strong-random-api.o [35]
      .text              ro code     0x1'd6f4      0x4  cbke-crypto-engine-dsa-sign-stub.o [50]
      .text              ro code     0x1'd6f8    0x67c  zigbee-packet-header.o [72]
      .text              ro code     0x1'dd74    0x22e  mac-packet-header.o [72]
      .text              ro code     0x1'dfa2      0x8  mac-header.o [72]
      .text              ro code     0x1'dfac    0x5f6  aps-encryption.o [72]
      .text              ro code     0x1'e5a4    0x2a8  packet-validate.o [67]
      .text              ro code     0x1'e84c    0xa14  zigbee-device-util.o [72]
      .text              ro code     0x1'f260    0x100  zigbee-device-common.o [1]
      .text              ro code     0x1'f360     0x4a  strcmp.o [68]
      .text              ro code     0x1'f3ac     0x88  aes-efm32.o [72]
      .text              ro code     0x1'f434     0x32  enhanced-beacon-request-stub.o [73]
      .text              ro code     0x1'f468    0xa78  beacon-handling.o [72]
      .text              ro code     0x1'fee0    0x40c  child-handling.o [72]
      .text              ro code     0x2'02ec    0x492  leave.o [72]
      .text              ro code     0x2'0780    0x458  random-id.o [72]
      .text              ro code     0x2'0bd8    0x352  zigbee-scan.o [72]
      .text              ro code     0x2'0f2c    0x128  command.o [72]
      .text              ro code     0x2'1054      0xc  ember-multi-phy-stub.o [72]
      .text              ro code     0x2'1060    0x614  transient-device.o [72]
      .text              ro code     0x2'1674    0x69c  trust-center-util.o [72]
      .text              ro code     0x2'1d10     0x34  mac-info-element-parsing-stub.o [73]
      .text              ro code     0x2'1d44    0x250  zigbee-upper-mac.o [72]
      .text              ro code     0x2'1f94     0x14  gp-stub.o [58]
      .text              ro code     0x2'1fa8    0x340  jit.o [72]
      .text              ro code     0x2'22e8    0x83c  route-discovery.o [72]
      .text              ro code     0x2'2b24    0x242  nvm3_page.o [61]
      .text              ro code     0x2'2d68    0x1ba  nvm3_object.o [61]
      .text              ro code     0x2'2f24    0x274  nvm3_cache.o [61]
      .text              ro code     0x2'3198     0x3e  nvm3_utils.o [61]
      .text              ro code     0x2'31d8     0x10  nvm3_lock.o [27]
      .text              ro code     0x2'31e8      0xc  nvm3_lock.o [27]
      .text              ro code     0x2'31f4      0x2  nvm3_lock.o [27]
      .text              ro code     0x2'31f8     0xbc  reporting-default-configuration.o [30]
      .text              ro code     0x2'32b4    0x452  crypto.o [72]
      .text              ro code     0x2'3708     0xc8  security-config-mfg.o [72]
      .text              ro code     0x2'37d0     0x1a  aps-keys-full-stub.o [69]
      .text              ro code     0x2'37ec    0x528  aps-keys-transient.o [72]
      .text              ro code     0x2'3d14     0x62  hmac.o [72]
      .text              ro code     0x2'3d78     0x6c  install-code-tokens.o [60]
      .text              ro code     0x2'3de4     0x8c  multi-network.o [72]
      .text              ro code     0x2'3e70    0x3fc  mac-command.o [72]
      .text              ro code     0x2'426c    0x1ae  sl_sleeptimer_hal_rtcc.o [14]
      .text              ro code     0x2'441c    0x230  I64DivMod.o [68]
      .text              ro code     0x2'464c     0x1e  U64Shr.o [68]
      .text              ro code     0x2'466c    0x4c8  sl_power_manager.o [18]
      .text              ro code     0x2'4b34    0x1ce  em_timer.o [15]
      .text              ro code     0x2'4d02      0x8  em_core.o [15]
      .text              ro code     0x2'4d0a      0x6  em_core.o [15]
      .text              ro code     0x2'4d10     0x44  em_core.o [15]
      .text              ro code     0x2'4d54      0x4  em_core.o [15]
      .text              ro code     0x2'4d58     0x36  strlen.o [68]
      .text              ro code     0x2'4d90     0xc8  idle-sleep.o [22]
      .text              ro code     0x2'4e58    0x540  em_iadc.o [15]
      .text              ro code     0x2'5398     0xa4  power-configuration-server.o [29]
      .text              ro code     0x2'543c     0xae  call-command-handler.o [1]
      .text              ro code     0x2'54ec     0xe4  polling-common.o [16]
      .text              ro code     0x2'55d0     0x72  xx_zcl_cmd.o [40]
      .text              ro code     0x2'5644     0x70  faults-v7m.o [12]
      .text              ro code     0x2'56b4     0xbc  system_efr32mg22.o [15]
      .text              ro code     0x2'5770    0xebc  uartdrv.o [14]
      .text              ro code     0x2'662c    0x260  em_usart.o [15]
      .text              ro code     0x2'688c    0x168  em_gpio.o [15]
      .text              ro code     0x2'69f4     0xd8  gpiointerrupt.o [14]
      .text              ro code     0x2'6acc      0x4  faults-v7m.o [12]
      .text              ro code     0x2'6ad0    0x28c  sl_hfxo_manager_hal_s2.o [19]
      .text              ro code     0x2'6d5c     0x48  FltToDbl.o [63]
      .text              ro code     0x2'6da4    0x17a  DblAdd.o [63]
      .text              ro code     0x2'6f20     0x3a  DblToS32.o [63]
      .text              ro code     0x2'6f5a      0x2  em_emu.o [15]
      .text              ro code     0x2'6f5c      0x2  em_emu.o [15]
      .text              ro code     0x2'6f60    0x28e  sl_power_manager_hal_s2.o [18]
      .text              ro code     0x2'71ee      0x2  em_emu.o [15]
      .text              ro code     0x2'71f0      0x2  em_emu.o [15]
      .text              ro code     0x2'71f2      0x2  sl_power_manager_debug.o [18]
      .text              ro code     0x2'71f4   0x19e0  rail_rf_hal.o [62]
      .text              ro code     0x2'8bd4    0x124  xx_irq_button.o [39]
      .text              ro code     0x2'8cf8    0x244  xx_blink_led.o [38]
      .text              ro code     0x2'8f3c    0x438  xx_irq_button_handle.o [39]
      .text              ro code     0x2'9374     0x28  xx_diagnostics.o [40]
      .text              ro code     0x2'939c    0x1f0  xx_ias.o [40]
      .text              ro code     0x2'958c     0x28  rfhal_module.o [62]
      .text              ro code     0x2'95b4     0x20  rail_assert.o [62]
      .text              ro code     0x2'95d4     0xa8  rfhal_antenna.o [62]
      .text              ro code     0x2'967c     0xa0  unicast-table.o [72]
      .text              ro code     0x2'971c    0x244  store-forward.o [72]
      .text              ro code     0x2'9960    0x114  zigbee-mac-header.o [72]
      .text              ro code     0x2'9a74    0x19c  route-error.o [72]
      .text              ro code     0x2'9c10    0x434  neighbor-exchange.o [72]
      .text              ro code     0x2'a044     0x22  I64Shl.o [68]
      .text              ro code     0x2'a066     0x5a  service-discovery-soc.o [46]
      .text              ro code     0x2'a0c0      0x2  af-security-common.o [46]
      .text              ro code     0x2'a0c4    0x1fc  rail_ieee802154_rf_hal.o [62]
      .text              ro code     0x2'a2c0     0x88  rfhal_ircal.o [62]
      .text              ro code     0x2'a348    0x2ee  tmrdrv.o [62]
      .text              ro code     0x2'a638     0x48  em_msc.o [15]
      .text              ro code     0x2'a680      0x2  ember-duty-cycle-stub.o [72]
      .text              ro code     0x2'a684    0xb68  zigbee-device.o [72]
      .text              ro code     0x2'b1ec      0x8  end-device-bind-stub.o [57]
      .text              ro code     0x2'b1f4     0xc8  cryptoacc_aes.o [24]
      .text              ro code     0x2'b2bc     0xe4  af-trust-center.o [46]
      .text              ro code     0x2'b3a0      0x2  symbol-timer.o [72]
      .text              ro code     0x2'b3a4    0x1a4  ccm-star.o [6]
      .text              ro code     0x2'b548     0xf4  em_rtcc.o [15]
      .text              ro code     0x2'b63c      0x2  I64DivZer.o [68]
      .text              ro code     0x2'b63e     0x10  sl_slist.o [18]
      .text              ro code     0x2'b64e      0x4  sl_power_manager.o [18]
      .text              ro code     0x2'b654     0x28  basic.o [4]
      .text              ro code     0x2'b67c    0x23c  xx_alpha_cluster.o [44]
      .text              ro code     0x2'b8b8    0x430  dmadrv.o [14]
      .text              ro code     0x2'bce8    0x158  em_eusart.o [15]
      .text              ro code     0x2'be40     0x4c  em_core.o [15]
      .text              ro code     0x2'be8c     0xd2  DblSub.o [63]
      .text              ro code     0x2'bf60    0x588  rfhal_radio.o [62]
      .text              ro code     0x2'c4e8    0x278  rfhal_timings.o [62]
      .text              ro code     0x2'c760     0x12  rail_ble_rf_hal.o [62]
      .text              ro code     0x2'c774   0x121c  generic_phy.o [62]
      .text              ro code     0x2'd990    0x344  rfhal_pa.o [62]
      .text              ro code     0x2'dcd4    0x654  rfhal_bufc.o [62]
      .text              ro code     0x2'e328    0x55e  rfhal_protimer.o [62]
      .text              ro code     0x2'e888     0x34  rfhal_tempcal.o [62]
      .text              ro code     0x2'e8bc    0x162  rfhal_rftest.o [62]
      .text              ro code     0x2'ea20    0x4c4  rfhal_synth.o [62]
      .text              ro code     0x2'eee4    0x124  rfhal_rand.o [62]
      .text              ro code     0x2'f008    0x168  rfhal_rtccsync.o [62]
      .text              ro code     0x2'f170    0x224  xx_nwk.o [43]
      .text              ro code     0x2'f394     0x28  tmrdrv_config.o [62]
      .text              ro code     0x2'f3bc    0x1cc  zdo-binding-table.o [47]
      .text              ro code     0x2'f588    0x410  zdo-channel.o [72]
      .text              ro code     0x2'f998     0x44  cryptoacc_management.o [24]
      .text              ro code     0x2'f9dc     0xb4  sx_aes.o [25]
      .text              ro code     0x2'fa90     0x24  crc.o [1]
      .text              ro code     0x2'fab4    0x1ac  em_ldma.o [15]
      .text              ro code     0x2'fc60     0x2c  em_system.o [15]
      .text              ro code     0x2'fc8c     0x54  seq_globals.o [62]
      .text              ro code     0x2'fce0      0x4  rail_mfm_rf_hal.o [62]
      .text              ro code     0x2'fce4    0x100  rfhal_pti.o [62]
      .text              ro code     0x2'fde4     0x18  rfhal_rtccsync.o [62]
      .text              ro code     0x2'fdfc     0x18  xx_heart_beat.o [40]
      .text              ro code     0x2'fe14    0x27a  sx_blk_cipher.o [25]
      .text              ro code     0x3'0090     0xbc  cryptodma_internal.o [25]
      .text              ro code     0x3'014c    0x330  network-cli.o [46]
      .text              ro code     0x3'047c    0x358  option-cli.o [46]
      .text              ro code     0x3'07d4    0x388  security-cli.o [46]
      .text              ro code     0x3'0b5c    0xb32  zcl-cli.o [46]
      .text              ro code     0x3'1690    0x566  zdo-cli.o [46]
      .text              ro code     0x3'1bf8    0x11c  xx_delay_event.o [40]
      .text              ro code     0x3'1d14    0x346  xx_mfg.o [40]
      .text              ro code     0x3'205c    0x4a0  manufacturing-library-cli-soc.o [23]
      .text              ro code     0x3'24fc    0x2b0  mfglib.o [64]
      .text              ro code     0x3'27ac     0x54  xx_power_configuration.o [40]
      .text              ro code     0x3'2800     0xf6  reporting-cli.o [30]
      Veneer             ro code     0x3'28f8      0x8  - Linker created -
      .text              ro code     0x3'2900     0xf4  nvm3_hal_flash.o [28]
      .text              ro code     0x3'29f4    0x1f8  network-steering-cli.o [26]
      .text              ro code     0x3'2bec     0x88  idle-sleep-cli.o [22]
      .text              ro code     0x3'2c74    0x154  end-device-support-cli.o [16]
      .text              ro code     0x3'2dc8      0x4  faults-v7m.o [12]
      .text              ro code     0x3'2dcc      0x4  faults-v7m.o [12]
      .text              ro code     0x3'2dd0      0x4  faults-v7m.o [12]
      .text              ro code     0x3'2dd4      0x4  faults-v7m.o [12]
      .text              ro code     0x3'2dd8      0x4  faults-v7m.o [12]
      .text              ro code     0x3'2ddc      0x4  isr-stubs.o [12]
      .text              ro code     0x3'2de0     0xc0  counters-cli.o [8]
      .text              ro code     0x3'2ea0     0xac  library.o [1]
      .text              ro code     0x3'2f4c     0x2c  rfhal_rfsense.o [62]
      .text              ro code     0x3'2f78      0x2  rfhal_thermistor.o [62]
      .text              ro code     0x3'2f7c     0x22  fpinit_M.o [63]
      .text              ro code     0x3'2fa0     0x1e  cmain.o [68]
      .text              ro code     0x3'2fbe      0x4  low_level_init.o [56]
      .text              ro code     0x3'2fc4     0x28  data_init.o [68]
      .text              ro code     0x3'2fec     0x16  simple-main.o [34]
      .text              ro code     0x3'3002      0x4  exit.o [56]
      .text              ro code     0x3'3006      0x4  sl_mbedtls.o [24]
      .text              ro code     0x3'300c      0xa  cexit.o [68]
      .text              ro code     0x3'3016      0x4  sl_se_manager.o [24]
      .text              ro code     0x3'301c      0xc  XXexit.o [68]
      .text              ro code     0x3'3028     0x10  update-tc-link-key-cli.o [36]
      .text              ro code     0x3'3038     0xb4  ias-zone-server-cli.o [21]
      .text              ro code     0x3'30ec     0x16  znet-cli.o [1]
      .text              ro code     0x3'3102      0xe  startup_efr32mg22.o [59]
      .text              ro code     0x3'3110      0xc  cstartup_M.o [68]
    .rodata              const       0x3'311c     0x20  af-event.o [46]
    .rodata              const       0x3'313c     0x20  af-event.o [46]
    .rodata              const       0x3'315c     0x20  af-event.o [46]
    .rodata              const       0x3'317c     0x20  af-event.o [46]
    .rodata              const       0x3'319c     0x20  af-event.o [46]
    .rodata              const       0x3'31bc     0x20  af-event.o [46]
    .rodata              const       0x3'31dc     0x24  af-event.o [46]
    .rodata              const       0x3'3200     0x34  af-event.o [46]
    .rodata              const       0x3'3234     0x28  af-event.o [46]
    .rodata              const       0x3'325c     0x18  af-event.o [46]
    .rodata              const       0x3'3274     0x30  af-event.o [46]
    .rodata              const       0x3'32a4     0x14  af-event.o [46]
    .rodata              const       0x3'32b8      0xc  af-event.o [46]
    .rodata              const       0x3'32c4     0x10  af-event.o [46]
    .rodata              const       0x3'32d4     0x2c  af-event.o [46]
    .rodata              const       0x3'3300     0x2c  af-event.o [46]
    .rodata              const       0x3'332c     0x2c  af-event.o [46]
    .rodata              const       0x3'3358     0x2c  af-event.o [46]
    .rodata              const       0x3'3384     0x2c  af-event.o [46]
    .rodata              const       0x3'33b0     0x2c  af-event.o [46]
    .rodata              const       0x3'33dc     0x28  af-event.o [46]
    .rodata              const       0x3'3404     0x28  af-event.o [46]
    .rodata              const       0x3'342c     0x1c  af-event.o [46]
    .rodata              const       0x3'3448     0x20  af-event.o [46]
    .rodata              const       0x3'3468     0x20  af-event.o [46]
    .rodata              const       0x3'3488     0x18  af-event.o [46]
    .rodata              const       0x3'34a0     0x28  af-event.o [46]
    .rodata              const       0x3'34c8     0x28  af-event.o [46]
    .rodata              const       0x3'34f0     0x20  af-event.o [46]
    .rodata              const       0x3'3510      0xc  af-main-common.o [46]
    .rodata              const       0x3'351c      0x8  af-main-common.o [46]
    .rodata              const       0x3'3524      0x8  af-main-common.o [46]
    .rodata              const       0x3'352c      0x8  af-main-common.o [46]
    .rodata              const       0x3'3534      0x8  af-main-common.o [46]
    .rodata              const       0x3'353c      0x8  af-main-common.o [46]
    .rodata              const       0x3'3544      0x8  af-main-common.o [46]
    .rodata              const       0x3'354c      0x4  af-main-common.o [46]
    .rodata              const       0x3'3550      0x8  af-main-common.o [46]
    .rodata              const       0x3'3558      0x8  af-main-common.o [46]
    .rodata              const       0x3'3560     0x10  af-main-common.o [46]
    .rodata              const       0x3'3570      0x8  af-main-common.o [46]
    .rodata              const       0x3'3578      0x4  af-main-common.o [46]
    .rodata              const       0x3'357c     0x3c  af-main-common.o [46]
    .rodata              const       0x3'35b8     0x18  af-main-common.o [46]
    .rodata              const       0x3'35d0     0x28  af-main-common.o [46]
    .rodata              const       0x3'35f8     0x14  af-main-common.o [46]
    .rodata              const       0x3'360c      0x8  af-main-common.o [46]
    .rodata              const       0x3'3614      0x8  af-main-common.o [46]
    .rodata              const       0x3'361c     0x10  af-main-common.o [46]
    .rodata              const       0x3'362c     0x28  af-main-common.o [46]
    .rodata              const       0x3'3654     0x18  af-main-common.o [46]
    .rodata              const       0x3'366c     0x1c  af-main-common.o [46]
    .rodata              const       0x3'3688     0x24  af-main-common.o [46]
    .rodata              const       0x3'36ac      0x8  af-main-common.o [46]
    .rodata              const       0x3'36b4     0x14  af-main-common.o [46]
    .rodata              const       0x3'36c8     0x34  af-main-common.o [46]
    .rodata              const       0x3'36fc     0x30  af-main-common.o [46]
    .rodata              const       0x3'372c     0x14  af-main-common.o [46]
    .rodata              const       0x3'3740      0x8  af-main-common.o [46]
    .rodata              const       0x3'3748      0x8  af-main-common.o [46]
    .rodata              const       0x3'3750      0xc  af-main-common.o [46]
    .rodata              const       0x3'375c      0x8  af-main-common.o [46]
    .rodata              const       0x3'3764     0x10  af-main-common.o [46]
    .rodata              const       0x3'3774      0x8  af-main-common.o [46]
    .rodata              const       0x3'377c      0xc  af-main-common.o [46]
    .rodata              const       0x3'3788     0x20  af-main-common.o [46]
    .rodata              const       0x3'37a8      0xc  af-main-common.o [46]
    .rodata              const       0x3'37b4      0xc  af-main-common.o [46]
    .rodata              const       0x3'37c0      0x8  af-main-common.o [46]
    .rodata              const       0x3'37c8     0x20  af-main-common.o [46]
    .rodata              const       0x3'37e8     0x18  af-main-common.o [46]
    .rodata              const       0x3'3800     0x18  af-main-common.o [46]
    .rodata              const       0x3'3818     0x30  af-main-common.o [46]
    .rodata              const       0x3'3848     0x20  af-main-common.o [46]
    .rodata              const       0x3'3868     0x1c  af-main-common.o [46]
    .rodata              const       0x3'3884      0x8  af-main-common.o [46]
    .rodata              const       0x3'388c     0x18  af-main-common.o [46]
    .rodata              const       0x3'38a4     0x10  af-main-common.o [46]
    .rodata              const       0x3'38b4     0x48  af-main-common.o [46]
    .rodata              const       0x3'38fc     0x18  af-main-soc.o [46]
    .rodata              const       0x3'3914     0x20  af-main-soc.o [46]
    .rodata              const       0x3'3934     0x14  af-main-soc.o [46]
    .rodata              const       0x3'3948      0x8  af-main-soc.o [46]
    .rodata              const       0x3'3950     0x10  af-main-soc.o [46]
    .rodata              const       0x3'3960      0xc  af-main-soc.o [46]
    .rodata              const       0x3'396c     0x10  af-main-soc.o [46]
    .rodata              const       0x3'397c      0xc  af-main-soc.o [46]
    .rodata              const       0x3'3988      0xc  af-main-soc.o [46]
    .rodata              const       0x3'3994     0x18  af-main-soc.o [46]
    .rodata              const       0x3'39ac     0x18  af-main-soc.o [46]
    .rodata              const       0x3'39c4      0x4  af-trust-center.o [46]
    .rodata              const       0x3'39c8     0x30  attribute-size.o [46]
    .rodata              const       0x3'39f8     0x24  attribute-storage.o [46]
    .rodata              const       0x3'3a1c      0x4  attribute-storage.o [46]
    .rodata              const       0x3'3a20      0xc  attribute-storage.o [46]
    .rodata              const       0x3'3a2c     0x10  attribute-storage.o [46]
    .rodata              const       0x3'3a3c      0x4  attribute-storage.o [46]
    .rodata              const       0x3'3a40     0xa8  attribute-storage.o [46]
    .rodata              const       0x3'3ae8     0x50  attribute-storage.o [46]
    .rodata              const       0x3'3b38      0x8  attribute-storage.o [46]
    .rodata              const       0x3'3b40      0x4  attribute-storage.o [46]
    .rodata              const       0x3'3b44      0x4  attribute-storage.o [46]
    .rodata              const       0x3'3b48     0x28  client-api.o [46]
    .rodata              const       0x3'3b70     0x1c  client-api.o [46]
    .rodata              const       0x3'3b8c     0x34  client-api.o [46]
    .rodata              const       0x3'3bc0     0x30  client-api.o [46]
    .rodata              const       0x3'3bf0     0x10  core-cli.o [46]
    .rodata              const       0x3'3c00     0x10  core-cli.o [46]
    .rodata              const       0x3'3c10     0x1c  core-cli.o [46]
    .rodata              const       0x3'3c2c      0x8  core-cli.o [46]
    .rodata              const       0x3'3c34     0x18  core-cli.o [46]
    .rodata              const       0x3'3c4c     0x18  core-cli.o [46]
    .rodata              const       0x3'3c64      0x8  core-cli.o [46]
    .rodata              const       0x3'3c6c     0x20  core-cli.o [46]
    .rodata              const       0x3'3c8c      0xc  core-cli.o [46]
    .rodata              const       0x3'3c98      0xc  core-cli.o [46]
    .rodata              const       0x3'3ca4     0x20  core-cli.o [46]
    .rodata              const       0x3'3cc4      0xc  core-cli.o [46]
    .rodata              const       0x3'3cd0     0x24  core-cli.o [46]
    .rodata              const       0x3'3cf4      0xc  core-cli.o [46]
    .rodata              const       0x3'3d00      0x8  core-cli.o [46]
    .rodata              const       0x3'3d08      0x8  core-cli.o [46]
    .rodata              const       0x3'3d10     0x10  core-cli.o [46]
    .rodata              const       0x3'3d20      0xc  core-cli.o [46]
    .rodata              const       0x3'3d2c     0x14  core-cli.o [46]
    .rodata              const       0x3'3d40      0xc  core-cli.o [46]
    .rodata              const       0x3'3d4c     0x20  core-cli.o [46]
    .rodata              const       0x3'3d6c      0x8  core-cli.o [46]
    .rodata              const       0x3'3d74      0xc  core-cli.o [46]
    .rodata              const       0x3'3d80     0x34  core-cli.o [46]
    .rodata              const       0x3'3db4     0x18  core-cli.o [46]
    .rodata              const       0x3'3dcc      0xc  core-cli.o [46]
    .rodata              const       0x3'3dd8      0xc  core-cli.o [46]
    .rodata              const       0x3'3de4     0x10  core-cli.o [46]
    .rodata              const       0x3'3df4      0xc  core-cli.o [46]
    .rodata              const       0x3'3e00      0xc  core-cli.o [46]
    .rodata              const       0x3'3e0c     0x14  core-cli.o [46]
    .rodata              const       0x3'3e20     0x1c  core-cli.o [46]
    .rodata              const       0x3'3e3c      0x8  core-cli.o [46]
    .rodata              const       0x3'3e44      0xc  core-cli.o [46]
    .rodata              const       0x3'3e50      0x8  core-cli.o [46]
    .rodata              const       0x3'3e58     0x20  core-cli.o [46]
    .rodata              const       0x3'3e78      0x8  core-cli.o [46]
    .rodata              const       0x3'3e80     0x10  core-cli.o [46]
    .rodata              const       0x3'3e90     0x10  core-cli.o [46]
    .rodata              const       0x3'3ea0      0x8  core-cli.o [46]
    .rodata              const       0x3'3ea8      0xc  core-cli.o [46]
    .rodata              const       0x3'3eb4      0x8  core-cli.o [46]
    .rodata              const       0x3'3ebc      0xc  core-cli.o [46]
    .rodata              const       0x3'3ec8     0x1c  core-cli.o [46]
    .rodata              const       0x3'3ee4      0x4  core-cli.o [46]
    .rodata              const       0x3'3ee8     0x18  message.o [46]
    .rodata              const       0x3'3f00      0x8  network-cli.o [46]
    .rodata              const       0x3'3f08      0x8  network-cli.o [46]
    .rodata              const       0x3'3f10      0x8  network-cli.o [46]
    .rodata              const       0x3'3f18     0x18  network-cli.o [46]
    .rodata              const       0x3'3f30     0x1c  network-cli.o [46]
    .rodata              const       0x3'3f4c     0x10  network-cli.o [46]
    .rodata              const       0x3'3f5c      0x8  network-cli.o [46]
    .rodata              const       0x3'3f64     0x14  network-cli.o [46]
    .rodata              const       0x3'3f78      0xc  network-cli.o [46]
    .rodata              const       0x3'3f84     0x14  network-cli.o [46]
    .rodata              const       0x3'3f98     0x14  network-cli.o [46]
    .rodata              const       0x3'3fac     0x20  network-cli.o [46]
    .rodata              const       0x3'3fcc     0x1c  network-cli.o [46]
    .rodata              const       0x3'3fe8     0x18  network-cli.o [46]
    .rodata              const       0x3'4000     0x1c  network-cli.o [46]
    .rodata              const       0x3'401c     0x10  network-cli.o [46]
    .rodata              const       0x3'402c     0x1c  network-cli.o [46]
    .rodata              const       0x3'4048     0x18  network-cli.o [46]
    .rodata              const       0x3'4060      0x8  network-cli.o [46]
    .rodata              const       0x3'4068     0x14  network-cli.o [46]
    .rodata              const       0x3'407c     0x14  network-cli.o [46]
    .rodata              const       0x3'4090      0x8  network-cli.o [46]
    .rodata              const       0x3'4098     0x1c  network-cli.o [46]
    .rodata              const       0x3'40b4     0x20  network-cli.o [46]
    .rodata              const       0x3'40d4     0x30  network-cli.o [46]
    .rodata              const       0x3'4104     0x30  network-cli.o [46]
    .rodata              const       0x3'4134     0x1c  option-cli.o [46]
    .rodata              const       0x3'4150      0xc  option-cli.o [46]
    .rodata              const       0x3'415c     0x1c  option-cli.o [46]
    .rodata              const       0x3'4178     0x18  option-cli.o [46]
    .rodata              const       0x3'4190     0x14  option-cli.o [46]
    .rodata              const       0x3'41a4      0xc  option-cli.o [46]
    .rodata              const       0x3'41b0      0x8  option-cli.o [46]
    .rodata              const       0x3'41b8      0x8  option-cli.o [46]
    .rodata              const       0x3'41c0      0x8  option-cli.o [46]
    .rodata              const       0x3'41c8      0x8  option-cli.o [46]
    .rodata              const       0x3'41d0      0x8  option-cli.o [46]
    .rodata              const       0x3'41d8      0x8  option-cli.o [46]
    .rodata              const       0x3'41e0      0x8  option-cli.o [46]
    .rodata              const       0x3'41e8     0x30  option-cli.o [46]
    .rodata              const       0x3'4218      0x8  option-cli.o [46]
    .rodata              const       0x3'4220     0x24  option-cli.o [46]
    .rodata              const       0x3'4244     0x20  option-cli.o [46]
    .rodata              const       0x3'4264     0x18  option-cli.o [46]
    .rodata              const       0x3'427c     0x10  option-cli.o [46]
    .rodata              const       0x3'428c     0x24  option-cli.o [46]
    .rodata              const       0x3'42b0     0x3c  option-cli.o [46]
    .rodata              const       0x3'42ec     0x20  option-cli.o [46]
    .rodata              const       0x3'430c     0x18  option-cli.o [46]
    .rodata              const       0x3'4324     0x14  option-cli.o [46]
    .rodata              const       0x3'4338     0x14  option-cli.o [46]
    .rodata              const       0x3'434c     0x18  print-formatter.o [46]
    .rodata              const       0x3'4364      0x8  print.o [46]
    .rodata              const       0x3'436c      0x8  print.o [46]
    .rodata              const       0x3'4374      0xc  print.o [46]
    .rodata              const       0x3'4380     0x1c  print.o [46]
    .rodata              const       0x3'439c     0x10  print.o [46]
    .rodata              const       0x3'43ac     0x2c  process-cluster-message.o [46]
    .rodata              const       0x3'43d8      0x8  process-cluster-message.o [46]
    .rodata              const       0x3'43e0      0xc  process-global-message.o [46]
    .rodata              const       0x3'43ec     0x1c  process-global-message.o [46]
    .rodata              const       0x3'4408      0x8  process-global-message.o [46]
    .rodata              const       0x3'4410     0x18  process-global-message.o [46]
    .rodata              const       0x3'4428     0x18  security-cli.o [46]
    .rodata              const       0x3'4440      0x8  security-cli.o [46]
    .rodata              const       0x3'4448      0x8  security-cli.o [46]
    .rodata              const       0x3'4450     0x38  security-cli.o [46]
    .rodata              const       0x3'4488     0x10  security-cli.o [46]
    .rodata              const       0x3'4498      0x8  security-cli.o [46]
    .rodata              const       0x3'44a0     0x14  security-cli.o [46]
    .rodata              const       0x3'44b4      0x8  security-cli.o [46]
    .rodata              const       0x3'44bc      0xc  security-cli.o [46]
    .rodata              const       0x3'44c8      0x8  security-cli.o [46]
    .rodata              const       0x3'44d0      0xc  security-cli.o [46]
    .rodata              const       0x3'44dc     0x14  security-cli.o [46]
    .rodata              const       0x3'44f0     0x10  security-cli.o [46]
    .rodata              const       0x3'4500     0x28  security-cli.o [46]
    .rodata              const       0x3'4528     0x38  security-cli.o [46]
    .rodata              const       0x3'4560      0x8  security-cli.o [46]
    .rodata              const       0x3'4568      0x8  security-cli.o [46]
    .rodata              const       0x3'4570      0x8  security-cli.o [46]
    .rodata              const       0x3'4578     0x10  security-cli.o [46]
    .rodata              const       0x3'4588     0x48  security-cli.o [46]
    .rodata              const       0x3'45d0      0xc  security-cli.o [46]
    .rodata              const       0x3'45dc      0x8  security-cli.o [46]
    .rodata              const       0x3'45e4      0xc  security-cli.o [46]
    .rodata              const       0x3'45f0     0x44  security-cli.o [46]
    .rodata              const       0x3'4634      0x8  security-cli.o [46]
    .rodata              const       0x3'463c      0xc  security-cli.o [46]
    .rodata              const       0x3'4648     0x50  security-cli.o [46]
    .rodata              const       0x3'4698     0x24  time-util.o [46]
    .rodata              const       0x3'46bc      0xc  time-util.o [46]
    .rodata              const       0x3'46c8      0x8  util.o [46]
    .rodata              const       0x3'46d0     0x14  util.o [46]
    .rodata              const       0x3'46e4      0xc  util.o [46]
    .rodata              const       0x3'46f0      0xc  util.o [46]
    .rodata              const       0x3'46fc     0x18  util.o [46]
    .rodata              const       0x3'4714      0x8  util.o [46]
    .rodata              const       0x3'471c      0x8  util.o [46]
    .rodata              const       0x3'4724     0x20  util.o [46]
    .rodata              const       0x3'4744      0xc  util.o [46]
    .rodata              const       0x3'4750     0x20  util.o [46]
    .rodata              const       0x3'4770     0x20  util.o [46]
    .rodata              const       0x3'4790     0x1c  util.o [46]
    .rodata              const       0x3'47ac      0x8  util.o [46]
    .rodata              const       0x3'47b4     0x28  util.o [46]
    .rodata              const       0x3'47dc      0x8  util.o [46]
    .rodata              const       0x3'47e4      0x8  util.o [46]
    .rodata              const       0x3'47ec      0x8  util.o [46]
    .rodata              const       0x3'47f4      0x8  util.o [46]
    .rodata              const       0x3'47fc     0x1c  util.o [46]
    .rodata              const       0x3'4818      0x8  util.o [46]
    .rodata              const       0x3'4820     0x1c  util.o [46]
    .rodata              const       0x3'483c     0x28  util.o [46]
    .rodata              const       0x3'4864     0x28  util.o [46]
    .rodata              const       0x3'488c      0x8  util.o [46]
    .rodata              const       0x3'4894     0x28  util.o [46]
    .rodata              const       0x3'48bc     0x1c  util.o [46]
    .rodata              const       0x3'48d8      0x8  util.o [46]
    .rodata              const       0x3'48e0     0x10  util.o [46]
    .rodata              const       0x3'48f0     0x10  util.o [46]
    .rodata              const       0x3'4900     0x28  util.o [46]
    .rodata              const       0x3'4928     0x20  util.o [46]
    .rodata              const       0x3'4948     0x14  util.o [46]
    .rodata              const       0x3'495c     0x24  zcl-cli.o [46]
    .rodata              const       0x3'4980      0xc  zcl-cli.o [46]
    .rodata              const       0x3'498c     0x44  zcl-cli.o [46]
    .rodata              const       0x3'49d0     0x28  zcl-cli.o [46]
    .rodata              const       0x3'49f8     0x34  zcl-cli.o [46]
    .rodata              const       0x3'4a2c     0x30  zcl-cli.o [46]
    .rodata              const       0x3'4a5c      0x8  zcl-cli.o [46]
    .rodata              const       0x3'4a64     0x28  zcl-cli.o [46]
    .rodata              const       0x3'4a8c     0x1c  zcl-cli.o [46]
    .rodata              const       0x3'4aa8     0x10  zcl-cli.o [46]
    .rodata              const       0x3'4ab8     0x10  zcl-cli.o [46]
    .rodata              const       0x3'4ac8     0x10  zcl-cli.o [46]
    .rodata              const       0x3'4ad8     0x14  zcl-cli.o [46]
    .rodata              const       0x3'4aec     0x1c  zcl-cli.o [46]
    .rodata              const       0x3'4b08     0x14  zcl-cli.o [46]
    .rodata              const       0x3'4b1c     0x10  zcl-cli.o [46]
    .rodata              const       0x3'4b2c      0x8  zcl-cli.o [46]
    .rodata              const       0x3'4b34      0x8  zcl-cli.o [46]
    .rodata              const       0x3'4b3c     0x14  zcl-cli.o [46]
    .rodata              const       0x3'4b50     0x10  zcl-cli.o [46]
    .rodata              const       0x3'4b60     0x24  zcl-cli.o [46]
    .rodata              const       0x3'4b84      0x8  zcl-cli.o [46]
    .rodata              const       0x3'4b8c      0xc  zcl-cli.o [46]
    .rodata              const       0x3'4b98     0x10  zcl-cli.o [46]
    .rodata              const       0x3'4ba8      0x8  zcl-cli.o [46]
    .rodata              const       0x3'4bb0      0x8  zcl-cli.o [46]
    .rodata              const       0x3'4bb8     0x18  zcl-cli.o [46]
    .rodata              const       0x3'4bd0     0x18  zcl-cli.o [46]
    .rodata              const       0x3'4be8      0x8  zcl-cli.o [46]
    .rodata              const       0x3'4bf0     0x18  zcl-cli.o [46]
    .rodata              const       0x3'4c08      0x8  zcl-cli.o [46]
    .rodata              const       0x3'4c10     0x18  zdo-cli.o [46]
    .rodata              const       0x3'4c28     0x18  zdo-cli.o [46]
    .rodata              const       0x3'4c40     0x18  zdo-cli.o [46]
    .rodata              const       0x3'4c58     0x40  zdo-cli.o [46]
    .rodata              const       0x3'4c98     0x30  zdo-cli.o [46]
    .rodata              const       0x3'4cc8     0x10  zdo-cli.o [46]
    .rodata              const       0x3'4cd8     0x18  zdo-cli.o [46]
    .rodata              const       0x3'4cf0     0x20  zdo-cli.o [46]
    .rodata              const       0x3'4d10     0x1c  zdo-cli.o [46]
    .rodata              const       0x3'4d2c     0x20  zdo-cli.o [46]
    .rodata              const       0x3'4d4c     0x20  zdo-cli.o [46]
    .rodata              const       0x3'4d6c     0x14  zdo-cli.o [46]
    .rodata              const       0x3'4d80     0x20  zdo-cli.o [46]
    .rodata              const       0x3'4da0     0x20  zdo-cli.o [46]
    .rodata              const       0x3'4dc0     0x18  zdo-cli.o [46]
    .rodata              const       0x3'4dd8     0x1c  zdo-cli.o [46]
    .rodata              const       0x3'4df4     0x10  zdo-cli.o [46]
    .rodata              const       0x3'4e04      0xc  zdo-cli.o [46]
    .rodata              const       0x3'4e10     0x18  zdo-cli.o [46]
    .rodata              const       0x3'4e28     0x14  zdo-cli.o [46]
    .rodata              const       0x3'4e3c      0x8  zdo-cli.o [46]
    .rodata              const       0x3'4e44      0x8  zdo-cli.o [46]
    .rodata              const       0x3'4e4c     0x34  zdo-cli.o [46]
    .rodata              const       0x3'4e80     0x14  zdo-cli.o [46]
    .rodata              const       0x3'4e94     0x2c  xx_alpha_cluster.o [44]
    .rodata              const       0x3'4ec0     0x24  xx_alpha_cluster.o [44]
    .rodata              const       0x3'4ee4     0x24  xx_alpha_cluster.o [44]
    .rodata              const       0x3'4f08     0x28  xx_alpha_cluster.o [44]
    .rodata              const       0x3'4f30     0x24  xx_alpha_cluster.o [44]
    .rodata              const       0x3'4f54     0x24  xx_alpha_cluster.o [44]
    .rodata              const       0x3'4f78     0x24  xx_alpha_cluster.o [44]
    .rodata              const       0x3'4f9c     0x28  xx_alpha_cluster.o [44]
    .rodata              const       0x3'4fc4     0x28  xx_alpha_cluster.o [44]
    .rodata              const       0x3'4fec     0x24  xx_alpha_cluster.o [44]
    .rodata              const       0x3'5010     0x20  xx_project.o [44]
    .rodata              const       0x3'5030     0x20  xx_project.o [44]
    .rodata              const       0x3'5050     0x14  xx_project.o [44]
    .rodata              const       0x3'5064     0x14  xx_project.o [44]
    .rodata              const       0x3'5078     0x18  xx_project.o [44]
    .rodata              const       0x3'5090     0x18  xx_project.o [44]
    .rodata              const       0x3'50a8     0x2c  xx_project.o [44]
    .rodata              const       0x3'50d4     0x14  xx_project.o [44]
    .rodata              const       0x3'50e8     0x28  xx_project.o [44]
    .rodata              const       0x3'5110     0x10  xx_project.o [44]
    .rodata              const       0x3'5120      0x8  xx_project.o [44]
    .rodata              const       0x3'5128     0x18  xx_project.o [44]
    .rodata              const       0x3'5140     0x24  xx_project.o [44]
    .rodata              const       0x3'5164     0x18  xx_project.o [44]
    .rodata              const       0x3'517c     0x1c  xx_project.o [44]
    .rodata              const       0x3'5198     0x18  xx_nwk.o [43]
    .rodata              const       0x3'51b0     0x18  xx_nwk.o [43]
    .rodata              const       0x3'51c8     0x1c  xx_nwk.o [43]
    .rodata              const       0x3'51e4     0x2c  xx_nwk.o [43]
    .rodata              const       0x3'5210     0x38  xx_nwk.o [43]
    .rodata              const       0x3'5248     0x64  xx_memory.o [42]
    .rodata              const       0x3'52ac      0x8  xx_memory.o [42]
    .rodata              const       0x3'52b4     0x54  xx_memory.o [42]
    .rodata              const       0x3'5308     0x14  xx_delay_event.o [40]
    .rodata              const       0x3'531c     0x18  xx_diagnostics.o [40]
    .rodata              const       0x3'5334     0x18  xx_ias.o [40]
    .rodata              const       0x3'534c     0x14  xx_ias.o [40]
    .rodata              const       0x3'5360     0x38  xx_ias.o [40]
    .rodata              const       0x3'5398     0x14  xx_ias.o [40]
    .rodata              const       0x3'53ac      0x8  xx_mfg.o [40]
    .rodata              const       0x3'53b4      0x8  xx_mfg.o [40]
    .rodata              const       0x3'53bc      0x8  xx_mfg.o [40]
    .rodata              const       0x3'53c4      0x8  xx_mfg.o [40]
    .rodata              const       0x3'53cc      0x8  xx_mfg.o [40]
    .rodata              const       0x3'53d4      0x8  xx_mfg.o [40]
    .rodata              const       0x3'53dc      0x8  xx_mfg.o [40]
    .rodata              const       0x3'53e4      0x8  xx_mfg.o [40]
    .rodata              const       0x3'53ec      0x8  xx_mfg.o [40]
    .rodata              const       0x3'53f4      0x8  xx_mfg.o [40]
    .rodata              const       0x3'53fc     0x20  xx_mfg.o [40]
    .rodata              const       0x3'541c     0x24  xx_mfg.o [40]
    .rodata              const       0x3'5440     0x14  xx_mfg.o [40]
    .rodata              const       0x3'5454     0x20  xx_mfg.o [40]
    .rodata              const       0x3'5474     0x20  xx_mfg.o [40]
    .rodata              const       0x3'5494     0x10  xx_mfg.o [40]
    .rodata              const       0x3'54a4     0x28  xx_mfg.o [40]
    .rodata              const       0x3'54cc     0x18  xx_mfg.o [40]
    .rodata              const       0x3'54e4     0x20  xx_mfg.o [40]
    .rodata              const       0x3'5504     0x3c  xx_power_configuration.o [40]
    .rodata              const       0x3'5540      0xc  xx_power_configuration.o [40]
    .rodata              const       0x3'554c     0x1c  xx_power_configuration.o [40]
    .rodata              const       0x3'5568     0x14  xx_power_configuration.o [40]
    .rodata              const       0x3'557c     0x38  xx_zcl_cmd.o [40]
    .rodata              const       0x3'55b4      0x8  xx_zcl_cmd.o [40]
    .rodata              const       0x3'55bc      0x8  xx_zcl_cmd.o [40]
    .rodata              const       0x3'55c4     0x10  xx_zcl_cmd.o [40]
    .rodata              const       0x3'55d4     0x18  xx_zcl_parse.o [40]
    .rodata              const       0x3'55ec     0x24  xx_zcl_parse.o [40]
    .rodata              const       0x3'5610     0x10  xx_zcl_parse.o [40]
    .rodata              const       0x3'5620     0x18  xx_zcl_parse.o [40]
    .rodata              const       0x3'5638     0x18  xx_zcl_parse.o [40]
    .rodata              const       0x3'5650     0x1c  xx_zcl_parse.o [40]
    .rodata              const       0x3'566c     0x18  xx_zcl_parse.o [40]
    .rodata              const       0x3'5684     0x20  xx_zcl_parse.o [40]
    .rodata              const       0x3'56a4     0x2c  xx_zcl_parse.o [40]
    .rodata              const       0x3'56d0     0x18  xx_zcl_parse.o [40]
    .rodata              const       0x3'56e8     0x18  xx_zcl_parse.o [40]
    .rodata              const       0x3'5700     0x18  xx_irq_button.o [39]
    .rodata              const       0x3'5718     0x28  xx_irq_button_handle.o [39]
    .rodata              const       0x3'5740      0xc  xx_irq_button_handle.o [39]
    .rodata              const       0x3'574c     0x18  xx_irq_button_handle.o [39]
    .rodata              const       0x3'5764     0x24  xx_irq_button_handle.o [39]
    .rodata              const       0x3'5788     0x10  xx_irq_button_handle.o [39]
    .rodata              const       0x3'5798     0x2c  xx_irq_button_handle.o [39]
    .rodata              const       0x3'57c4     0x2c  xx_irq_button_handle.o [39]
    .rodata              const       0x3'57f0     0x30  xx_irq_button_handle.o [39]
    .rodata              const       0x3'5820     0x2c  xx_irq_button_handle.o [39]
    .rodata              const       0x3'584c     0x2c  xx_irq_button_handle.o [39]
    .rodata              const       0x3'5878     0x14  xx_irq_button_handle.o [39]
    .rodata              const       0x3'588c     0x30  xx_irq_button_handle.o [39]
    .rodata              const       0x3'58bc     0x14  xx_irq_button_handle.o [39]
    .rodata              const       0x3'58d0     0x2c  xx_irq_button_handle.o [39]
    .rodata              const       0x3'58fc     0x2c  xx_irq_button_handle.o [39]
    .rodata              const       0x3'5928     0x30  xx_irq_button_handle.o [39]
    .rodata              const       0x3'5958     0x10  xx_blink_led.o [38]
    .rodata              const       0x3'5968     0x10  xx_blink_led.o [38]
    .rodata              const       0x3'5978     0x14  update-tc-link-key.o [36]
    .rodata              const       0x3'598c     0x18  update-tc-link-key.o [36]
    .rodata              const       0x3'59a4      0x8  update-tc-link-key.o [36]
    .rodata              const       0x3'59ac      0x8  update-tc-link-key.o [36]
    .rodata              const       0x3'59b4      0xc  update-tc-link-key.o [36]
[...]
xxIrqButtonHandleButton0LowCallback::__func__
                           0x3'5764    0x24  Data  Lc  xx_irq_button_handle.o [39]
xxIrqButtonHandleButton0PressedEvent
                        0x2000'660c     0x8  Data  Gb  xx_irq_button_handle.o [39]
xxIrqButtonHandleButton0PressedEventHandler
                           0x2'9005    0x4c  Code  Gb  xx_irq_button_handle.o [39]
xxIrqButtonHandleButton0PressedLongCallback
                           0x2'8fdf    0x12  Code  Gb  xx_irq_button_handle.o [39]
xxIrqButtonHandleButton0PressedLongCallback::__func__
                           0x3'57c4    0x2c  Data  Lc  xx_irq_button_handle.o [39]
xxIrqButtonHandleButton0PressedShortCallback
                           0x2'8ff1    0x12  Code  Gb  xx_irq_button_handle.o [39]
xxIrqButtonHandleButton0PressedShortCallback::__func__
                           0x3'57f0    0x30  Data  Lc  xx_irq_button_handle.o [39]
xxIrqButtonHandleButton0PressingCallback
                           0x2'8fd1     0xe  Code  Gb  xx_irq_button_handle.o [39]
xxIrqButtonHandleButton0PressingCallback::__func__
                           0x3'5798    0x2c  Data  Lc  xx_irq_button_handle.o [39]
xxIrqButtonHandleButton0ReleasedEvent
                        0x2000'6614     0x8  Data  Gb  xx_irq_button_handle.o [39]
xxIrqButtonHandleButton0ReleasedEventHandler
                           0x2'9051    0x46  Code  Gb  xx_irq_button_handle.o [39]
xxIrqButtonHandleButton1PressedEvent
                        0x2000'661c     0x8  Data  Gb  xx_irq_button_handle.o [39]
xxIrqButtonHandleButton1PressedEventHandler
                           0x2'9119    0x44  Code  Gb  xx_irq_button_handle.o [39]
xxIrqButtonHandleButton1PressedLongCallback
                           0x2'90a7    0x1c  Code  Gb  xx_irq_button_handle.o [39]
xxIrqButtonHandleButton1PressedLongCallback::__func__
                           0x3'584c    0x2c  Data  Lc  xx_irq_button_handle.o [39]
xxIrqButtonHandleButton1PressedShortCallback
                           0x2'90cb    0x4c  Code  Gb  xx_irq_button_handle.o [39]
xxIrqButtonHandleButton1PressedShortCallback::__func__
                           0x3'588c    0x30  Data  Lc  xx_irq_button_handle.o [39]
xxIrqButtonHandleButton1PressingCallback
                           0x2'9097    0x10  Code  Gb  xx_irq_button_handle.o [39]
xxIrqButtonHandleButton1PressingCallback::__func__
                           0x3'5820    0x2c  Data  Lc  xx_irq_button_handle.o [39]
xxIrqButtonHandleButton1ReleasedEvent
                        0x2000'6624     0x8  Data  Gb  xx_irq_button_handle.o [39]
xxIrqButtonHandleButton1ReleasedEventHandler
                           0x2'9171    0x46  Code  Gb  xx_irq_button_handle.o [39]
xxIrqButtonHandleButton2PressedEvent
                        0x2000'662c     0x8  Data  Gb  xx_irq_button_handle.o [39]
xxIrqButtonHandleButton2PressedEventHandler
                           0x2'920d    0x46  Code  Gb  xx_irq_button_handle.o [39]
xxIrqButtonHandleButton2PressedLongCallback
                           0x2'91ed    0x10  Code  Gb  xx_irq_button_handle.o [39]
xxIrqButtonHandleButton2PressedLongCallback::__func__
                           0x3'58fc    0x2c  Data  Lc  xx_irq_button_handle.o [39]
xxIrqButtonHandleButton2PressedShortCallback
                           0x2'91fd    0x10  Code  Gb  xx_irq_button_handle.o [39]
xxIrqButtonHandleButton2PressedShortCallback::__func__
                           0x3'5928    0x30  Data  Lc  xx_irq_button_handle.o [39]
xxIrqButtonHandleButton2PressingCallback
                           0x2'91d7     0xa  Code  Gb  xx_irq_button_handle.o [39]
xxIrqButtonHandleButton2PressingCallback::__func__
                           0x3'58d0    0x2c  Data  Lc  xx_irq_button_handle.o [39]
xxIrqButtonHandleButton2ReleasedEvent
                        0x2000'6634     0x8  Data  Gb  xx_irq_button_handle.o [39]
xxIrqButtonHandleButton2ReleasedEventHandler
                           0x2'9253    0x48  Code  Gb  xx_irq_button_handle.o [39]
xxIrqButtonHandleButtonTimeOut
                        0x2000'6604     0x8  Data  Gb  xx_irq_button_handle.o [39]
xxIrqButtonHandleButtonTimeOutHandler
                           0x2'8f67     0xa  Code  Gb  xx_irq_button_handle.o [39]
xxIrqButtonHandleClearButtonCounters
                           0x2'8f3d     0x2  Code  Lc  xx_irq_button_handle.o [39]
xxIrqButtonHandleFunction
                           0x2'929b    0x2e  Code  Gb  xx_irq_button_handle.o [39]
xxIrqButtonIndex           0x2'8bd5    0x22  Code  Lc  xx_irq_button.o [39]
xxIrqButtonInit            0x2'8c7f    0x68  Code  Gb  xx_irq_button.o [39]
xxIrqButtonInternalIsr     0x2'8c2f    0x50  Code  Gb  xx_irq_button.o [39]
xxIrqButtonIsr             0x2'8c2b     0x4  Code  Gb  xx_irq_button.o [39]
xxIrqButtonPinState        0x2'8bf9    0x32  Code  Gb  xx_irq_button.o [39]
xxIrqButtonStateSet        0x2'8bf7     0x2  Code  Gb  xx_irq_button.o [39]
xxMainInitCb1           0x2000'66a0     0x4  Data  Gb  xx_main.o [37]
xxMainInitCb10          0x2000'66c4     0x4  Data  Gb  xx_main.o [37]
xxMainInitCb2           0x2000'66a4     0x4  Data  Gb  xx_main.o [37]
xxMainInitCb3           0x2000'66a8     0x4  Data  Gb  xx_main.o [37]
xxMainInitCb4           0x2000'66ac     0x4  Data  Gb  xx_main.o [37]
xxMainInitCb5           0x2000'66b0     0x4  Data  Gb  xx_main.o [37]
xxMainInitCb6           0x2000'66b4     0x4  Data  Gb  xx_main.o [37]
xxMainInitCb7           0x2000'66b8     0x4  Data  Gb  xx_main.o [37]
xxMainInitCb8           0x2000'66bc     0x4  Data  Gb  xx_main.o [37]
xxMainInitCb9           0x2000'66c0     0x4  Data  Gb  xx_main.o [37]
xxMainStackStatusCb     0x2000'66f0     0x4  Data  Gb  xx_main.o [37]
xxMainTickCb1           0x2000'66c8     0x4  Data  Gb  xx_main.o [37]
xxMainTickCb10          0x2000'66ec     0x4  Data  Gb  xx_main.o [37]
xxMainTickCb2           0x2000'66cc     0x4  Data  Gb  xx_main.o [37]
xxMainTickCb3           0x2000'66d0     0x4  Data  Gb  xx_main.o [37]
xxMainTickCb4           0x2000'66d4     0x4  Data  Gb  xx_main.o [37]
xxMainTickCb5           0x2000'66d8     0x4  Data  Gb  xx_main.o [37]
xxMainTickCb6           0x2000'66dc     0x4  Data  Gb  xx_main.o [37]
xxMainTickCb7           0x2000'66e0     0x4  Data  Gb  xx_main.o [37]
xxMainTickCb8           0x2000'66e4     0x4  Data  Gb  xx_main.o [37]
xxMainTickCb9           0x2000'66e8     0x4  Data  Gb  xx_main.o [37]
xxMfgDelayEventMfgModelFunction
                           0x3'1ed9   0x134  Code  Gb  xx_mfg.o [40]
xxMfgGpioTestFunction      0x3'1df1    0xda  Code  Gb  xx_mfg.o [40]
xxMfgInitFunction          0x3'1d35    0x8e  Code  Gb  xx_mfg.o [40]
xxProjectButtonIntervalTimeFuction
                           0x1'5d11    0x12  Code  Gb  xx_project.o [44]
xxProjectHeartBeatEventHandler
                           0x2'fe05     0xa  Code  Gb  xx_heart_beat.o [40]
xxProjectScanNetworkFuction
                           0x1'5c2d    0x94  Code  Gb  xx_project.o [44]
xxProjectScanNetworkFuction::xxJoiningCunt
                        0x2000'7f87     0x1  Data  Lc  xx_project.o [44]
xxProjectWaitCfgCmdFuction
                           0x1'5d23    0x14  Code  Gb  xx_project.o [44]
xxRebootEventControl    0x2000'63a4     0x8  Data  Gb  xx_project.o [44]
xxRebootEventHandler       0x1'5d91    0x62  Code  Gb  xx_project.o [44]
xxRfZclParseRxZclMessage
                           0x1'379d    0xce  Code  Lc  xx_zcl_parse.o [40]
xxSerialDataConfig         0x1'5f09     0xe  Code  Gb  xx_serial.o [45]
xxZclCmdAlphaClusterCommandparse
                           0x2'5621    0x22  Code  Gb  xx_zcl_cmd.o [40]
xxZclCmdOnOffClusterServerCommandparse
                           0x2'55d1     0x4  Code  Gb  xx_zcl_cmd.o [40]
xxZclCmdScenesClusterServerCommandparse
                           0x2'55d5     0x4  Code  Gb  xx_zcl_cmd.o [40]
xxZclCmdotaClusterCommandparse
                           0x2'55d9    0x36  Code  Gb  xx_zcl_cmd.o [40]
xx_alpha_cluster_mac_all_ff
                        0x2000'522c     0x8  Data  Lc  xx_alpha_cluster.o [44]
xx_blink_ledEventArray  0x2000'52d4     0x8  Data  Gb  xx_blink_led.o [38]
xx_irq_button_handle_button0_last_state
                        0x2000'59e0     0x1  Data  Lc  xx_irq_button_handle.o [39]
xx_irq_button_handle_button0_pressed_state
                        0x2000'7f91     0x1  Data  Lc  xx_irq_button_handle.o [39]
xx_irq_button_handle_button0_timer
                        0x2000'7f36     0x2  Data  Lc  xx_irq_button_handle.o [39]
xx_irq_button_handle_button1_last_state
                        0x2000'59e1     0x1  Data  Lc  xx_irq_button_handle.o [39]
xx_irq_button_handle_button1_pressed_state
                        0x2000'7f92     0x1  Data  Lc  xx_irq_button_handle.o [39]
xx_irq_button_handle_button1_timer
                        0x2000'7f38     0x2  Data  Lc  xx_irq_button_handle.o [39]
xx_irq_button_handle_button2_last_state
                        0x2000'59e2     0x1  Data  Lc  xx_irq_button_handle.o [39]
xx_irq_button_handle_button2_pressed_state
                        0x2000'7f93     0x1  Data  Lc  xx_irq_button_handle.o [39]
xx_irq_button_handle_button2_timer
                        0x2000'7f3a     0x2  Data  Lc  xx_irq_button_handle.o [39]
xx_irq_button_rray         0x3'5700    0x18  Data  Lc  xx_irq_button.o [39]
xx_project_button_interval_time_event
                        0x2000'6318     0x8  Data  Gb  xx_project.o [44]
xx_project_heart_beat_event
                        0x2000'65e4     0x8  Data  Gb  xx_heart_beat.o [40]
xx_project_scan_network_event
                        0x2000'6310     0x8  Data  Gb  xx_project.o [44]
xx_project_wait_cfg_cmd_event
                        0x2000'6320     0x8  Data  Gb  xx_project.o [44]
xx_test_gpio            0x2000'5234    0xa0  Data  Gb  xx_mfg.o [40]
zclBasicGlsrCommand        0x3'30ed     0x6  Code  Lc  znet-cli.o [1]
zclBufferAddByte           0x3'0c79    0x12  Code  Gb  zcl-cli.o [46]
zclBufferAddByteFromArgument
                           0x3'0cb1     0x8  Code  Gb  zcl-cli.o [46]
zclBufferAddInt32          0x3'0c9d    0x14  Code  Gb  zcl-cli.o [46]
zclBufferAddWord           0x3'0c8b    0x12  Code  Gb  zcl-cli.o [46]
zclBufferAddWordFromArgument
                           0x3'0cc1     0x6  Code  Gb  zcl-cli.o [46]
zclBufferSetup             0x3'0c27    0x52  Code  Gb  zcl-cli.o [46]
zclClusterNames            0x3'4900    0x28  Data  Gb  util.o [46]
zclCmdIsBuilt           0x2000'7f7c     0x1  Data  Gb  zcl-cli.o [46]
zclGlobalCommandDiscoveryCommand
                           0x3'0fc1    0x2e  Code  Gb  zcl-cli.o [46]
zclGlobalDirection      0x2000'7f7f     0x1  Data  Lc  zcl-cli.o [46]
zclGlobalDirectionCommand
                           0x3'0dfb    0x14  Code  Gb  zcl-cli.o [46]
zclGlobalDiscoverCommand
                           0x3'0e73     0x4  Code  Gb  zcl-cli.o [46]
zclGlobalExpectReportFromMeCommand
                           0x3'0f99    0x1c  Code  Gb  zcl-cli.o [46]
zclGlobalReadCommand       0x3'0e0f     0x6  Code  Gb  zcl-cli.o [46]
zclGlobalReportCommand     0x3'0e81    0x8a  Code  Gb  zcl-cli.o [46]
zclGlobalReportReadCommand
                           0x3'0f13    0x20  Code  Gb  zcl-cli.o [46]
zclGlobalSendMeAReportCommand
                           0x3'0f33    0x50  Code  Gb  zcl-cli.o [46]
zclGlobalSetup             0x3'0de1    0x1a  Code  Gb  zcl-cli.o [46]
zclGlobalWriteCommand      0x3'0e15    0x5e  Code  Gb  zcl-cli.o [46]
zclIasZoneEnrollCommand
                           0x3'30f3     0x4  Code  Lc  znet-cli.o [1]
zclIasZoneScCommand        0x3'30f7     0x2  Code  Lc  znet-cli.o [1]
zclMfgCodeCommand          0x3'1007    0x2a  Code  Gb  zcl-cli.o [46]
zclSimpleCommand           0x3'0d17    0xc4  Code  Gb  zcl-cli.o [46]
zclTestResponseOffCommand
                           0x3'1001     0x6  Code  Gb  zcl-cli.o [46]
zclTestResponseOnCommand
                           0x3'0ffb     0x6  Code  Gb  zcl-cli.o [46]
zclTimeCommand             0x3'1071     0xe  Code  Gb  zcl-cli.o [46]
zclUseNextSequenceCommand
                           0x3'104f    0x22  Code  Gb  zcl-cli.o [46]
zclXDefaultRespCommand     0x3'1031    0x14  Code  Gb  zcl-cli.o [46]
zdoActiveEpCommand         0x3'1949    0x1e  Code  Gb  zdo-cli.o [46]
zdoAddClusterCommand       0x3'17eb    0x38  Code  Gb  zdo-cli.o [46]
zdoBindCommand             0x3'1771    0x72  Code  Gb  zdo-cli.o [46]
zdoClearClusterCommand     0x3'1823    0x1c  Code  Gb  zdo-cli.o [46]
zdoConfigurationModeEnabled
                        0x2000'5a0a     0x1  Data  Gb  zigbee-device-util.o [72]
zdoIeeeAddressRequestCommand
                           0x3'16a7    0x14  Code  Gb  zdo-cli.o [46]
zdoLeaveRequestCommand     0x3'19a7    0x32  Code  Gb  zdo-cli.o [46]
zdoMatchCommand            0x3'1703    0x44  Code  Gb  zdo-cli.o [46]
zdoMgmtBindCommand         0x3'198b    0x1c  Code  Gb  zdo-cli.o [46]
zdoMgmtLqiCommand          0x3'1967    0x1a  Code  Gb  zdo-cli.o [46]
zdoNetworkUpdateChannelCommand
                           0x3'1849    0x72  Code  Gb  zdo-cli.o [46]
zdoNetworkUpdateScanCommand
                           0x3'18bb    0x5c  Code  Gb  zdo-cli.o [46]
zdoNetworkUpdateSetCommand
                           0x3'191d    0x1e  Code  Gb  zdo-cli.o [46]
zdoNodeCommand             0x3'16e1    0x22  Code  Gb  zdo-cli.o [46]
zdoNwkAddressRequestCommand
                           0x3'1691    0x16  Code  Gb  zdo-cli.o [46]
zdoPowerDescriptorRequestCommand
                           0x3'19d9    0x18  Code  Gb  zdo-cli.o [46]
zdoRouteRequestCommand     0x3'1ac7    0x26  Code  Gb  zdo-cli.o [46]
zdoSimpleCommand           0x3'16bb    0x26  Code  Gb  zdo-cli.o [46]
zdoUnbindGroupCommand      0x3'1a83    0x18  Code  Gb  zdo-cli.o [46]
zdoUnbindUnicastCommand
                           0x3'1a9b    0x2c  Code  Gb  zdo-cli.o [46]
zigDevApsStruct         0x2000'78e8     0x4  Data  Lc  zigbee-device-util.o [72]
zigDevRequestRadius     0x2000'59ff     0x1  Data  Gb  zigbee-device-common.o [1]
zigDevRequestSequence   0x2000'7fd7     0x1  Data  Lc  zigbee-device-common.o [1]
zigDevRequestSequence   0x2000'78e4     0x1  Data  Lc  zigbee-device-util.o [72]
zigbeeMacFilterList        0x3'd36c     0x2  Data  Gb  ember-configuration.o [1]
zllActiveScanCompleteHandler
                           0x2'0d8d    0x16  Code  Lc  zigbee-scan.o [72]
zll_channel_stay           0x2'0c03    0x2e  Code  Gb  zigbee-scan.o [72]
zll_scan_request_callback
                           0x2'0c31    0xa6  Code  Lc  zigbee-scan.o [72]


[1] = D:\v5\v5_workspace\WATER_SENSOR\IAR ARM - Default - EFR32MG22C224F512IM32
[2] = D:\v5\v5_workspace\WATER_SENSOR\IAR ARM - Default - EFR32MG22C224F512IM32\adc\EFR32
[3] = D:\v5\v5_workspace\WATER_SENSOR\IAR ARM - Default - EFR32MG22C224F512IM32\antenna-stub
[4] = D:\v5\v5_workspace\WATER_SENSOR\IAR ARM - Default - EFR32MG22C224F512IM32\basic
[5] = D:\v5\v5_workspace\WATER_SENSOR\IAR ARM - Default - EFR32MG22C224F512IM32\battery-monitor\EFR32
[6] = D:\v5\v5_workspace\WATER_SENSOR\IAR ARM - Default - EFR32MG22C224F512IM32\ccm-encryption
[7] = D:\v5\v5_workspace\WATER_SENSOR\IAR ARM - Default - EFR32MG22C224F512IM32\coexistence-stub\EFR32
[8] = D:\v5\v5_workspace\WATER_SENSOR\IAR ARM - Default - EFR32MG22C224F512IM32\counters
[9] = D:\v5\v5_workspace\WATER_SENSOR\IAR ARM - Default - EFR32MG22C224F512IM32\debug-basic-library\EFR32
[10] = D:\v5\v5_workspace\WATER_SENSOR\IAR ARM - Default - EFR32MG22C224F512IM32\debug-jtag-stub\EFR32
[11] = D:\v5\v5_workspace\WATER_SENSOR\IAR ARM - Default - EFR32MG22C224F512IM32\diagnostic-server
[12] = D:\v5\v5_workspace\WATER_SENSOR\IAR ARM - Default - EFR32MG22C224F512IM32\efr32
[13] = D:\v5\v5_workspace\WATER_SENSOR\IAR ARM - Default - EFR32MG22C224F512IM32\ember-minimal-printf
[14] = D:\v5\v5_workspace\WATER_SENSOR\IAR ARM - Default - EFR32MG22C224F512IM32\emdrv
[15] = D:\v5\v5_workspace\WATER_SENSOR\IAR ARM - Default - EFR32MG22C224F512IM32\emlib
[16] = D:\v5\v5_workspace\WATER_SENSOR\IAR ARM - Default - EFR32MG22C224F512IM32\end-device-support
[17] = D:\v5\v5_workspace\WATER_SENSOR\IAR ARM - Default - EFR32MG22C224F512IM32\generic-interrupt-control\EFR32
[18] = D:\v5\v5_workspace\WATER_SENSOR\IAR ARM - Default - EFR32MG22C224F512IM32\hal-library\EFR32
[19] = D:\v5\v5_workspace\WATER_SENSOR\IAR ARM - Default - EFR32MG22C224F512IM32\hal-library\EFR32_2
[20] = D:\v5\v5_workspace\WATER_SENSOR\IAR ARM - Default - EFR32MG22C224F512IM32\hal-library\EFR32_xx
[21] = D:\v5\v5_workspace\WATER_SENSOR\IAR ARM - Default - EFR32MG22C224F512IM32\ias-zone-server
[22] = D:\v5\v5_workspace\WATER_SENSOR\IAR ARM - Default - EFR32MG22C224F512IM32\idle-sleep
[23] = D:\v5\v5_workspace\WATER_SENSOR\IAR ARM - Default - EFR32MG22C224F512IM32\manufacturing-library-cli
[24] = D:\v5\v5_workspace\WATER_SENSOR\IAR ARM - Default - EFR32MG22C224F512IM32\mbedtls\EFR32
[25] = D:\v5\v5_workspace\WATER_SENSOR\IAR ARM - Default - EFR32MG22C224F512IM32\mbedtls\EFR32_2_2
[26] = D:\v5\v5_workspace\WATER_SENSOR\IAR ARM - Default - EFR32MG22C224F512IM32\network-steering
[27] = D:\v5\v5_workspace\WATER_SENSOR\IAR ARM - Default - EFR32MG22C224F512IM32\nvm3
[28] = D:\v5\v5_workspace\WATER_SENSOR\IAR ARM - Default - EFR32MG22C224F512IM32\nvm3\EFR32
[29] = D:\v5\v5_workspace\WATER_SENSOR\IAR ARM - Default - EFR32MG22C224F512IM32\power-configuration-server
[30] = D:\v5\v5_workspace\WATER_SENSOR\IAR ARM - Default - EFR32MG22C224F512IM32\reporting
[31] = D:\v5\v5_workspace\WATER_SENSOR\IAR ARM - Default - EFR32MG22C224F512IM32\scan-dispatch
[32] = D:\v5\v5_workspace\WATER_SENSOR\IAR ARM - Default - EFR32MG22C224F512IM32\serial
[33] = D:\v5\v5_workspace\WATER_SENSOR\IAR ARM - Default - EFR32MG22C224F512IM32\serial\EFR32
[34] = D:\v5\v5_workspace\WATER_SENSOR\IAR ARM - Default - EFR32MG22C224F512IM32\simple-main
[35] = D:\v5\v5_workspace\WATER_SENSOR\IAR ARM - Default - EFR32MG22C224F512IM32\strong-random
[36] = D:\v5\v5_workspace\WATER_SENSOR\IAR ARM - Default - EFR32MG22C224F512IM32\update-tc-link-key
[37] = D:\v5\v5_workspace\WATER_SENSOR\IAR ARM - Default - EFR32MG22C224F512IM32\xxapp
[38] = D:\v5\v5_workspace\WATER_SENSOR\IAR ARM - Default - EFR32MG22C224F512IM32\xxapp\xx_blink_led
[39] = D:\v5\v5_workspace\WATER_SENSOR\IAR ARM - Default - EFR32MG22C224F512IM32\xxapp\xx_button
[40] = D:\v5\v5_workspace\WATER_SENSOR\IAR ARM - Default - EFR32MG22C224F512IM32\xxapp\xx_common
[41] = D:\v5\v5_workspace\WATER_SENSOR\IAR ARM - Default - EFR32MG22C224F512IM32\xxapp\xx_hal
[42] = D:\v5\v5_workspace\WATER_SENSOR\IAR ARM - Default - EFR32MG22C224F512IM32\xxapp\xx_memory
[43] = D:\v5\v5_workspace\WATER_SENSOR\IAR ARM - Default - EFR32MG22C224F512IM32\xxapp\xx_nwk
[44] = D:\v5\v5_workspace\WATER_SENSOR\IAR ARM - Default - EFR32MG22C224F512IM32\xxapp\xx_project
[45] = D:\v5\v5_workspace\WATER_SENSOR\IAR ARM - Default - EFR32MG22C224F512IM32\xxapp\xx_serial
[46] = D:\v5\v5_workspace\WATER_SENSOR\IAR ARM - Default - EFR32MG22C224F512IM32\zcl-framework-core
[47] = binding-table-library.a
[48] = cbke-163k1-stub-library.a
[49] = cbke-283k1-stub-library.a
[50] = cbke-library-dsa-sign-stub.a
[51] = cbke-library-dsa-verify-283k1-stub.a
[52] = cbke-library-dsa-verify-stub.a
[53] = cbke-stub-library.a
[54] = debug-basic-library.a
[55] = debug-extended-stub-library.a
[56] = dl7M_tln.a
[57] = end-device-bind-stub-library.a
[58] = gp-stub-library.a
[59] = hal-library.a
[60] = install-code-library.a
[61] = libnvm3_CM33_iar.a
[62] = librail_efr32xg22_iar_release.a
[63] = m7M_tls.a
[64] = mfglib-library.a
[65] = multi-network-stub-library.a
[66] = multi-pan-stub-library.a
[67] = packet-validate-library.a
[68] = rt7M_tl.a
[69] = security-library-link-keys-stub.a
[70] = sim-eeprom2-to-nvm3-upgrade-stub-library.a
[71] = source-route-stub-library.a
[72] = zigbee-pro-stack.a
[73] = zigbee-r22-support-stub-library.a
[74] = zll-stub-library.a

  207 976 bytes of readonly  code memory
      384 bytes of readwrite code memory
   43 861 bytes of readonly  data memory
   59 227 bytes of readwrite data memory

Errors: none
Warnings: none
