###############################################################################
#
# IAR ELF Linker V8.30.1.114/W32 for ARM                  11/May/2022  23:13:28
# Copyright 2007-2018 IAR Systems AB.
#
#    Output file  =  BODY_SENSOR.out
#    Map file     =  
#        D:/v5/v5_workspace/BODY_SENSOR/IAR ARM - Default -
#        EFR32MG22C224F512IM32/BODY_SENSOR.map
#    Command line =  
#        ./zcl-framework-core/af-event.o ./zcl-framework-core/af-main-common.o
#        ./zcl-framework-core/af-main-soc.o ./zcl-framework-core/af-node.o
#        ./zcl-framework-core/af-security-common.o
#        ./zcl-framework-core/af-trust-center.o
#        ./zcl-framework-core/attribute-size.o
#        ./zcl-framework-core/attribute-storage.o
#        ./zcl-framework-core/attribute-table.o
#        ./zcl-framework-core/client-api.o ./zcl-framework-core/core-cli.o
#        ./zcl-framework-core/crypto-state.o ./zcl-framework-core/message.o
#        ./zcl-framework-core/multi-network.o
#        ./zcl-framework-core/network-cli.o ./zcl-framework-core/option-cli.o
#        ./zcl-framework-core/plugin-cli.o
#        ./zcl-framework-core/print-formatter.o ./zcl-framework-core/print.o
#        ./zcl-framework-core/process-cluster-message.o
#        ./zcl-framework-core/process-global-message.o
#        ./zcl-framework-core/security-cli.o
#        ./zcl-framework-core/service-discovery-common.o
#        ./zcl-framework-core/service-discovery-soc.o
#        ./zcl-framework-core/time-util.o ./zcl-framework-core/util.o
#        ./zcl-framework-core/zcl-cli.o ./zcl-framework-core/zdo-cli.o
#        ./xxapp/xx_serial/xx_serial.o ./xxapp/xx_serial/xx_serial_at.o
#        ./xxapp/xx_serial/xx_serial_wifi.o
#        ./xxapp/xx_project/xx_alpha_cluster.o ./xxapp/xx_project/xx_project.o
#        ./xxapp/xx_nwk/xx_nwk.o ./xxapp/xx_memory/xx_memory.o
#        ./xxapp/xx_hal/xx_hal.o ./xxapp/xx_hal/xx_hal_key.o
#        ./xxapp/xx_hal/xx_hal_led.o ./xxapp/xx_hal/xx_hal_timer.o
#        ./xxapp/xx_common/xx_common_function.o
#        ./xxapp/xx_common/xx_delay_event.o ./xxapp/xx_common/xx_diagnostics.o
#        ./xxapp/xx_common/xx_example.o ./xxapp/xx_common/xx_heart_beat.o
#        ./xxapp/xx_common/xx_ias.o ./xxapp/xx_common/xx_mfg.o
#        ./xxapp/xx_common/xx_power_configuration.o
#        ./xxapp/xx_common/xx_sleepy_device.o ./xxapp/xx_common/xx_zcl_cmd.o
#        ./xxapp/xx_common/xx_zcl_parse.o ./xxapp/xx_common/xx_zdo_parse.o
#        ./xxapp/xx_button/xx_irq_button.o
#        ./xxapp/xx_button/xx_irq_button_handle.o
#        ./xxapp/xx_blink_led/xx_blink_led.o ./xxapp/xx_main.o
#        ./update-tc-link-key/update-tc-link-key-cli.o
#        ./update-tc-link-key/update-tc-link-key.o
#        ./strong-random/strong-random-api.o ./simple-main/simple-main.o
#        ./serial/EFR32/serial.o ./serial/com.o ./scan-dispatch/scan-dispatch.o
#        ./reporting/reporting-cli.o
#        ./reporting/reporting-default-configuration.o ./reporting/reporting.o
#        ./power-configuration-server/power-configuration-server.o
#        ./nvm3/EFR32/nvm3_default.o ./nvm3/EFR32/nvm3_hal_flash.o
#        ./nvm3/nvm3_lock.o ./network-steering/network-steering-cli.o
#        ./network-steering/network-steering-soc.o
#        ./network-steering/network-steering-v2.o
#        ./network-steering/network-steering.o
#        ./mbedtls/EFR32_2_2/ba414ep_config.o
#        ./mbedtls/EFR32_2_2/ba431_config.o
#        ./mbedtls/EFR32_2_2/cryptodma_internal.o
#        ./mbedtls/EFR32_2_2/cryptolib_types.o ./mbedtls/EFR32_2_2/sx_aes.o
#        ./mbedtls/EFR32_2_2/sx_blk_cipher.o ./mbedtls/EFR32_2_2/sx_dh_alg.o
#        ./mbedtls/EFR32_2_2/sx_ecc_curves.o
#        ./mbedtls/EFR32_2_2/sx_ecc_keygen_alg.o
#        ./mbedtls/EFR32_2_2/sx_ecdsa_alg.o ./mbedtls/EFR32_2_2/sx_hash.o
#        ./mbedtls/EFR32_2_2/sx_math.o ./mbedtls/EFR32_2_2/sx_memcmp.o
#        ./mbedtls/EFR32_2_2/sx_memcpy.o ./mbedtls/EFR32_2_2/sx_primitives.o
#        ./mbedtls/EFR32_2_2/sx_rng.o ./mbedtls/EFR32_2_2/sx_trng.o
#        ./mbedtls/EFR32/aes.o ./mbedtls/EFR32/aes_aes.o
#        ./mbedtls/EFR32/asn1parse.o ./mbedtls/EFR32/asn1write.o
#        ./mbedtls/EFR32/base64.o ./mbedtls/EFR32/bignum.o
#        ./mbedtls/EFR32/ccm.o ./mbedtls/EFR32/chacha20.o
#        ./mbedtls/EFR32/chachapoly.o ./mbedtls/EFR32/cipher.o
#        ./mbedtls/EFR32/cipher_wrap.o ./mbedtls/EFR32/cmac.o
#        ./mbedtls/EFR32/crypto_aes.o ./mbedtls/EFR32/crypto_ecp.o
#        ./mbedtls/EFR32/crypto_gcm.o ./mbedtls/EFR32/crypto_management.o
#        ./mbedtls/EFR32/cryptoacc_aes.o ./mbedtls/EFR32/cryptoacc_gcm.o
#        ./mbedtls/EFR32/cryptoacc_management.o ./mbedtls/EFR32/ctr_drbg.o
#        ./mbedtls/EFR32/des.o ./mbedtls/EFR32/ecdh.o ./mbedtls/EFR32/ecdsa.o
#        ./mbedtls/EFR32/ecjpake.o ./mbedtls/EFR32/ecp.o
#        ./mbedtls/EFR32/ecp_curves.o ./mbedtls/EFR32/entropy.o
#        ./mbedtls/EFR32/error.o ./mbedtls/EFR32/gcm.o
#        ./mbedtls/EFR32/mbedtls_ccm.o ./mbedtls/EFR32/mbedtls_cmac.o
#        ./mbedtls/EFR32/mbedtls_ecdsa_ecdh.o ./mbedtls/EFR32/mbedtls_sha.o
#        ./mbedtls/EFR32/md.o ./mbedtls/EFR32/md5.o ./mbedtls/EFR32/oid.o
#        ./mbedtls/EFR32/pem.o ./mbedtls/EFR32/pk.o ./mbedtls/EFR32/pk_wrap.o
#        ./mbedtls/EFR32/pkparse.o ./mbedtls/EFR32/platform_util.o
#        ./mbedtls/EFR32/poly1305.o ./mbedtls/EFR32/psa_crypto.o
#        ./mbedtls/EFR32/psa_crypto_cipher.o
#        ./mbedtls/EFR32/psa_crypto_client.o
#        ./mbedtls/EFR32/psa_crypto_driver_wrappers.o
#        ./mbedtls/EFR32/psa_crypto_ecp.o ./mbedtls/EFR32/psa_crypto_hash.o
#        ./mbedtls/EFR32/psa_crypto_mac.o
#        ./mbedtls/EFR32/psa_crypto_slot_management.o
#        ./mbedtls/EFR32/psa_crypto_storage.o ./mbedtls/EFR32/rsa.o
#        ./mbedtls/EFR32/rsa_internal.o ./mbedtls/EFR32/se_aes.o
#        ./mbedtls/EFR32/se_gcm.o ./mbedtls/EFR32/se_jpake.o
#        ./mbedtls/EFR32/sha1.o ./mbedtls/EFR32/sha256.o
#        ./mbedtls/EFR32/sha512.o ./mbedtls/EFR32/sl_entropy.o
#        ./mbedtls/EFR32/sl_mbedtls.o ./mbedtls/EFR32/sl_psa_its_nvm3.o
#        ./mbedtls/EFR32/sl_se_management.o ./mbedtls/EFR32/sl_se_manager.o
#        ./mbedtls/EFR32/sl_se_manager_attestation.o
#        ./mbedtls/EFR32/sl_se_manager_cipher.o
#        ./mbedtls/EFR32/sl_se_manager_entropy.o
#        ./mbedtls/EFR32/sl_se_manager_hash.o
#        ./mbedtls/EFR32/sl_se_manager_key_derivation.o
#        ./mbedtls/EFR32/sl_se_manager_key_handling.o
#        ./mbedtls/EFR32/sl_se_manager_signature.o
#        ./mbedtls/EFR32/sl_se_manager_util.o
#        ./mbedtls/EFR32/sli_crypto_transparent_driver_aead.o
#        ./mbedtls/EFR32/sli_crypto_transparent_driver_cipher.o
#        ./mbedtls/EFR32/sli_crypto_transparent_driver_hash.o
#        ./mbedtls/EFR32/sli_crypto_transparent_driver_mac.o
#        ./mbedtls/EFR32/sli_crypto_trng_driver.o
#        ./mbedtls/EFR32/sli_cryptoacc_transparent_driver_aead.o
#        ./mbedtls/EFR32/sli_cryptoacc_transparent_driver_cipher.o
#        ./mbedtls/EFR32/sli_cryptoacc_transparent_driver_hash.o
#        ./mbedtls/EFR32/sli_cryptoacc_transparent_driver_key_derivation.o
#        ./mbedtls/EFR32/sli_cryptoacc_transparent_driver_key_management.o
#        ./mbedtls/EFR32/sli_cryptoacc_transparent_driver_mac.o
#        ./mbedtls/EFR32/sli_cryptoacc_transparent_driver_signature.o
#        ./mbedtls/EFR32/sli_protocol_crypto_crypto.o
#        ./mbedtls/EFR32/sli_protocol_crypto_radioaes.o
#        ./mbedtls/EFR32/sli_psa_driver_common.o
#        ./mbedtls/EFR32/sli_psa_driver_ghash.o
#        ./mbedtls/EFR32/sli_psa_driver_init.o ./mbedtls/EFR32/sli_psa_trng.o
#        ./mbedtls/EFR32/sli_radioaes_management.o
#        ./mbedtls/EFR32/sli_se_driver_aead.o
#        ./mbedtls/EFR32/sli_se_driver_builtin_keys.o
#        ./mbedtls/EFR32/sli_se_driver_cipher.o
#        ./mbedtls/EFR32/sli_se_driver_key_derivation.o
#        ./mbedtls/EFR32/sli_se_driver_key_management.o
#        ./mbedtls/EFR32/sli_se_driver_mac.o
#        ./mbedtls/EFR32/sli_se_driver_signature.o
#        ./mbedtls/EFR32/sli_se_opaque_driver_aead.o
#        ./mbedtls/EFR32/sli_se_opaque_driver_cipher.o
#        ./mbedtls/EFR32/sli_se_opaque_driver_mac.o
#        ./mbedtls/EFR32/sli_se_opaque_key_derivation.o
#        ./mbedtls/EFR32/sli_se_transparent_driver_aead.o
#        ./mbedtls/EFR32/sli_se_transparent_driver_cipher.o
#        ./mbedtls/EFR32/sli_se_transparent_driver_hash.o
#        ./mbedtls/EFR32/sli_se_transparent_driver_mac.o
#        ./mbedtls/EFR32/sli_se_transparent_key_derivation.o
#        ./mbedtls/EFR32/ssl_cache.o ./mbedtls/EFR32/ssl_ciphersuites.o
#        ./mbedtls/EFR32/ssl_cli.o ./mbedtls/EFR32/ssl_cookie.o
#        ./mbedtls/EFR32/ssl_msg.o ./mbedtls/EFR32/ssl_srv.o
#        ./mbedtls/EFR32/ssl_ticket.o ./mbedtls/EFR32/ssl_tls.o
#        ./mbedtls/EFR32/threading.o ./mbedtls/EFR32/x509.o
#        ./mbedtls/EFR32/x509_create.o ./mbedtls/EFR32/x509_crl.o
#        ./mbedtls/EFR32/x509_crt.o ./mbedtls/EFR32/x509_csr.o
#        ./mbedtls/EFR32/x509write_crt.o ./mbedtls/EFR32/x509write_csr.o
#        ./manufacturing-library-cli/manufacturing-library-cli-soc.o
#        ./idle-sleep/idle-sleep-cli.o ./idle-sleep/idle-sleep-soc.o
#        ./idle-sleep/idle-sleep.o ./ias-zone-server/ias-zone-server-cli.o
#        ./ias-zone-server/ias-zone-server.o
#        ./hal-library/EFR32_xx/pa_conversions_efr32.o
#        ./hal-library/EFR32_xx/pa_curves_efr32.o
#        ./hal-library/EFR32_2/sl_hfxo_manager.o
#        ./hal-library/EFR32_2/sl_hfxo_manager_hal_s2.o
#        ./hal-library/EFR32/hal-config-gpio.o ./hal-library/EFR32/hal-config.o
#        ./hal-library/EFR32/sl_mpu.o ./hal-library/EFR32/sl_power_manager.o
#        ./hal-library/EFR32/sl_power_manager_debug.o
#        ./hal-library/EFR32/sl_power_manager_hal_s0_s1.o
#        ./hal-library/EFR32/sl_power_manager_hal_s2.o
#        ./hal-library/EFR32/sl_slist.o
#        ./generic-interrupt-control/EFR32/generic-interrupt-control-efr32.o
#        ./end-device-support/end-device-move.o
#        ./end-device-support/end-device-support-cli.o
#        ./end-device-support/end-device-support.o
#        ./end-device-support/polling-common.o
#        ./end-device-support/polling-soc.o ./emlib/em_adc.o ./emlib/em_cmu.o
#        ./emlib/em_core.o ./emlib/em_cryotimer.o ./emlib/em_emu.o
#        ./emlib/em_eusart.o ./emlib/em_gpio.o ./emlib/em_i2c.o
#        ./emlib/em_iadc.o ./emlib/em_ldma.o ./emlib/em_leuart.o
#        ./emlib/em_msc.o ./emlib/em_prs.o ./emlib/em_rmu.o ./emlib/em_rtcc.o
#        ./emlib/em_se.o ./emlib/em_system.o ./emlib/em_timer.o
#        ./emlib/em_usart.o ./emlib/em_wdog.o ./emlib/system_efr32mg22.o
#        ./emdrv/dmadrv.o ./emdrv/gpiointerrupt.o ./emdrv/sl_sleeptimer.o
#        ./emdrv/sl_sleeptimer_hal_rtcc.o ./emdrv/tempdrv.o ./emdrv/uartdrv.o
#        ./emdrv/ustimer.o ./ember-minimal-printf/ember-printf.o
#        ./efr32/assert-crash-handlers.o ./efr32/button.o
#        ./efr32/buzzer-efr32.o ./efr32/cstartup-common.o ./efr32/diagnostic.o
#        ./efr32/ext-device.o ./efr32/faults-v7m.o ./efr32/isr-stubs.o
#        ./efr32/led.o ./efr32/mfg-token.o ./efr32/micro-common.o
#        ./efr32/micro.o ./efr32/sleep-efm32.o ./efr32/token.o
#        ./diagnostic-server/diagnostic-server-soc.o
#        ./debug-jtag-stub/EFR32/debug-jtag-stub.o
#        ./debug-basic-library/EFR32/SEGGER_RTT.o ./counters/counters-cli.o
#        ./counters/counters-ota.o ./counters/counters-soc.o
#        ./coexistence-stub/EFR32/coexistence-802154.o
#        ./coexistence-stub/EFR32/coulomb-counter-802154.o
#        ./ccm-encryption/ccm-star.o
#        ./battery-monitor/EFR32/battery-monitor-efr32.o ./basic/basic.o
#        ./antenna-stub/antenna-stub.o ./adc/EFR32/adc-efr32.o
#        ./BODY_SENSOR_callbacks.o ./call-command-handler.o ./callback-stub.o
#        ./command-interpreter2.o ./crc.o ./ember-base-configuration.o
#        ./ember-configuration.o ./endian.o ./library.o ./mem-util.o ./random.o
#        ./security-address-cache.o ./stack-handler-stub.o ./token-def.o
#        ./zigbee-device-common.o ./zigbee-device-library.o
#        ./znet-bookkeeping.o ./znet-cli.o -o BODY_SENSOR.out --config
#        D:/v5/developer/sdks/gecko_sdk_suite/v3.2//platform/base/hal/micro/cortexm3/efm32/iar-cfg.icf
#        --config_def NULL_BTL=1 --config_def FLASH_SIZE=524288 --config_def
#        RAM_SIZE=32768 --config_def SIMEEPROM_SIZE=32768 --config_def
#        LOCKBITS_IN_MAINFLASH_SIZE=8192 --config_def EMBER_MALLOC_HEAP_SIZE=0
#        --config_def HEADER_SIZE=512 --config_def PSSTORE_SIZE=0 --config_def
#        LONGTOKEN_SIZE=0 --config_def BTL_SIZE=24576 --no_wrap_diagnostics
#        D:/v5/developer/sdks/gecko_sdk_suite/v3.2//protocol/zigbee/build/cbke-163k1-stub-library-cortexm3-iar-efr32mg22-rail/cbke-163k1-stub-library.a
#        D:/v5/developer/sdks/gecko_sdk_suite/v3.2//protocol/zigbee/build/hal-library-cortexm3-iar-efr32mg22-rail/hal-library.a
#        D:/v5/developer/sdks/gecko_sdk_suite/v3.2//protocol/zigbee/build/cbke-stub-library-cortexm3-iar-efr32mg22-rail/cbke-stub-library.a
#        D:/v5/developer/sdks/gecko_sdk_suite/v3.2//protocol/zigbee/build/zigbee-r22-support-stub-library-cortexm3-iar-efr32mg22-rail/zigbee-r22-support-stub-library.a
#        D:/v5/developer/sdks/gecko_sdk_suite/v3.2//platform/radio/rail_lib/autogen/librail_release/librail_efr32xg22_iar_release.a
#        D:/v5/developer/sdks/gecko_sdk_suite/v3.2//protocol/zigbee/build/multi-network-stub-library-cortexm3-iar-efr32mg22-rail/multi-network-stub-library.a
#        D:/v5/developer/sdks/gecko_sdk_suite/v3.2//protocol/zigbee/build/packet-validate-library-cortexm3-iar-efr32mg22-rail/packet-validate-library.a
#        D:/v5/developer/sdks/gecko_sdk_suite/v3.2//protocol/zigbee/build/zigbee-pro-leaf-stack-cortexm3-iar-efr32mg22-rail/zigbee-pro-leaf-stack.a
#        D:/v5/developer/sdks/gecko_sdk_suite/v3.2//platform/emdrv/nvm3/lib/libnvm3_CM33_iar.a
#        D:/v5/developer/sdks/gecko_sdk_suite/v3.2//protocol/zigbee/build/gp-stub-library-cortexm3-iar-efr32mg22-rail/gp-stub-library.a
#        D:/v5/developer/sdks/gecko_sdk_suite/v3.2//protocol/zigbee/build/cbke-library-dsa-sign-stub-cortexm3-iar-efr32mg22-rail/cbke-library-dsa-sign-stub.a
#        D:/v5/developer/sdks/gecko_sdk_suite/v3.2//protocol/zigbee/build/sim-eeprom2-to-nvm3-upgrade-stub-library-cortexm3-iar-efr32mg22-rail/sim-eeprom2-to-nvm3-upgrade-stub-library.a
#        D:/v5/developer/sdks/gecko_sdk_suite/v3.2//protocol/zigbee/build/cbke-library-dsa-verify-stub-cortexm3-iar-efr32mg22-rail/cbke-library-dsa-verify-stub.a
#        D:/v5/developer/sdks/gecko_sdk_suite/v3.2//protocol/zigbee/build/multi-pan-stub-library-cortexm3-iar-efr32mg22-rail/multi-pan-stub-library.a
#        D:/v5/developer/sdks/gecko_sdk_suite/v3.2//protocol/zigbee/build/mfglib-library-cortexm3-iar-efr32mg22-rail/mfglib-library.a
#        D:/v5/developer/sdks/gecko_sdk_suite/v3.2//protocol/zigbee/build/binding-table-library-cortexm3-iar-efr32mg22-rail/binding-table-library.a
#        D:/v5/developer/sdks/gecko_sdk_suite/v3.2//protocol/zigbee/build/zll-stub-library-cortexm3-iar-efr32mg22-rail/zll-stub-library.a
#        D:/v5/developer/sdks/gecko_sdk_suite/v3.2//protocol/zigbee/build/end-device-bind-stub-library-cortexm3-iar-efr32mg22-rail/end-device-bind-stub-library.a
#        D:/v5/developer/sdks/gecko_sdk_suite/v3.2//protocol/zigbee/build/debug-basic-library-cortexm3-iar-efr32mg22-rail/debug-basic-library.a
#        D:/v5/developer/sdks/gecko_sdk_suite/v3.2//protocol/zigbee/build/cbke-283k1-stub-library-cortexm3-iar-efr32mg22-rail/cbke-283k1-stub-library.a
#        D:/v5/developer/sdks/gecko_sdk_suite/v3.2//protocol/zigbee/build/install-code-library-cortexm3-iar-efr32mg22-rail/install-code-library.a
#        D:/v5/developer/sdks/gecko_sdk_suite/v3.2//protocol/zigbee/build/debug-extended-stub-library-cortexm3-iar-efr32mg22-rail/debug-extended-stub-library.a
#        D:/v5/developer/sdks/gecko_sdk_suite/v3.2//protocol/zigbee/build/cbke-library-dsa-verify-283k1-stub-cortexm3-iar-efr32mg22-rail/cbke-library-dsa-verify-283k1-stub.a
#        D:/v5/developer/sdks/gecko_sdk_suite/v3.2//protocol/zigbee/build/source-route-stub-library-cortexm3-iar-efr32mg22-rail/source-route-stub-library.a
#        D:/v5/developer/sdks/gecko_sdk_suite/v3.2//protocol/zigbee/build/security-library-link-keys-stub-cortexm3-iar-efr32mg22-rail/security-library-link-keys-stub.a
#        --entry __iar_program_start --map "D:/v5/v5_workspace/BODY_SENSOR/IAR
#        ARM - Default - EFR32MG22C224F512IM32/BODY_SENSOR.map" --log_file
#        "D:/v5/v5_workspace/BODY_SENSOR/IAR ARM - Default -
#        EFR32MG22C224F512IM32/BODY_SENSOR.log" --log
#        initialization,modules,sections,veneers --diag_suppress=Lp012
#        --redirect _Printf=_PrintfSmallNoMb --redirect _Scanf=_ScanfFullNoMb
#
###############################################################################

*******************************************************************************
*** RUNTIME MODEL ATTRIBUTES
***

CppFlavor       = *
__SystemLibrary = DLib
__dlib_version  = 6


*******************************************************************************
*** HEAP SELECTION
***

The basic heap was selected because no calls to memory allocation
functions were found in the application outside of system library
functions, and there are calls to deallocation functions in the
application.


*******************************************************************************
*** PLACEMENT SUMMARY
***

define block HEADER_block with fixed order { ro section BAT, ro section AAT };
"HEADERS":
       place at start of [from 0x0 to 0x1ff] { block HEADER_block };
define block APPRO_block
   with fixed order {
      ro section .intvec, ro section .textrw_init, ro section .gatt_header,
      ro section .gatt_data, ro section .text, ro section CODE,
      ro section .rodata, ro section .data_init, ro section .init_array,
      ro section .iar.init_table, ro section __DLIB_PERTHREAD_init };
"APP ro":
       place at start of [from 0x200 to 0x7'ffff] { block APPRO_block };
"SIMEE&LOCKBITS":
       place at end of [from 0x200 to 0x7'ffff] {
          zi section SIMEE, zi section INTERNAL_STORAGE, zi section LONGTOKEN,
          zi section PSSTORE, zi section LOCKBITS_IN_MAINFLASH };
define block ALIGN_EMHEAP with alignment = 8 { rw section EMHEAP };
define block RESETHEAP
   with fixed order {
      rw section RESETINFO, rw section .noinitnew, block ALIGN_EMHEAP };
"ResetHeap":
       place at start of [from 0x2000'0000 to 0x2000'7fef] { block RESETHEAP };
"Guard":
       place in [from 0x2000'0000 to 0x2000'7fef] { rw section GUARD_REGION };
define block ALIGN_CSTACK with alignment = 8 { rw section CSTACK };
define block DLIB_PERTHREAD_INITIALIZED_DATA { rw section __DLIB_PERTHREAD };
define block DLIB_PERTHREAD_ZERO_DATA { zi section __DLIB_PERTHREAD };
define block HEAP with size = 0M, alignment = 8 { };
define block APPRW_block
   with fixed order {
      block ALIGN_CSTACK, rw section .textrw, rw section .data,
      block DLIB_PERTHREAD_INITIALIZED_DATA, block DLIB_PERTHREAD_ZERO_DATA,
      rw section .bss, rw section .noinitlegacy, block HEAP };
"APP rw":
       place at end of [from 0x2000'0000 to 0x2000'7fef] { block APPRW_block };
do not initialize {
   rw section .noinitlegacy, rw section .noinitnew, rw section CSTACK,
   rw section RESETINFO, rw section EMHEAP, zi section SIMEE,
   zi section INTERNAL_STORAGE, zi section LONGTOKEN, zi section PSSTORE,
   zi section LOCKBITS_IN_MAINFLASH };
initialize by copy { rw };

No sections matched the following patterns:

  ro section .gatt_data             in block APPRO_block
  ro section .gatt_header           in block APPRO_block
  ro section .iar.init_table        in block APPRO_block
  ro section .init_array            in block APPRO_block
  ro section CODE                   in block APPRO_block
  ro section __DLIB_PERTHREAD_init  in block APPRO_block
  rw section .noinitlegacy          in block APPRW_block
  rw section .noinitnew             in block RESETHEAP
  rw section DEBUG_CHANNEL          in "DEBUGCHAN"
  rw section __DLIB_PERTHREAD       in block DLIB_PERTHREAD_INITIALIZED_DATA
  zi section INTERNAL_STORAGE       in "SIMEE&LOCKBITS"
  zi section LONGTOKEN              in "SIMEE&LOCKBITS"
  zi section PSSTORE                in "SIMEE&LOCKBITS"
  zi section __DLIB_PERTHREAD       in block DLIB_PERTHREAD_ZERO_DATA


  Section                Kind         Address     Size  Object
  -------                ----         -------     ----  ------
"HEADERS":                                       0x100
  HEADER_block                            0x0    0x100  <Block>
    BAT                  const            0x0     0x54  cstartup-common.o [12]
    AAT                  const           0x54     0xac  cstartup-common.o [12]
                                      - 0x100    0x100

"APP ro":                                      0x3ac64
  APPRO_block                           0x200  0x3ac64  <Block>
    .intvec              const          0x200    0x140  startup_efr32mg22.o [59]
    Initializer bytes    const          0x340    0x171  <for .textrw-1>
    .text                               0x4b4  0x301b4  <Block>
      .text              ro code        0x4b4    0x16a  af-event.o [46]
      .text              ro code        0x61e      0x2  zigbee-stack.o [72]
      .text              ro code        0x620     0x68  multi-network.o [46]
      .text              ro code        0x688    0x43c  ias-zone-server.o [21]
      .text              ro code        0xac4    0x260  event-control.o [72]
      .text              ro code        0xd24     0x10  crypto-state.o [46]
      .text              ro code        0xd34    0xbe8  attribute-storage.o [46]
      .text              ro code       0x191c    0x622  af-main-soc.o [46]
      .text              ro code       0x1f3e      0x2  zigbee-stack.o [72]
      .text              ro code       0x1f40    0x264  client-api.o [46]
      .text              ro code       0x21a4    0x4e0  binding-table.o [47]
      .text              ro code       0x2684    0x128  print.o [46]
      .text              ro code       0x27ac    0x2ec  token.o [12]
      .text              ro code       0x2a98    0x592  attribute-table.o [46]
      .text              ro code       0x302a      0x2  zigbee-stack.o [72]
      .text              ro code       0x302c    0x186  end-device-move.o [16]
      .text              ro code       0x31b2      0x2  zigbee-stack.o [72]
      .text              ro code       0x31b4     0x70  attribute-size.o [46]
      .text              ro code       0x3224    0x2ce  ember-multi-network-stub.o [65]
      .text              ro code       0x34f2      0xc  em_core.o [15]
      .text              ro code       0x34fe      0x6  em_core.o [15]
      .text              ro code       0x3504    0x150  system-timer.o [59]
      .text              ro code       0x3654    0x1fc  assert-crash-handlers.o [12]
      .text              ro code       0x3850     0x1a  em_core.o [15]
      .text              ro code       0x386a      0x8  em_core.o [15]
      .text              ro code       0x3872     0x3e  ember-configuration.o [1]
      .text              ro code       0x38b0     0xe0  callback-stub.o [1]
      .text              ro code       0x3990    0x9ee  util.o [46]
      .text              ro code       0x437e      0x2  zigbee-stack.o [72]
      .text              ro code       0x4380      0x6  ABImemclr.o [68]
      .text              ro code       0x4386      0x2  zigbee-stack.o [72]
      .text              ro code       0x4388     0x96  ABImemmove.o [68]
      .text              ro code       0x441e     0x62  znet-bookkeeping.o [1]
      .text              ro code       0x4480     0xbc  micro-common.o [12]
      .text              ro code       0x453c      0x6  ABImemclr4.o [68]
      .text              ro code       0x4542      0x2  zigbee-stack.o [72]
      .text              ro code       0x4544     0xbc  serial.o [33]
      .text              ro code       0x4600    0x5e2  micro.o [12]
      .text              ro code       0x4be2      0x2  zigbee-stack.o [72]
      .text              ro code       0x4be4     0xa4  cstartup-common.o [12]
      .text              ro code       0x4c88    0x3b0  diagnostic.o [12]
      .text              ro code       0x5038    0x1f8  xx_main.o [37]
      .text              ro code       0x5230    0x4ac  zigbee-stack.o [72]
      .text              ro code       0x56dc    0x964  af-main-common.o [46]
      .text              ro code       0x6040     0x98  security-address-cache.o [1]
      .text              ro code       0x60d8    0x74c  command-interpreter2.o [1]
      .text              ro code       0x6824   0x13ae  lower-mac-rail-802.15.4.o [72]
      .text              ro code       0x7bd2      0x2  zigbee-stack.o [72]
      .text              ro code       0x7bd4    0x1fa  mfg-token.o [12]
      .text              ro code       0x7dce      0x2  startup_efr32mg22.o [59]
      .text              ro code       0x7dd0    0x36c  ember-stack-common.o [72]
      .text              ro code       0x813c    0xb64  application-support.o [72]
      .text              ro code       0x8ca0     0xf8  zigbee-dispatch.o [72]
      .text              ro code       0x8d98    0x404  address-table.o [72]
      .text              ro code       0x919c     0x68  memcmp.o [68]
      .text              ro code       0x9204    0x28c  zigbee-device-library.o [1]
      .text              ro code       0x9490    0x844  buffer-management.o [72]
      .text              ro code       0x9cd4    0x294  legacy-packet-buffer.o [72]
      .text              ro code       0x9f68    0x154  aes-mmo.o [72]
      .text              ro code       0xa0bc     0x5a  source-route-stub.o [71]
      .text              ro code       0xa116      0x2  startup_efr32mg22.o [59]
      .text              ro code       0xa118   0x1a80  association.o [72]
      .text              ro code       0xbb98     0xa6  ABImemcpy.o [68]
      .text              ro code       0xbc3e      0x2  startup_efr32mg22.o [59]
      .text              ro code       0xbc40    0x174  scan-dispatch.o [31]
      .text              ro code       0xbdb4    0x120  message.o [46]
      .text              ro code       0xbed4    0xa90  aps-retry.o [72]
      .text              ro code       0xc964      0xc  debug-extended-stub.o [55]
      .text              ro code       0xc970    0x2ae  ember-printf.o [13]
      .text              ro code       0xcc1e      0x2  startup_efr32mg22.o [59]
      .text              ro code       0xcc20     0x66  ABImemset.o [68]
      .text              ro code       0xcc86      0x4  sim-eeprom2-to-nvm3-upgrade-stub.o [70]
      .text              ro code       0xcc8a      0x2  startup_efr32mg22.o [59]
      .text              ro code       0xcc8c   0x1c98  nvm3.o [61]
      .text              ro code       0xe924      0x6  ember-base-configuration.o [1]
      .text              ro code       0xe92a     0x3a  zero_init3.o [68]
      .text              ro code       0xe964    0xa78  reporting.o [30]
      .text              ro code       0xf3dc    0x788  aps-keys.o [72]
      .text              ro code       0xfb64    0xf94  aps-security.o [72]
      .text              ro code     0x1'0af8    0x278  xx_nwk.o [43]
      .text              ro code     0x1'0d70     0x50  random.o [1]
      .text              ro code     0x1'0dc0     0x92  multi-pan-stub.o [66]
      .text              ro code     0x1'0e52     0x7a  lz77_init_single.o [68]
      .text              ro code     0x1'0ecc     0x46  mac-child-stub.o [72]
      .text              ro code     0x1'0f14    0x9f8  upper-mac.o [72]
      .text              ro code     0x1'190c    0x238  zigbee-neighbor.o [72]
      .text              ro code     0x1'1b44    0x164  counters-soc.o [8]
      .text              ro code     0x1'1ca8    0x5e6  sl_sleeptimer.o [14]
      .text              ro code     0x1'2290    0x16c  ustimer.o [14]
      .text              ro code     0x1'23fc    0x1ec  sleep-efm32.o [12]
      .text              ro code     0x1'25e8      0x8  em_core.o [15]
      .text              ro code     0x1'25f0    0x210  debug.o [54]
      .text              ro code     0x1'2800     0x4c  micro-internal.o [59]
      .text              ro code     0x1'284c     0xe2  idle-sleep-soc.o [22]
      .text              ro code     0x1'2930     0xe8  battery-monitor-efr32.o [5]
      .text              ro code     0x1'2a18    0x11c  time-util.o [46]
      .text              ro code     0x1'2b34    0x15c  print-formatter.o [46]
      .text              ro code     0x1'2c90     0x50  process-cluster-message.o [46]
      .text              ro code     0x1'2ce0    0x580  process-global-message.o [46]
      .text              ro code     0x1'3260    0x1ca  end-device-support.o [16]
      .text              ro code     0x1'342c     0x9a  polling-soc.o [16]
      .text              ro code     0x1'34c8      0xc  network-steering-soc.o [26]
      .text              ro code     0x1'34d4    0x1e6  xx_zcl_parse.o [40]
      .text              ro code     0x1'36ba     0x1e  BODY_SENSOR_callbacks.o [1]
      .text              ro code     0x1'36d8    0x114  update-tc-link-key.o [36]
      .text              ro code     0x1'37ec      0x4  faults-v7m.o [12]
      .text              ro code     0x1'37f0    0xa46  em_cmu.o [15]
      .text              ro code     0x1'4236     0xba  em_wdog.o [15]
      .text              ro code     0x1'42f0     0x3a  ABImemset48.o [68]
      .text              ro code     0x1'432c    0x8ba  com.o [32]
      .text              ro code     0x1'4be8     0xf8  sl_mpu.o [18]
      .text              ro code     0x1'4ce0     0xe6  sl_hfxo_manager.o [19]
      .text              ro code     0x1'4dc8     0xd0  hal-config.o [18]
      .text              ro code     0x1'4e98    0x1e4  tempdrv.o [14]
      Veneer             ro code     0x1'507c      0x8  - Linker created -
      .text              ro code     0x1'5084    0x2de  em_emu.o [15]
      .text              ro code     0x1'5364    0x3b8  rail_power_manager.o [62]
      .text              ro code     0x1'571c    0x198  pa_conversions_efr32.o [20]
      .text              ro code     0x1'58b4      0x4  hal-config-gpio.o [18]
      .text              ro code     0x1'58b8     0x10  coexistence-802154.o [7]
      .text              ro code     0x1'58c8     0x1c  em_rmu.o [15]
      .text              ro code     0x1'58e4    0x450  xx_project.o [44]
      .text              ro code     0x1'5d34     0x44  xx_serial.o [45]
      .text              ro code     0x1'5d78    0x21c  xx_memory.o [42]
      .text              ro code     0x1'5f94     0x16  debug-jtag-stub.o [10]
      .text              ro code     0x1'5fac     0x44  ember-library.o [72]
      .text              ro code     0x1'5ff0    0x4a2  rail_rf.o [62]
      .text              ro code     0x1'6494     0x18  eui64.o [72]
      .text              ro code     0x1'64ac     0x12  phy-util.o [72]
      .text              ro code     0x1'64c0    0x2b0  mac-dispatch.o [72]
      .text              ro code     0x1'6770    0x108  multi-pan-common.o [66]
      .text              ro code     0x1'6878   0x1cc0  network.o [72]
      .text              ro code     0x1'8538      0x6  cbke-crypto-engine-163k1-stub.o [48]
      .text              ro code     0x1'853e      0x6  cbke-crypto-engine-283k1-stub.o [49]
      .text              ro code     0x1'8544     0x32  zll-stubs.o [74]
      .text              ro code     0x1'8576     0x1a  indirect-queue-stub.o [72]
      .text              ro code     0x1'8590    0x258  broadcast.o [72]
      .text              ro code     0x1'87e8    0x192  buffer-queue.o [72]
      .text              ro code     0x1'897c    0x1fc  child-aging.o [72]
      .text              ro code     0x1'8b78      0xa  cbke-crypto-engine-stub.o [53]
      .text              ro code     0x1'8b84     0x54  micro-common-internal.o [59]
      .text              ro code     0x1'8bd8    0x32a  retry.o [72]
      .text              ro code     0x1'8f04    0x980  neighbor.o [72]
      .text              ro code     0x1'9884      0x4  diagnostic-server-soc.o [11]
      .text              ro code     0x1'9888    0x48c  service-discovery-common.o [46]
      .text              ro code     0x1'9d14    0x14c  token-cache.o [72]
      .text              ro code     0x1'9e60    0x6d4  network-steering-v2.o [26]
      .text              ro code     0x1'a534    0x538  core-cli.o [46]
      .text              ro code     0x1'aa6c    0x216  rail_singleprotocol.o [62]
      .text              ro code     0x1'ac84    0x118  rail_tx.o [62]
      .text              ro code     0x1'ad9c    0x17c  rail_ieee802154.o [62]
      .text              ro code     0x1'af18     0xdc  rail_data.o [62]
      .text              ro code     0x1'aff4     0x96  rail_calibration.o [62]
      .text              ro code     0x1'b08c    0x3bc  mac-header.o [72]
      .text              ro code     0x1'b448     0xda  rail_timer.o [62]
      .text              ro code     0x1'b522      0xc  mac-header.o [72]
      .text              ro code     0x1'b530     0x34  antenna-stub.o [3]
      .text              ro code     0x1'b564     0xb0  rail_autoack.o [62]
      .text              ro code     0x1'b614     0xb0  mac-flat-header.o [72]
      .text              ro code     0x1'b6c4    0x4bc  scan.o [72]
      .text              ro code     0x1'bb80     0x3a  rail_rx.o [62]
      .text              ro code     0x1'bbba      0x2  led.o [12]
      .text              ro code     0x1'bbbc     0x1c  rail_rssi.o [62]
      Veneer             ro code     0x1'bbd8      0x8  - Linker created -
      .text              ro code     0x1'bbe0     0x68  flash.o [59]
      .text              ro code     0x1'bc48      0xe  zdo-r22-stub.o [73]
      .text              ro code     0x1'bc56     0x28  child-stub.o [72]
      .text              ro code     0x1'bc80    0x3b0  management.o [72]
      .text              ro code     0x1'c030      0x4  cbke-crypto-engine-dsa-sign-stub.o [50]
      .text              ro code     0x1'c034    0x658  zigbee-packet-header.o [72]
      .text              ro code     0x1'c68c    0x212  mac-packet-header.o [72]
      .text              ro code     0x1'c89e      0x8  mac-header.o [72]
      .text              ro code     0x1'c8a8    0x5f6  aps-encryption.o [72]
      .text              ro code     0x1'cea0    0x2a8  packet-validate.o [67]
      .text              ro code     0x1'd148    0xa14  zigbee-device-util.o [72]
      .text              ro code     0x1'db5c    0x100  zigbee-device-common.o [1]
      .text              ro code     0x1'dc5c     0x4a  strcmp.o [68]
      .text              ro code     0x1'dca8     0x88  aes-efm32.o [72]
      .text              ro code     0x1'dd30     0x10  enhanced-beacon-request-stub.o [73]
      .text              ro code     0x1'dd40    0xa78  beacon-handling.o [72]
      .text              ro code     0x1'e7b8    0x40c  child-handling.o [72]
      .text              ro code     0x1'ebc4    0x492  leave.o [72]
      .text              ro code     0x1'f058    0x458  random-id.o [72]
      .text              ro code     0x1'f4b0    0x352  zigbee-scan.o [72]
      .text              ro code     0x1'f804    0x128  command.o [72]
      .text              ro code     0x1'f92c      0xc  ember-multi-phy-stub.o [72]
      .text              ro code     0x1'f938    0x614  transient-device.o [72]
      .text              ro code     0x1'ff4c     0x38  trust-center-util-stub.o [72]
      .text              ro code     0x1'ff84     0x34  mac-info-element-parsing-stub.o [73]
      .text              ro code     0x1'ffb8    0x250  zigbee-upper-mac.o [72]
      .text              ro code     0x2'0208      0xe  gp-stub.o [58]
      .text              ro code     0x2'0218    0x340  jit.o [72]
      .text              ro code     0x2'0558     0x4e  leaf-routing-stub.o [72]
      .text              ro code     0x2'05a8    0x242  nvm3_page.o [61]
      .text              ro code     0x2'07ec    0x1ba  nvm3_object.o [61]
      .text              ro code     0x2'09a8    0x274  nvm3_cache.o [61]
      .text              ro code     0x2'0c1c     0x3e  nvm3_utils.o [61]
      .text              ro code     0x2'0c5c     0x10  nvm3_lock.o [27]
      .text              ro code     0x2'0c6c      0xc  nvm3_lock.o [27]
      .text              ro code     0x2'0c78      0x2  nvm3_lock.o [27]
      .text              ro code     0x2'0c7c     0xbc  reporting-default-configuration.o [30]
      .text              ro code     0x2'0d38    0x452  crypto.o [72]
      .text              ro code     0x2'118c     0xc8  security-config-mfg.o [72]
      .text              ro code     0x2'1254     0x1a  aps-keys-full-stub.o [69]
      .text              ro code     0x2'1270    0x528  aps-keys-transient.o [72]
      .text              ro code     0x2'1798     0x62  hmac.o [72]
      .text              ro code     0x2'17fc     0x6c  install-code-tokens.o [60]
      .text              ro code     0x2'1868    0x1fc  xx_blink_led.o [38]
      .text              ro code     0x2'1a64     0x18  xx_heart_beat.o [40]
      .text              ro code     0x2'1a7c     0x8c  multi-network.o [72]
      .text              ro code     0x2'1b08    0x3fc  mac-command.o [72]
      .text              ro code     0x2'1f04    0x1ae  sl_sleeptimer_hal_rtcc.o [14]
      .text              ro code     0x2'20b4    0x230  I64DivMod.o [68]
      .text              ro code     0x2'22e4     0x1e  U64Shr.o [68]
      .text              ro code     0x2'2304    0x4c8  sl_power_manager.o [18]
      .text              ro code     0x2'27cc    0x1ce  em_timer.o [15]
      .text              ro code     0x2'299a      0x8  em_core.o [15]
      .text              ro code     0x2'29a2      0x6  em_core.o [15]
      .text              ro code     0x2'29a8     0x44  em_core.o [15]
      .text              ro code     0x2'29ec      0x4  em_core.o [15]
      .text              ro code     0x2'29f0     0x36  strlen.o [68]
      .text              ro code     0x2'2a28     0xc8  idle-sleep.o [22]
      .text              ro code     0x2'2af0    0x540  em_iadc.o [15]
      .text              ro code     0x2'3030     0xb0  power-configuration-server.o [29]
      .text              ro code     0x2'30e0     0xae  call-command-handler.o [1]
      .text              ro code     0x2'3190     0xe4  polling-common.o [16]
      .text              ro code     0x2'3274     0x72  xx_zcl_cmd.o [40]
      .text              ro code     0x2'32e8     0x70  faults-v7m.o [12]
      .text              ro code     0x2'3358     0xbc  system_efr32mg22.o [15]
      .text              ro code     0x2'3414    0xebc  uartdrv.o [14]
      .text              ro code     0x2'42d0    0x260  em_usart.o [15]
      .text              ro code     0x2'4530    0x168  em_gpio.o [15]
      .text              ro code     0x2'4698     0xd8  gpiointerrupt.o [14]
      .text              ro code     0x2'4770      0x4  faults-v7m.o [12]
      .text              ro code     0x2'4774    0x28c  sl_hfxo_manager_hal_s2.o [19]
      .text              ro code     0x2'4a00     0x48  FltToDbl.o [63]
      .text              ro code     0x2'4a48    0x17a  DblAdd.o [63]
      .text              ro code     0x2'4bc4     0x3a  DblToS32.o [63]
      .text              ro code     0x2'4bfe      0x2  em_emu.o [15]
      .text              ro code     0x2'4c00      0x2  em_emu.o [15]
      .text              ro code     0x2'4c04    0x28e  sl_power_manager_hal_s2.o [18]
      .text              ro code     0x2'4e92      0x2  em_emu.o [15]
      .text              ro code     0x2'4e94      0x2  em_emu.o [15]
      .text              ro code     0x2'4e96      0x2  sl_power_manager_debug.o [18]
      .text              ro code     0x2'4e98   0x19e0  rail_rf_hal.o [62]
      .text              ro code     0x2'6878    0x140  xx_irq_button.o [39]
      .text              ro code     0x2'69b8    0x1f4  xx_ias.o [40]
      .text              ro code     0x2'6bac    0x570  xx_irq_button_handle.o [39]
      .text              ro code     0x2'711c     0x28  xx_diagnostics.o [40]
      .text              ro code     0x2'7144     0x28  rfhal_module.o [62]
      .text              ro code     0x2'716c     0x20  rail_assert.o [62]
      .text              ro code     0x2'718c     0xa8  rfhal_antenna.o [62]
      .text              ro code     0x2'7234     0xa0  unicast-table.o [72]
      .text              ro code     0x2'72d4    0x244  store-forward.o [72]
      .text              ro code     0x2'7518    0x114  zigbee-mac-header.o [72]
      .text              ro code     0x2'762c    0x19c  route-error.o [72]
      .text              ro code     0x2'77c8     0x5a  service-discovery-soc.o [46]
      .text              ro code     0x2'7824      0x2  af-security-common.o [46]
      .text              ro code     0x2'7826      0x4  strong-random-api.o [35]
      .text              ro code     0x2'782c    0x1fc  rail_ieee802154_rf_hal.o [62]
      .text              ro code     0x2'7a28     0x88  rfhal_ircal.o [62]
      .text              ro code     0x2'7ab0    0x2ee  tmrdrv.o [62]
      .text              ro code     0x2'7da0     0x48  em_msc.o [15]
      .text              ro code     0x2'7de8    0xb68  zigbee-device.o [72]
      .text              ro code     0x2'8950      0x8  end-device-bind-stub.o [57]
      .text              ro code     0x2'8958     0xc8  cryptoacc_aes.o [24]
      .text              ro code     0x2'8a20     0xe4  af-trust-center.o [46]
      .text              ro code     0x2'8b04      0x2  symbol-timer.o [72]
      .text              ro code     0x2'8b08    0x1a4  ccm-star.o [6]
      .text              ro code     0x2'8cac     0xf4  em_rtcc.o [15]
      .text              ro code     0x2'8da0      0x2  I64DivZer.o [68]
      .text              ro code     0x2'8da2     0x10  sl_slist.o [18]
      .text              ro code     0x2'8db2      0x4  sl_power_manager.o [18]
      .text              ro code     0x2'8db8     0x28  basic.o [4]
      .text              ro code     0x2'8de0    0x23c  xx_alpha_cluster.o [44]
      .text              ro code     0x2'901c    0x430  dmadrv.o [14]
      .text              ro code     0x2'944c    0x158  em_eusart.o [15]
      .text              ro code     0x2'95a4     0x4c  em_core.o [15]
      .text              ro code     0x2'95f0     0xd2  DblSub.o [63]
      .text              ro code     0x2'96c4    0x588  rfhal_radio.o [62]
      .text              ro code     0x2'9c4c    0x278  rfhal_timings.o [62]
      .text              ro code     0x2'9ec4     0x12  rail_ble_rf_hal.o [62]
      .text              ro code     0x2'9ed8   0x121c  generic_phy.o [62]
      .text              ro code     0x2'b0f4    0x344  rfhal_pa.o [62]
      .text              ro code     0x2'b438    0x654  rfhal_bufc.o [62]
      .text              ro code     0x2'ba8c    0x55e  rfhal_protimer.o [62]
      .text              ro code     0x2'bfec     0x34  rfhal_tempcal.o [62]
      .text              ro code     0x2'c020    0x162  rfhal_rftest.o [62]
      .text              ro code     0x2'c184    0x4c4  rfhal_synth.o [62]
      .text              ro code     0x2'c648    0x124  rfhal_rand.o [62]
      .text              ro code     0x2'c76c    0x168  rfhal_rtccsync.o [62]
      .text              ro code     0x2'c8d4     0x28  tmrdrv_config.o [62]
      .text              ro code     0x2'c8fc    0x1cc  zdo-binding-table.o [47]
      .text              ro code     0x2'cac8    0x410  zdo-channel.o [72]
      .text              ro code     0x2'ced8     0x44  cryptoacc_management.o [24]
      .text              ro code     0x2'cf1c     0xb4  sx_aes.o [25]
      .text              ro code     0x2'cfd0     0x24  crc.o [1]
      .text              ro code     0x2'cff4    0x1ac  em_ldma.o [15]
      .text              ro code     0x2'd1a0     0x2c  em_system.o [15]
      .text              ro code     0x2'd1cc     0x54  seq_globals.o [62]
      .text              ro code     0x2'd220     0x22  I64Shl.o [68]
      .text              ro code     0x2'd242      0x4  rail_mfm_rf_hal.o [62]
      .text              ro code     0x2'd248    0x100  rfhal_pti.o [62]
      .text              ro code     0x2'd348     0x18  rfhal_rtccsync.o [62]
      .text              ro code     0x2'd360    0x27a  sx_blk_cipher.o [25]
      .text              ro code     0x2'd5dc     0xbc  cryptodma_internal.o [25]
      .text              ro code     0x2'd698    0x330  network-cli.o [46]
      .text              ro code     0x2'd9c8    0x358  option-cli.o [46]
      .text              ro code     0x2'dd20    0x388  security-cli.o [46]
      .text              ro code     0x2'e0a8    0xb32  zcl-cli.o [46]
      .text              ro code     0x2'ebdc    0x566  zdo-cli.o [46]
      .text              ro code     0x2'f144    0x11c  xx_delay_event.o [40]
      .text              ro code     0x2'f260    0x346  xx_mfg.o [40]
      .text              ro code     0x2'f5a8    0x4a0  manufacturing-library-cli-soc.o [23]
      .text              ro code     0x2'fa48    0x2b0  mfglib.o [64]
      .text              ro code     0x2'fcf8     0x54  xx_power_configuration.o [40]
      .text              ro code     0x2'fd4c     0xf6  reporting-cli.o [30]
      Veneer             ro code     0x2'fe44      0x8  - Linker created -
      .text              ro code     0x2'fe4c     0xf4  nvm3_hal_flash.o [28]
      .text              ro code     0x2'ff40    0x1f8  network-steering-cli.o [26]
      .text              ro code     0x3'0138     0x88  idle-sleep-cli.o [22]
      .text              ro code     0x3'01c0    0x154  end-device-support-cli.o [16]
      .text              ro code     0x3'0314      0x4  faults-v7m.o [12]
      .text              ro code     0x3'0318      0x4  faults-v7m.o [12]
      .text              ro code     0x3'031c      0x4  faults-v7m.o [12]
      .text              ro code     0x3'0320      0x4  faults-v7m.o [12]
      .text              ro code     0x3'0324      0x4  faults-v7m.o [12]
      .text              ro code     0x3'0328      0x4  isr-stubs.o [12]
      .text              ro code     0x3'032c     0xc0  counters-cli.o [8]
      .text              ro code     0x3'03ec     0xac  library.o [1]
      .text              ro code     0x3'0498     0x2c  rfhal_rfsense.o [62]
      .text              ro code     0x3'04c4      0x2  rfhal_thermistor.o [62]
      .text              ro code     0x3'04c8     0x22  fpinit_M.o [63]
      .text              ro code     0x3'04ec     0x1e  cmain.o [68]
      .text              ro code     0x3'050a      0x4  low_level_init.o [56]
      .text              ro code     0x3'0510     0x28  data_init.o [68]
      .text              ro code     0x3'0538     0x16  simple-main.o [34]
      .text              ro code     0x3'054e      0x4  exit.o [56]
      .text              ro code     0x3'0552      0x4  sl_mbedtls.o [24]
      .text              ro code     0x3'0558      0xa  cexit.o [68]
      .text              ro code     0x3'0562      0x4  sl_se_manager.o [24]
      .text              ro code     0x3'0568      0xc  XXexit.o [68]
      .text              ro code     0x3'0574     0x10  update-tc-link-key-cli.o [36]
      .text              ro code     0x3'0584     0xb4  ias-zone-server-cli.o [21]
      .text              ro code     0x3'0638     0x16  znet-cli.o [1]
      .text              ro code     0x3'064e      0xe  startup_efr32mg22.o [59]
      .text              ro code     0x3'065c      0xc  cstartup_M.o [68]
    .rodata              const       0x3'0668     0x20  af-event.o [46]
    .rodata              const       0x3'0688     0x20  af-event.o [46]
    .rodata              const       0x3'06a8     0x20  af-event.o [46]
    .rodata              const       0x3'06c8     0x20  af-event.o [46]
    .rodata              const       0x3'06e8     0x20  af-event.o [46]
    .rodata              const       0x3'0708     0x20  af-event.o [46]
    .rodata              const       0x3'0728     0x24  af-event.o [46]
    .rodata              const       0x3'074c     0x34  af-event.o [46]
    .rodata              const       0x3'0780     0x28  af-event.o [46]
    .rodata              const       0x3'07a8     0x18  af-event.o [46]
    .rodata              const       0x3'07c0     0x30  af-event.o [46]
    .rodata              const       0x3'07f0     0x14  af-event.o [46]
    .rodata              const       0x3'0804     0x24  af-event.o [46]
    .rodata              const       0x3'0828     0x10  af-event.o [46]
    .rodata              const       0x3'0838     0x2c  af-event.o [46]
    .rodata              const       0x3'0864     0x2c  af-event.o [46]
    .rodata              const       0x3'0890     0x2c  af-event.o [46]
    .rodata              const       0x3'08bc     0x2c  af-event.o [46]
    .rodata              const       0x3'08e8     0x2c  af-event.o [46]
    .rodata              const       0x3'0914     0x2c  af-event.o [46]
    .rodata              const       0x3'0940     0x28  af-event.o [46]
    .rodata              const       0x3'0968     0x28  af-event.o [46]
    .rodata              const       0x3'0990     0x1c  af-event.o [46]
    .rodata              const       0x3'09ac     0x20  af-event.o [46]
    .rodata              const       0x3'09cc     0x20  af-event.o [46]
    .rodata              const       0x3'09ec     0x18  af-event.o [46]
    .rodata              const       0x3'0a04     0x18  af-event.o [46]
    .rodata              const       0x3'0a1c     0x28  af-event.o [46]
    .rodata              const       0x3'0a44     0x28  af-event.o [46]
    .rodata              const       0x3'0a6c     0x20  af-event.o [46]
    .rodata              const       0x3'0a8c      0xc  af-main-common.o [46]
    .rodata              const       0x3'0a98      0x8  af-main-common.o [46]
    .rodata              const       0x3'0aa0      0x8  af-main-common.o [46]
    .rodata              const       0x3'0aa8      0x8  af-main-common.o [46]
    .rodata              const       0x3'0ab0      0x8  af-main-common.o [46]
    .rodata              const       0x3'0ab8      0x8  af-main-common.o [46]
    .rodata              const       0x3'0ac0      0x8  af-main-common.o [46]
    .rodata              const       0x3'0ac8      0x4  af-main-common.o [46]
    .rodata              const       0x3'0acc      0x8  af-main-common.o [46]
    .rodata              const       0x3'0ad4      0x8  af-main-common.o [46]
    .rodata              const       0x3'0adc     0x10  af-main-common.o [46]
    .rodata              const       0x3'0aec      0x8  af-main-common.o [46]
    .rodata              const       0x3'0af4      0x4  af-main-common.o [46]
    .rodata              const       0x3'0af8     0x3c  af-main-common.o [46]
    .rodata              const       0x3'0b34     0x18  af-main-common.o [46]
    .rodata              const       0x3'0b4c     0x28  af-main-common.o [46]
    .rodata              const       0x3'0b74     0x14  af-main-common.o [46]
    .rodata              const       0x3'0b88      0x8  af-main-common.o [46]
    .rodata              const       0x3'0b90      0x8  af-main-common.o [46]
    .rodata              const       0x3'0b98     0x10  af-main-common.o [46]
    .rodata              const       0x3'0ba8     0x28  af-main-common.o [46]
    .rodata              const       0x3'0bd0     0x18  af-main-common.o [46]
    .rodata              const       0x3'0be8     0x1c  af-main-common.o [46]
    .rodata              const       0x3'0c04     0x24  af-main-common.o [46]
    .rodata              const       0x3'0c28      0x8  af-main-common.o [46]
    .rodata              const       0x3'0c30     0x14  af-main-common.o [46]
    .rodata              const       0x3'0c44     0x34  af-main-common.o [46]
    .rodata              const       0x3'0c78     0x30  af-main-common.o [46]
    .rodata              const       0x3'0ca8     0x14  af-main-common.o [46]
    .rodata              const       0x3'0cbc      0x8  af-main-common.o [46]
    .rodata              const       0x3'0cc4      0x8  af-main-common.o [46]
    .rodata              const       0x3'0ccc      0xc  af-main-common.o [46]
    .rodata              const       0x3'0cd8      0x8  af-main-common.o [46]
    .rodata              const       0x3'0ce0     0x10  af-main-common.o [46]
    .rodata              const       0x3'0cf0      0x8  af-main-common.o [46]
    .rodata              const       0x3'0cf8      0xc  af-main-common.o [46]
    .rodata              const       0x3'0d04     0x20  af-main-common.o [46]
    .rodata              const       0x3'0d24      0xc  af-main-common.o [46]
    .rodata              const       0x3'0d30      0xc  af-main-common.o [46]
    .rodata              const       0x3'0d3c      0x8  af-main-common.o [46]
    .rodata              const       0x3'0d44     0x20  af-main-common.o [46]
    .rodata              const       0x3'0d64     0x18  af-main-common.o [46]
    .rodata              const       0x3'0d7c     0x18  af-main-common.o [46]
    .rodata              const       0x3'0d94     0x30  af-main-common.o [46]
    .rodata              const       0x3'0dc4     0x20  af-main-common.o [46]
    .rodata              const       0x3'0de4     0x1c  af-main-common.o [46]
    .rodata              const       0x3'0e00      0x8  af-main-common.o [46]
    .rodata              const       0x3'0e08     0x18  af-main-common.o [46]
    .rodata              const       0x3'0e20     0x10  af-main-common.o [46]
    .rodata              const       0x3'0e30     0x48  af-main-common.o [46]
    .rodata              const       0x3'0e78     0x18  af-main-soc.o [46]
    .rodata              const       0x3'0e90     0x20  af-main-soc.o [46]
    .rodata              const       0x3'0eb0     0x14  af-main-soc.o [46]
    .rodata              const       0x3'0ec4      0x8  af-main-soc.o [46]
    .rodata              const       0x3'0ecc     0x10  af-main-soc.o [46]
    .rodata              const       0x3'0edc      0xc  af-main-soc.o [46]
    .rodata              const       0x3'0ee8      0xc  af-main-soc.o [46]
    .rodata              const       0x3'0ef4      0xc  af-main-soc.o [46]
    .rodata              const       0x3'0f00      0xc  af-main-soc.o [46]
    .rodata              const       0x3'0f0c     0x18  af-main-soc.o [46]
    .rodata              const       0x3'0f24     0x18  af-main-soc.o [46]
    .rodata              const       0x3'0f3c      0x4  af-trust-center.o [46]
    .rodata              const       0x3'0f40     0x30  attribute-size.o [46]
    .rodata              const       0x3'0f70     0x24  attribute-storage.o [46]
    .rodata              const       0x3'0f94      0x4  attribute-storage.o [46]
    .rodata              const       0x3'0f98      0xc  attribute-storage.o [46]
    .rodata              const       0x3'0fa4     0x10  attribute-storage.o [46]
    .rodata              const       0x3'0fb4      0x4  attribute-storage.o [46]
    .rodata              const       0x3'0fb8     0xa8  attribute-storage.o [46]
    .rodata              const       0x3'1060     0x50  attribute-storage.o [46]
    .rodata              const       0x3'10b0      0x8  attribute-storage.o [46]
    .rodata              const       0x3'10b8      0x4  attribute-storage.o [46]
    .rodata              const       0x3'10bc      0x4  attribute-storage.o [46]
    .rodata              const       0x3'10c0     0x28  client-api.o [46]
    .rodata              const       0x3'10e8     0x1c  client-api.o [46]
    .rodata              const       0x3'1104     0x34  client-api.o [46]
    .rodata              const       0x3'1138     0x30  client-api.o [46]
    .rodata              const       0x3'1168     0x10  core-cli.o [46]
    .rodata              const       0x3'1178     0x10  core-cli.o [46]
    .rodata              const       0x3'1188     0x1c  core-cli.o [46]
    .rodata              const       0x3'11a4      0x8  core-cli.o [46]
    .rodata              const       0x3'11ac     0x18  core-cli.o [46]
    .rodata              const       0x3'11c4     0x18  core-cli.o [46]
    .rodata              const       0x3'11dc      0x8  core-cli.o [46]
    .rodata              const       0x3'11e4     0x20  core-cli.o [46]
    .rodata              const       0x3'1204      0xc  core-cli.o [46]
    .rodata              const       0x3'1210      0xc  core-cli.o [46]
    .rodata              const       0x3'121c     0x20  core-cli.o [46]
    .rodata              const       0x3'123c      0xc  core-cli.o [46]
    .rodata              const       0x3'1248     0x24  core-cli.o [46]
    .rodata              const       0x3'126c      0xc  core-cli.o [46]
    .rodata              const       0x3'1278      0x8  core-cli.o [46]
    .rodata              const       0x3'1280      0x8  core-cli.o [46]
    .rodata              const       0x3'1288     0x10  core-cli.o [46]
    .rodata              const       0x3'1298      0xc  core-cli.o [46]
    .rodata              const       0x3'12a4     0x14  core-cli.o [46]
    .rodata              const       0x3'12b8      0xc  core-cli.o [46]
    .rodata              const       0x3'12c4     0x20  core-cli.o [46]
    .rodata              const       0x3'12e4      0x8  core-cli.o [46]
    .rodata              const       0x3'12ec      0xc  core-cli.o [46]
    .rodata              const       0x3'12f8     0x34  core-cli.o [46]
    .rodata              const       0x3'132c     0x18  core-cli.o [46]
    .rodata              const       0x3'1344      0xc  core-cli.o [46]
    .rodata              const       0x3'1350      0xc  core-cli.o [46]
    .rodata              const       0x3'135c     0x10  core-cli.o [46]
    .rodata              const       0x3'136c      0xc  core-cli.o [46]
    .rodata              const       0x3'1378      0xc  core-cli.o [46]
    .rodata              const       0x3'1384     0x14  core-cli.o [46]
    .rodata              const       0x3'1398     0x1c  core-cli.o [46]
    .rodata              const       0x3'13b4      0x8  core-cli.o [46]
    .rodata              const       0x3'13bc      0xc  core-cli.o [46]
    .rodata              const       0x3'13c8      0x8  core-cli.o [46]
    .rodata              const       0x3'13d0     0x20  core-cli.o [46]
    .rodata              const       0x3'13f0      0x8  core-cli.o [46]
    .rodata              const       0x3'13f8     0x10  core-cli.o [46]
    .rodata              const       0x3'1408     0x10  core-cli.o [46]
    .rodata              const       0x3'1418      0x8  core-cli.o [46]
    .rodata              const       0x3'1420      0xc  core-cli.o [46]
    .rodata              const       0x3'142c      0x8  core-cli.o [46]
    .rodata              const       0x3'1434      0xc  core-cli.o [46]
    .rodata              const       0x3'1440     0x1c  core-cli.o [46]
    .rodata              const       0x3'145c      0x4  core-cli.o [46]
    .rodata              const       0x3'1460     0x18  message.o [46]
    .rodata              const       0x3'1478      0x8  network-cli.o [46]
    .rodata              const       0x3'1480      0x8  network-cli.o [46]
    .rodata              const       0x3'1488      0x8  network-cli.o [46]
    .rodata              const       0x3'1490     0x18  network-cli.o [46]
    .rodata              const       0x3'14a8     0x1c  network-cli.o [46]
    .rodata              const       0x3'14c4     0x10  network-cli.o [46]
    .rodata              const       0x3'14d4      0x8  network-cli.o [46]
    .rodata              const       0x3'14dc     0x14  network-cli.o [46]
    .rodata              const       0x3'14f0      0xc  network-cli.o [46]
    .rodata              const       0x3'14fc     0x14  network-cli.o [46]
    .rodata              const       0x3'1510     0x14  network-cli.o [46]
    .rodata              const       0x3'1524     0x20  network-cli.o [46]
    .rodata              const       0x3'1544     0x1c  network-cli.o [46]
    .rodata              const       0x3'1560     0x18  network-cli.o [46]
    .rodata              const       0x3'1578     0x1c  network-cli.o [46]
    .rodata              const       0x3'1594     0x10  network-cli.o [46]
    .rodata              const       0x3'15a4     0x1c  network-cli.o [46]
    .rodata              const       0x3'15c0     0x18  network-cli.o [46]
    .rodata              const       0x3'15d8      0x8  network-cli.o [46]
    .rodata              const       0x3'15e0     0x14  network-cli.o [46]
    .rodata              const       0x3'15f4     0x14  network-cli.o [46]
    .rodata              const       0x3'1608      0x8  network-cli.o [46]
    .rodata              const       0x3'1610     0x1c  network-cli.o [46]
    .rodata              const       0x3'162c     0x20  network-cli.o [46]
    .rodata              const       0x3'164c     0x30  network-cli.o [46]
    .rodata              const       0x3'167c     0x30  network-cli.o [46]
    .rodata              const       0x3'16ac     0x1c  option-cli.o [46]
    .rodata              const       0x3'16c8      0xc  option-cli.o [46]
    .rodata              const       0x3'16d4     0x1c  option-cli.o [46]
    .rodata              const       0x3'16f0     0x18  option-cli.o [46]
    .rodata              const       0x3'1708     0x14  option-cli.o [46]
    .rodata              const       0x3'171c      0xc  option-cli.o [46]
    .rodata              const       0x3'1728      0x8  option-cli.o [46]
    .rodata              const       0x3'1730      0x8  option-cli.o [46]
    .rodata              const       0x3'1738      0x8  option-cli.o [46]
    .rodata              const       0x3'1740      0x8  option-cli.o [46]
    .rodata              const       0x3'1748      0x8  option-cli.o [46]
    .rodata              const       0x3'1750      0x8  option-cli.o [46]
    .rodata              const       0x3'1758      0x8  option-cli.o [46]
    .rodata              const       0x3'1760     0x30  option-cli.o [46]
    .rodata              const       0x3'1790      0x8  option-cli.o [46]
    .rodata              const       0x3'1798     0x24  option-cli.o [46]
    .rodata              const       0x3'17bc     0x20  option-cli.o [46]
    .rodata              const       0x3'17dc     0x18  option-cli.o [46]
    .rodata              const       0x3'17f4     0x10  option-cli.o [46]
    .rodata              const       0x3'1804     0x24  option-cli.o [46]
    .rodata              const       0x3'1828     0x3c  option-cli.o [46]
    .rodata              const       0x3'1864     0x20  option-cli.o [46]
    .rodata              const       0x3'1884     0x18  option-cli.o [46]
    .rodata              const       0x3'189c     0x14  option-cli.o [46]
    .rodata              const       0x3'18b0     0x14  option-cli.o [46]
    .rodata              const       0x3'18c4     0x18  print-formatter.o [46]
    .rodata              const       0x3'18dc      0x8  print.o [46]
    .rodata              const       0x3'18e4      0x8  print.o [46]
    .rodata              const       0x3'18ec      0xc  print.o [46]
    .rodata              const       0x3'18f8     0x1c  print.o [46]
    .rodata              const       0x3'1914     0x10  print.o [46]
    .rodata              const       0x3'1924     0x2c  process-cluster-message.o [46]
    .rodata              const       0x3'1950      0x8  process-cluster-message.o [46]
    .rodata              const       0x3'1958      0xc  process-global-message.o [46]
    .rodata              const       0x3'1964     0x1c  process-global-message.o [46]
    .rodata              const       0x3'1980      0x8  process-global-message.o [46]
    .rodata              const       0x3'1988     0x18  process-global-message.o [46]
    .rodata              const       0x3'19a0     0x18  security-cli.o [46]
    .rodata              const       0x3'19b8      0x8  security-cli.o [46]
    .rodata              const       0x3'19c0      0x8  security-cli.o [46]
    .rodata              const       0x3'19c8     0x38  security-cli.o [46]
    .rodata              const       0x3'1a00     0x10  security-cli.o [46]
    .rodata              const       0x3'1a10      0x8  security-cli.o [46]
    .rodata              const       0x3'1a18     0x14  security-cli.o [46]
    .rodata              const       0x3'1a2c      0x8  security-cli.o [46]
    .rodata              const       0x3'1a34      0xc  security-cli.o [46]
    .rodata              const       0x3'1a40      0x8  security-cli.o [46]
    .rodata              const       0x3'1a48      0xc  security-cli.o [46]
    .rodata              const       0x3'1a54     0x14  security-cli.o [46]
    .rodata              const       0x3'1a68     0x10  security-cli.o [46]
    .rodata              const       0x3'1a78     0x28  security-cli.o [46]
    .rodata              const       0x3'1aa0     0x38  security-cli.o [46]
    .rodata              const       0x3'1ad8      0x8  security-cli.o [46]
    .rodata              const       0x3'1ae0      0x8  security-cli.o [46]
    .rodata              const       0x3'1ae8      0x8  security-cli.o [46]
    .rodata              const       0x3'1af0     0x10  security-cli.o [46]
    .rodata              const       0x3'1b00     0x48  security-cli.o [46]
    .rodata              const       0x3'1b48      0xc  security-cli.o [46]
    .rodata              const       0x3'1b54      0x8  security-cli.o [46]
    .rodata              const       0x3'1b5c      0xc  security-cli.o [46]
    .rodata              const       0x3'1b68     0x44  security-cli.o [46]
    .rodata              const       0x3'1bac      0x8  security-cli.o [46]
    .rodata              const       0x3'1bb4      0xc  security-cli.o [46]
    .rodata              const       0x3'1bc0     0x50  security-cli.o [46]
    .rodata              const       0x3'1c10     0x24  time-util.o [46]
    .rodata              const       0x3'1c34      0xc  time-util.o [46]
    .rodata              const       0x3'1c40      0x8  util.o [46]
    .rodata              const       0x3'1c48     0x14  util.o [46]
    .rodata              const       0x3'1c5c      0xc  util.o [46]
    .rodata              const       0x3'1c68      0xc  util.o [46]
    .rodata              const       0x3'1c74     0x18  util.o [46]
    .rodata              const       0x3'1c8c      0x8  util.o [46]
    .rodata              const       0x3'1c94      0x8  util.o [46]
    .rodata              const       0x3'1c9c     0x20  util.o [46]
    .rodata              const       0x3'1cbc      0xc  util.o [46]
    .rodata              const       0x3'1cc8     0x20  util.o [46]
    .rodata              const       0x3'1ce8     0x20  util.o [46]
    .rodata              const       0x3'1d08     0x1c  util.o [46]
    .rodata              const       0x3'1d24      0x8  util.o [46]
    .rodata              const       0x3'1d2c     0x28  util.o [46]
    .rodata              const       0x3'1d54      0x8  util.o [46]
    .rodata              const       0x3'1d5c      0x8  util.o [46]
    .rodata              const       0x3'1d64      0x8  util.o [46]
    .rodata              const       0x3'1d6c      0x8  util.o [46]
    .rodata              const       0x3'1d74     0x1c  util.o [46]
    .rodata              const       0x3'1d90      0x8  util.o [46]
    .rodata              const       0x3'1d98     0x1c  util.o [46]
    .rodata              const       0x3'1db4     0x28  util.o [46]
    .rodata              const       0x3'1ddc     0x28  util.o [46]
    .rodata              const       0x3'1e04      0x8  util.o [46]
    .rodata              const       0x3'1e0c     0x28  util.o [46]
    .rodata              const       0x3'1e34     0x1c  util.o [46]
    .rodata              const       0x3'1e50      0x8  util.o [46]
    .rodata              const       0x3'1e58     0x10  util.o [46]
    .rodata              const       0x3'1e68     0x10  util.o [46]
    .rodata              const       0x3'1e78     0x28  util.o [46]
    .rodata              const       0x3'1ea0     0x20  util.o [46]
    .rodata              const       0x3'1ec0     0x14  util.o [46]
    .rodata              const       0x3'1ed4     0x24  zcl-cli.o [46]
    .rodata              const       0x3'1ef8      0xc  zcl-cli.o [46]
    .rodata              const       0x3'1f04     0x44  zcl-cli.o [46]
    .rodata              const       0x3'1f48     0x28  zcl-cli.o [46]
    .rodata              const       0x3'1f70     0x34  zcl-cli.o [46]
    .rodata              const       0x3'1fa4     0x30  zcl-cli.o [46]
    .rodata              const       0x3'1fd4      0x8  zcl-cli.o [46]
    .rodata              const       0x3'1fdc     0x28  zcl-cli.o [46]
    .rodata              const       0x3'2004     0x1c  zcl-cli.o [46]
    .rodata              const       0x3'2020     0x10  zcl-cli.o [46]
    .rodata              const       0x3'2030     0x10  zcl-cli.o [46]
    .rodata              const       0x3'2040     0x10  zcl-cli.o [46]
    .rodata              const       0x3'2050     0x14  zcl-cli.o [46]
    .rodata              const       0x3'2064     0x1c  zcl-cli.o [46]
    .rodata              const       0x3'2080     0x14  zcl-cli.o [46]
    .rodata              const       0x3'2094     0x10  zcl-cli.o [46]
    .rodata              const       0x3'20a4      0x8  zcl-cli.o [46]
    .rodata              const       0x3'20ac      0x8  zcl-cli.o [46]
    .rodata              const       0x3'20b4     0x14  zcl-cli.o [46]
    .rodata              const       0x3'20c8     0x10  zcl-cli.o [46]
    .rodata              const       0x3'20d8     0x24  zcl-cli.o [46]
    .rodata              const       0x3'20fc      0x8  zcl-cli.o [46]
    .rodata              const       0x3'2104      0xc  zcl-cli.o [46]
    .rodata              const       0x3'2110     0x10  zcl-cli.o [46]
    .rodata              const       0x3'2120      0x8  zcl-cli.o [46]
    .rodata              const       0x3'2128      0x8  zcl-cli.o [46]
    .rodata              const       0x3'2130     0x18  zcl-cli.o [46]
    .rodata              const       0x3'2148     0x18  zcl-cli.o [46]
    .rodata              const       0x3'2160      0x8  zcl-cli.o [46]
    .rodata              const       0x3'2168     0x18  zcl-cli.o [46]
    .rodata              const       0x3'2180      0x8  zcl-cli.o [46]
    .rodata              const       0x3'2188     0x18  zdo-cli.o [46]
    .rodata              const       0x3'21a0     0x18  zdo-cli.o [46]
    .rodata              const       0x3'21b8     0x18  zdo-cli.o [46]
    .rodata              const       0x3'21d0     0x40  zdo-cli.o [46]
    .rodata              const       0x3'2210     0x30  zdo-cli.o [46]
    .rodata              const       0x3'2240     0x10  zdo-cli.o [46]
    .rodata              const       0x3'2250     0x18  zdo-cli.o [46]
    .rodata              const       0x3'2268     0x20  zdo-cli.o [46]
    .rodata              const       0x3'2288     0x1c  zdo-cli.o [46]
    .rodata              const       0x3'22a4     0x20  zdo-cli.o [46]
    .rodata              const       0x3'22c4     0x20  zdo-cli.o [46]
    .rodata              const       0x3'22e4     0x14  zdo-cli.o [46]
    .rodata              const       0x3'22f8     0x20  zdo-cli.o [46]
    .rodata              const       0x3'2318     0x20  zdo-cli.o [46]
    .rodata              const       0x3'2338     0x18  zdo-cli.o [46]
    .rodata              const       0x3'2350     0x1c  zdo-cli.o [46]
    .rodata              const       0x3'236c     0x10  zdo-cli.o [46]
    .rodata              const       0x3'237c      0xc  zdo-cli.o [46]
    .rodata              const       0x3'2388     0x18  zdo-cli.o [46]
    .rodata              const       0x3'23a0     0x14  zdo-cli.o [46]
    .rodata              const       0x3'23b4      0x8  zdo-cli.o [46]
    .rodata              const       0x3'23bc      0x8  zdo-cli.o [46]
    .rodata              const       0x3'23c4     0x34  zdo-cli.o [46]
    .rodata              const       0x3'23f8     0x14  zdo-cli.o [46]
    .rodata              const       0x3'240c     0x2c  xx_alpha_cluster.o [44]
    .rodata              const       0x3'2438     0x24  xx_alpha_cluster.o [44]
    .rodata              const       0x3'245c     0x24  xx_alpha_cluster.o [44]
    .rodata              const       0x3'2480     0x28  xx_alpha_cluster.o [44]
    .rodata              const       0x3'24a8     0x24  xx_alpha_cluster.o [44]
    .rodata              const       0x3'24cc     0x24  xx_alpha_cluster.o [44]
    .rodata              const       0x3'24f0     0x24  xx_alpha_cluster.o [44]
    .rodata              const       0x3'2514     0x28  xx_alpha_cluster.o [44]
    .rodata              const       0x3'253c     0x28  xx_alpha_cluster.o [44]
    .rodata              const       0x3'2564     0x24  xx_alpha_cluster.o [44]
    .rodata              const       0x3'2588     0x20  xx_project.o [44]
    .rodata              const       0x3'25a8     0x20  xx_project.o [44]
    .rodata              const       0x3'25c8     0x14  xx_project.o [44]
    .rodata              const       0x3'25dc     0x14  xx_project.o [44]
    .rodata              const       0x3'25f0     0x18  xx_project.o [44]
    .rodata              const       0x3'2608     0x18  xx_project.o [44]
    .rodata              const       0x3'2620     0x2c  xx_project.o [44]
    .rodata              const       0x3'264c     0x14  xx_project.o [44]
    .rodata              const       0x3'2660     0x28  xx_project.o [44]
    .rodata              const       0x3'2688     0x10  xx_project.o [44]
    .rodata              const       0x3'2698      0x8  xx_project.o [44]
    .rodata              const       0x3'26a0     0x18  xx_project.o [44]
    .rodata              const       0x3'26b8     0x24  xx_project.o [44]
    .rodata              const       0x3'26dc     0x20  xx_project.o [44]
    .rodata              const       0x3'26fc     0x18  xx_project.o [44]
    .rodata              const       0x3'2714     0x1c  xx_project.o [44]
    .rodata              const       0x3'2730     0x18  xx_nwk.o [43]
    .rodata              const       0x3'2748     0x18  xx_nwk.o [43]
    .rodata              const       0x3'2760     0x1c  xx_nwk.o [43]
    .rodata              const       0x3'277c     0x2c  xx_nwk.o [43]
    .rodata              const       0x3'27a8     0x38  xx_nwk.o [43]
    .rodata              const       0x3'27e0     0x64  xx_memory.o [42]
    .rodata              const       0x3'2844      0x8  xx_memory.o [42]
    .rodata              const       0x3'284c     0x54  xx_memory.o [42]
    .rodata              const       0x3'28a0     0x14  xx_delay_event.o [40]
    .rodata              const       0x3'28b4     0x18  xx_diagnostics.o [40]
    .rodata              const       0x3'28cc     0x18  xx_ias.o [40]
    .rodata              const       0x3'28e4     0x14  xx_ias.o [40]
    .rodata              const       0x3'28f8     0x38  xx_ias.o [40]
    .rodata              const       0x3'2930     0x14  xx_ias.o [40]
    .rodata              const       0x3'2944      0x8  xx_mfg.o [40]
    .rodata              const       0x3'294c      0x8  xx_mfg.o [40]
    .rodata              const       0x3'2954      0x8  xx_mfg.o [40]
    .rodata              const       0x3'295c      0x8  xx_mfg.o [40]
    .rodata              const       0x3'2964      0x8  xx_mfg.o [40]
    .rodata              const       0x3'296c      0x8  xx_mfg.o [40]
    .rodata              const       0x3'2974      0x8  xx_mfg.o [40]
    .rodata              const       0x3'297c      0x8  xx_mfg.o [40]
    .rodata              const       0x3'2984      0x8  xx_mfg.o [40]
    .rodata              const       0x3'298c      0x8  xx_mfg.o [40]
    .rodata              const       0x3'2994     0x20  xx_mfg.o [40]
    .rodata              const       0x3'29b4     0x24  xx_mfg.o [40]
    .rodata              const       0x3'29d8     0x14  xx_mfg.o [40]
    .rodata              const       0x3'29ec     0x20  xx_mfg.o [40]
    .rodata              const       0x3'2a0c     0x20  xx_mfg.o [40]
    .rodata              const       0x3'2a2c     0x10  xx_mfg.o [40]
    .rodata              const       0x3'2a3c     0x28  xx_mfg.o [40]
    .rodata              const       0x3'2a64     0x18  xx_mfg.o [40]
    .rodata              const       0x3'2a7c     0x20  xx_mfg.o [40]
    .rodata              const       0x3'2a9c     0x3c  xx_power_configuration.o [40]
    .rodata              const       0x3'2ad8      0xc  xx_power_configuration.o [40]
    .rodata              const       0x3'2ae4     0x1c  xx_power_configuration.o [40]
    .rodata              const       0x3'2b00     0x14  xx_power_configuration.o [40]
    .rodata              const       0x3'2b14     0x38  xx_zcl_cmd.o [40]
    .rodata              const       0x3'2b4c      0x8  xx_zcl_cmd.o [40]
    .rodata              const       0x3'2b54      0x8  xx_zcl_cmd.o [40]
    .rodata              const       0x3'2b5c     0x10  xx_zcl_cmd.o [40]
    .rodata              const       0x3'2b6c     0x18  xx_zcl_parse.o [40]
    .rodata              const       0x3'2b84     0x24  xx_zcl_parse.o [40]
    .rodata              const       0x3'2ba8     0x10  xx_zcl_parse.o [40]
    .rodata              const       0x3'2bb8     0x18  xx_zcl_parse.o [40]
    .rodata              const       0x3'2bd0     0x18  xx_zcl_parse.o [40]
    .rodata              const       0x3'2be8     0x1c  xx_zcl_parse.o [40]
    .rodata              const       0x3'2c04     0x18  xx_zcl_parse.o [40]
    .rodata              const       0x3'2c1c     0x20  xx_zcl_parse.o [40]
    .rodata              const       0x3'2c3c     0x2c  xx_zcl_parse.o [40]
    .rodata              const       0x3'2c68     0x18  xx_zcl_parse.o [40]
    .rodata              const       0x3'2c80     0x18  xx_zcl_parse.o [40]
    .rodata              const       0x3'2c98     0x18  xx_irq_button.o [39]
    .rodata              const       0x3'2cb0     0x28  xx_irq_button_handle.o [39]
    .rodata              const       0x3'2cd8      0xc  xx_irq_button_handle.o [39]
    .rodata              const       0x3'2ce4     0x18  xx_irq_button_handle.o [39]
    .rodata              const       0x3'2cfc      0xc  xx_irq_button_handle.o [39]
    .rodata              const       0x3'2d08     0x10  xx_irq_button_handle.o [39]
    .rodata              const       0x3'2d18      0xc  xx_irq_button_handle.o [39]
    .rodata              const       0x3'2d24     0x24  xx_irq_button_handle.o [39]
    .rodata              const       0x3'2d48     0x2c  xx_irq_button_handle.o [39]
    .rodata              const       0x3'2d74     0x2c  xx_irq_button_handle.o [39]
    .rodata              const       0x3'2da0     0x30  xx_irq_button_handle.o [39]
    .rodata              const       0x3'2dd0     0x2c  xx_irq_button_handle.o [39]
    .rodata              const       0x3'2dfc     0x2c  xx_irq_button_handle.o [39]
    .rodata              const       0x3'2e28     0x14  xx_irq_button_handle.o [39]
    .rodata              const       0x3'2e3c     0x18  xx_irq_button_handle.o [39]
    .rodata              const       0x3'2e54     0x30  xx_irq_button_handle.o [39]
    .rodata              const       0x3'2e84     0x14  xx_irq_button_handle.o [39]
    .rodata              const       0x3'2e98     0x2c  xx_irq_button_handle.o [39]
    .rodata              const       0x3'2ec4     0x2c  xx_irq_button_handle.o [39]
    .rodata              const       0x3'2ef0     0x30  xx_irq_button_handle.o [39]
    .rodata              const       0x3'2f20     0x10  xx_blink_led.o [38]
    .rodata              const       0x3'2f30      0x8  xx_blink_led.o [38]
    .rodata              const       0x3'2f38     0x14  update-tc-link-key.o [36]
    .rodata              const       0x3'2f4c     0x18  update-tc-link-key.o [36]
[...]
xxIrqButtonHandleButton0PressedShortCallback
                           0x2'6cc9    0x18  Code  Gb  xx_irq_button_handle.o [39]
xxIrqButtonHandleButton0PressedShortCallback::__func__
                           0x3'2da0    0x30  Data  Lc  xx_irq_button_handle.o [39]
xxIrqButtonHandleButton0PressingCallback
                           0x2'6ca9     0xe  Code  Gb  xx_irq_button_handle.o [39]
xxIrqButtonHandleButton0PressingCallback::__func__
                           0x3'2d48    0x2c  Data  Lc  xx_irq_button_handle.o [39]
xxIrqButtonHandleButton0ReleasedEvent
                        0x2000'6698     0x8  Data  Gb  xx_irq_button_handle.o [39]
xxIrqButtonHandleButton0ReleasedEventHandler
                           0x2'6d2d    0x50  Code  Gb  xx_irq_button_handle.o [39]
xxIrqButtonHandleButton1PressedEvent
                        0x2000'66a0     0x8  Data  Gb  xx_irq_button_handle.o [39]
xxIrqButtonHandleButton1PressedEventHandler
                           0x2'6e6d    0x44  Code  Gb  xx_irq_button_handle.o [39]
xxIrqButtonHandleButton1PressedLongCallback
                           0x2'6d9b    0x3c  Code  Gb  xx_irq_button_handle.o [39]
xxIrqButtonHandleButton1PressedLongCallback::__func__
                           0x3'2dfc    0x2c  Data  Lc  xx_irq_button_handle.o [39]
xxIrqButtonHandleButton1PressedShortCallback
                           0x2'6de7    0x7a  Code  Gb  xx_irq_button_handle.o [39]
xxIrqButtonHandleButton1PressedShortCallback::__func__
                           0x3'2e54    0x30  Data  Lc  xx_irq_button_handle.o [39]
xxIrqButtonHandleButton1PressingCallback
                           0x2'6d7d    0x12  Code  Gb  xx_irq_button_handle.o [39]
xxIrqButtonHandleButton1PressingCallback::__func__
                           0x3'2dd0    0x2c  Data  Lc  xx_irq_button_handle.o [39]
xxIrqButtonHandleButton1ReleasedEvent
                        0x2000'66a8     0x8  Data  Gb  xx_irq_button_handle.o [39]
xxIrqButtonHandleButton1ReleasedEventHandler
                           0x2'6ecd    0x44  Code  Gb  xx_irq_button_handle.o [39]
xxIrqButtonHandleButton2HighCallback
                           0x2'6f31    0x12  Code  Gb  xx_irq_button_handle.o [39]
xxIrqButtonHandleButton2LowCallback
                           0x2'6f43    0x10  Code  Gb  xx_irq_button_handle.o [39]
xxIrqButtonHandleButton2PressedEvent
                        0x2000'66b0     0x8  Data  Gb  xx_irq_button_handle.o [39]
xxIrqButtonHandleButton2PressedEventHandler
                           0x2'6f9d    0x44  Code  Gb  xx_irq_button_handle.o [39]
xxIrqButtonHandleButton2PressedLongCallback
                           0x2'6f75    0x10  Code  Gb  xx_irq_button_handle.o [39]
xxIrqButtonHandleButton2PressedLongCallback::__func__
                           0x3'2ec4    0x2c  Data  Lc  xx_irq_button_handle.o [39]
xxIrqButtonHandleButton2PressedShortCallback
                           0x2'6f85    0x16  Code  Gb  xx_irq_button_handle.o [39]
xxIrqButtonHandleButton2PressedShortCallback::__func__
                           0x3'2ef0    0x30  Data  Lc  xx_irq_button_handle.o [39]
xxIrqButtonHandleButton2PressingCallback
                           0x2'6f5f     0xa  Code  Gb  xx_irq_button_handle.o [39]
xxIrqButtonHandleButton2PressingCallback::__func__
                           0x3'2e98    0x2c  Data  Lc  xx_irq_button_handle.o [39]
xxIrqButtonHandleButton2ReleasedEvent
                        0x2000'66b8     0x8  Data  Gb  xx_irq_button_handle.o [39]
xxIrqButtonHandleButton2ReleasedEventHandler
                           0x2'6fe1    0x46  Code  Gb  xx_irq_button_handle.o [39]
xxIrqButtonHandleButtonTimeOut
                        0x2000'6688     0x8  Data  Gb  xx_irq_button_handle.o [39]
xxIrqButtonHandleButtonTimeOutHandler
                           0x2'6bd7     0xa  Code  Gb  xx_irq_button_handle.o [39]
xxIrqButtonHandleClearButtonCounters
                           0x2'6bad     0x2  Code  Lc  xx_irq_button_handle.o [39]
xxIrqButtonHandleFunction
                           0x2'7027    0x2e  Code  Gb  xx_irq_button_handle.o [39]
xxIrqButtonIndex           0x2'6879    0x22  Code  Lc  xx_irq_button.o [39]
xxIrqButtonInit            0x2'6935    0x72  Code  Gb  xx_irq_button.o [39]
xxIrqButtonInternalIsr     0x2'68e5    0x50  Code  Gb  xx_irq_button.o [39]
xxIrqButtonIsr             0x2'68cf    0x16  Code  Gb  xx_irq_button.o [39]
xxIrqButtonPinState        0x2'689d    0x32  Code  Gb  xx_irq_button.o [39]
xxIrqButtonStateSet        0x2'689b     0x2  Code  Gb  xx_irq_button.o [39]
xxMainInitCb1           0x2000'66f0     0x4  Data  Gb  xx_main.o [37]
xxMainInitCb10          0x2000'6714     0x4  Data  Gb  xx_main.o [37]
xxMainInitCb2           0x2000'66f4     0x4  Data  Gb  xx_main.o [37]
xxMainInitCb3           0x2000'66f8     0x4  Data  Gb  xx_main.o [37]
xxMainInitCb4           0x2000'66fc     0x4  Data  Gb  xx_main.o [37]
xxMainInitCb5           0x2000'6700     0x4  Data  Gb  xx_main.o [37]
xxMainInitCb6           0x2000'6704     0x4  Data  Gb  xx_main.o [37]
xxMainInitCb7           0x2000'6708     0x4  Data  Gb  xx_main.o [37]
xxMainInitCb8           0x2000'670c     0x4  Data  Gb  xx_main.o [37]
xxMainInitCb9           0x2000'6710     0x4  Data  Gb  xx_main.o [37]
xxMainStackStatusCb     0x2000'6740     0x4  Data  Gb  xx_main.o [37]
xxMainTickCb1           0x2000'6718     0x4  Data  Gb  xx_main.o [37]
xxMainTickCb10          0x2000'673c     0x4  Data  Gb  xx_main.o [37]
xxMainTickCb2           0x2000'671c     0x4  Data  Gb  xx_main.o [37]
xxMainTickCb3           0x2000'6720     0x4  Data  Gb  xx_main.o [37]
xxMainTickCb4           0x2000'6724     0x4  Data  Gb  xx_main.o [37]
xxMainTickCb5           0x2000'6728     0x4  Data  Gb  xx_main.o [37]
xxMainTickCb6           0x2000'672c     0x4  Data  Gb  xx_main.o [37]
xxMainTickCb7           0x2000'6730     0x4  Data  Gb  xx_main.o [37]
xxMainTickCb8           0x2000'6734     0x4  Data  Gb  xx_main.o [37]
xxMainTickCb9           0x2000'6738     0x4  Data  Gb  xx_main.o [37]
xxMfgDelayEventMfgModelFunction
                           0x2'f425   0x134  Code  Gb  xx_mfg.o [40]
xxMfgGpioTestFunction      0x2'f33d    0xda  Code  Gb  xx_mfg.o [40]
xxMfgInitFunction          0x2'f281    0x8e  Code  Gb  xx_mfg.o [40]
xxNwkRejoinTimeInit        0x1'0af9     0x2  Code  Gb  xx_nwk.o [43]
xxProjectButtonIntervalTimeFuction
                           0x1'5a83    0x18  Code  Gb  xx_project.o [44]
xxProjectDisableJTAGPort
                           0x1'58e5    0x16  Code  Gb  xx_project.o [44]
xxProjectHeartBeatEventHandler
                           0x2'1a6d     0xa  Code  Gb  xx_heart_beat.o [40]
xxProjectScanNetworkFuction
                           0x1'5979    0xba  Code  Gb  xx_project.o [44]
xxProjectScanNetworkFuction::xxJoiningCunt
                        0x2000'7f7e     0x1  Data  Lc  xx_project.o [44]
xxProjectWaitCfgCmdFuction
                           0x1'5ae3    0x14  Code  Gb  xx_project.o [44]
xxRebootEventControl    0x2000'63ac     0x8  Data  Gb  xx_project.o [44]
xxRebootEventHandler       0x1'5b6b    0x92  Code  Gb  xx_project.o [44]
xxRejoinControlEventHandler
                           0x1'0cff    0x22  Code  Gb  xx_nwk.o [43]
xxRfZclParseRxZclMessage
                           0x1'34d5    0xce  Code  Lc  xx_zcl_parse.o [40]
xxSerialDataConfig         0x1'5d35     0xe  Code  Gb  xx_serial.o [45]
xxZclCmdAlphaClusterCommandparse
                           0x2'32c5    0x22  Code  Gb  xx_zcl_cmd.o [40]
xxZclCmdOnOffClusterServerCommandparse
                           0x2'3275     0x4  Code  Gb  xx_zcl_cmd.o [40]
xxZclCmdScenesClusterServerCommandparse
                           0x2'3279     0x4  Code  Gb  xx_zcl_cmd.o [40]
xxZclCmdotaClusterCommandparse
                           0x2'327d    0x36  Code  Gb  xx_zcl_cmd.o [40]
xx_alpha_cluster_mac_all_ff
                        0x2000'5328     0x8  Data  Lc  xx_alpha_cluster.o [44]
xx_blink_ledEventArray  0x2000'53d0     0x4  Data  Gb  xx_blink_led.o [38]
xx_ias_motion_filter_report_event
                        0x2000'639c     0x8  Data  Gb  xx_project.o [44]
xx_irq_button_handle_button0_last_state
                        0x2000'5a95     0x1  Data  Lc  xx_irq_button_handle.o [39]
xx_irq_button_handle_button0_pressed_state
                        0x2000'7f88     0x1  Data  Lc  xx_irq_button_handle.o [39]
xx_irq_button_handle_button0_timer
                        0x2000'7f36     0x2  Data  Lc  xx_irq_button_handle.o [39]
xx_irq_button_handle_button1_last_state
                        0x2000'5a96     0x1  Data  Lc  xx_irq_button_handle.o [39]
xx_irq_button_handle_button1_pressed_state
                        0x2000'7f89     0x1  Data  Lc  xx_irq_button_handle.o [39]
xx_irq_button_handle_button1_timer
                        0x2000'7f38     0x2  Data  Lc  xx_irq_button_handle.o [39]
xx_irq_button_handle_button2_last_state
                        0x2000'5a97     0x1  Data  Lc  xx_irq_button_handle.o [39]
xx_irq_button_handle_button2_pressed_state
                        0x2000'7f8a     0x1  Data  Lc  xx_irq_button_handle.o [39]
xx_irq_button_handle_button2_timer
                        0x2000'7f3a     0x2  Data  Lc  xx_irq_button_handle.o [39]
xx_irq_button_rray         0x3'2c98    0x18  Data  Lc  xx_irq_button.o [39]
xx_project_button_interval_time_event
                        0x2000'638c     0x8  Data  Gb  xx_project.o [44]
xx_project_heart_beat_event
                        0x2000'6668     0x8  Data  Gb  xx_heart_beat.o [40]
xx_project_scan_network_event
                        0x2000'6384     0x8  Data  Gb  xx_project.o [44]
xx_project_wait_cfg_cmd_event
                        0x2000'6394     0x8  Data  Gb  xx_project.o [44]
xx_rejoin_control_event
                        0x2000'643c     0x8  Data  Gb  xx_nwk.o [43]
xx_test_gpio            0x2000'5330    0xa0  Data  Gb  xx_mfg.o [40]
zclBasicGlsrCommand        0x3'0639     0x6  Code  Lc  znet-cli.o [1]
zclBufferAddByte           0x2'e1c5    0x12  Code  Gb  zcl-cli.o [46]
zclBufferAddByteFromArgument
                           0x2'e1fd     0x8  Code  Gb  zcl-cli.o [46]
zclBufferAddInt32          0x2'e1e9    0x14  Code  Gb  zcl-cli.o [46]
zclBufferAddWord           0x2'e1d7    0x12  Code  Gb  zcl-cli.o [46]
zclBufferAddWordFromArgument
                           0x2'e20d     0x6  Code  Gb  zcl-cli.o [46]
zclBufferSetup             0x2'e173    0x52  Code  Gb  zcl-cli.o [46]
zclClusterNames            0x3'1e78    0x28  Data  Gb  util.o [46]
zclCmdIsBuilt           0x2000'7f72     0x1  Data  Gb  zcl-cli.o [46]
zclGlobalCommandDiscoveryCommand
                           0x2'e50d    0x2e  Code  Gb  zcl-cli.o [46]
zclGlobalDirection      0x2000'7f75     0x1  Data  Lc  zcl-cli.o [46]
zclGlobalDirectionCommand
                           0x2'e347    0x14  Code  Gb  zcl-cli.o [46]
zclGlobalDiscoverCommand
                           0x2'e3bf     0x4  Code  Gb  zcl-cli.o [46]
zclGlobalExpectReportFromMeCommand
                           0x2'e4e5    0x1c  Code  Gb  zcl-cli.o [46]
zclGlobalReadCommand       0x2'e35b     0x6  Code  Gb  zcl-cli.o [46]
zclGlobalReportCommand     0x2'e3cd    0x8a  Code  Gb  zcl-cli.o [46]
zclGlobalReportReadCommand
                           0x2'e45f    0x20  Code  Gb  zcl-cli.o [46]
zclGlobalSendMeAReportCommand
                           0x2'e47f    0x50  Code  Gb  zcl-cli.o [46]
zclGlobalSetup             0x2'e32d    0x1a  Code  Gb  zcl-cli.o [46]
zclGlobalWriteCommand      0x2'e361    0x5e  Code  Gb  zcl-cli.o [46]
zclIasZoneEnrollCommand
                           0x3'063f     0x4  Code  Lc  znet-cli.o [1]
zclIasZoneScCommand        0x3'0643     0x2  Code  Lc  znet-cli.o [1]
zclMfgCodeCommand          0x2'e553    0x2a  Code  Gb  zcl-cli.o [46]
zclSimpleCommand           0x2'e263    0xc4  Code  Gb  zcl-cli.o [46]
zclTestResponseOffCommand
                           0x2'e54d     0x6  Code  Gb  zcl-cli.o [46]
zclTestResponseOnCommand
                           0x2'e547     0x6  Code  Gb  zcl-cli.o [46]
zclTimeCommand             0x2'e5bd     0xe  Code  Gb  zcl-cli.o [46]
zclUseNextSequenceCommand
                           0x2'e59b    0x22  Code  Gb  zcl-cli.o [46]
zclXDefaultRespCommand     0x2'e57d    0x14  Code  Gb  zcl-cli.o [46]
zdoActiveEpCommand         0x2'ee95    0x1e  Code  Gb  zdo-cli.o [46]
zdoAddClusterCommand       0x2'ed37    0x38  Code  Gb  zdo-cli.o [46]
zdoBindCommand             0x2'ecbd    0x72  Code  Gb  zdo-cli.o [46]
zdoClearClusterCommand     0x2'ed6f    0x1c  Code  Gb  zdo-cli.o [46]
zdoConfigurationModeEnabled
                        0x2000'5abc     0x1  Data  Gb  zigbee-device-util.o [72]
zdoIeeeAddressRequestCommand
                           0x2'ebf3    0x14  Code  Gb  zdo-cli.o [46]
zdoLeaveRequestCommand     0x2'eef3    0x32  Code  Gb  zdo-cli.o [46]
zdoMatchCommand            0x2'ec4f    0x44  Code  Gb  zdo-cli.o [46]
zdoMgmtBindCommand         0x2'eed7    0x1c  Code  Gb  zdo-cli.o [46]
zdoMgmtLqiCommand          0x2'eeb3    0x1a  Code  Gb  zdo-cli.o [46]
zdoNetworkUpdateChannelCommand
                           0x2'ed95    0x72  Code  Gb  zdo-cli.o [46]
zdoNetworkUpdateScanCommand
                           0x2'ee07    0x5c  Code  Gb  zdo-cli.o [46]
zdoNetworkUpdateSetCommand
                           0x2'ee69    0x1e  Code  Gb  zdo-cli.o [46]
zdoNodeCommand             0x2'ec2d    0x22  Code  Gb  zdo-cli.o [46]
zdoNwkAddressRequestCommand
                           0x2'ebdd    0x16  Code  Gb  zdo-cli.o [46]
zdoPowerDescriptorRequestCommand
                           0x2'ef25    0x18  Code  Gb  zdo-cli.o [46]
zdoRouteRequestCommand     0x2'f013    0x26  Code  Gb  zdo-cli.o [46]
zdoSimpleCommand           0x2'ec07    0x26  Code  Gb  zdo-cli.o [46]
zdoUnbindGroupCommand      0x2'efcf    0x18  Code  Gb  zdo-cli.o [46]
zdoUnbindUnicastCommand
                           0x2'efe7    0x2c  Code  Gb  zdo-cli.o [46]
zigDevApsStruct         0x2000'7930     0x4  Data  Lc  zigbee-device-util.o [72]
zigDevRequestRadius     0x2000'5ab1     0x1  Data  Gb  zigbee-device-common.o [1]
zigDevRequestSequence   0x2000'7fd5     0x1  Data  Lc  zigbee-device-common.o [1]
zigDevRequestSequence   0x2000'792c     0x1  Data  Lc  zigbee-device-util.o [72]
zigbeeMacFilterList        0x3'a94a     0x2  Data  Gb  ember-configuration.o [1]
zllActiveScanCompleteHandler
                           0x1'f665    0x16  Code  Lc  zigbee-scan.o [72]
zll_channel_stay           0x1'f4db    0x2e  Code  Gb  zigbee-scan.o [72]
zll_scan_request_callback
                           0x1'f509    0xa6  Code  Lc  zigbee-scan.o [72]


[1] = D:\v5\v5_workspace\BODY_SENSOR\IAR ARM - Default - EFR32MG22C224F512IM32
[2] = D:\v5\v5_workspace\BODY_SENSOR\IAR ARM - Default - EFR32MG22C224F512IM32\adc\EFR32
[3] = D:\v5\v5_workspace\BODY_SENSOR\IAR ARM - Default - EFR32MG22C224F512IM32\antenna-stub
[4] = D:\v5\v5_workspace\BODY_SENSOR\IAR ARM - Default - EFR32MG22C224F512IM32\basic
[5] = D:\v5\v5_workspace\BODY_SENSOR\IAR ARM - Default - EFR32MG22C224F512IM32\battery-monitor\EFR32
[6] = D:\v5\v5_workspace\BODY_SENSOR\IAR ARM - Default - EFR32MG22C224F512IM32\ccm-encryption
[7] = D:\v5\v5_workspace\BODY_SENSOR\IAR ARM - Default - EFR32MG22C224F512IM32\coexistence-stub\EFR32
[8] = D:\v5\v5_workspace\BODY_SENSOR\IAR ARM - Default - EFR32MG22C224F512IM32\counters
[9] = D:\v5\v5_workspace\BODY_SENSOR\IAR ARM - Default - EFR32MG22C224F512IM32\debug-basic-library\EFR32
[10] = D:\v5\v5_workspace\BODY_SENSOR\IAR ARM - Default - EFR32MG22C224F512IM32\debug-jtag-stub\EFR32
[11] = D:\v5\v5_workspace\BODY_SENSOR\IAR ARM - Default - EFR32MG22C224F512IM32\diagnostic-server
[12] = D:\v5\v5_workspace\BODY_SENSOR\IAR ARM - Default - EFR32MG22C224F512IM32\efr32
[13] = D:\v5\v5_workspace\BODY_SENSOR\IAR ARM - Default - EFR32MG22C224F512IM32\ember-minimal-printf
[14] = D:\v5\v5_workspace\BODY_SENSOR\IAR ARM - Default - EFR32MG22C224F512IM32\emdrv
[15] = D:\v5\v5_workspace\BODY_SENSOR\IAR ARM - Default - EFR32MG22C224F512IM32\emlib
[16] = D:\v5\v5_workspace\BODY_SENSOR\IAR ARM - Default - EFR32MG22C224F512IM32\end-device-support
[17] = D:\v5\v5_workspace\BODY_SENSOR\IAR ARM - Default - EFR32MG22C224F512IM32\generic-interrupt-control\EFR32
[18] = D:\v5\v5_workspace\BODY_SENSOR\IAR ARM - Default - EFR32MG22C224F512IM32\hal-library\EFR32
[19] = D:\v5\v5_workspace\BODY_SENSOR\IAR ARM - Default - EFR32MG22C224F512IM32\hal-library\EFR32_2
[20] = D:\v5\v5_workspace\BODY_SENSOR\IAR ARM - Default - EFR32MG22C224F512IM32\hal-library\EFR32_xx
[21] = D:\v5\v5_workspace\BODY_SENSOR\IAR ARM - Default - EFR32MG22C224F512IM32\ias-zone-server
[22] = D:\v5\v5_workspace\BODY_SENSOR\IAR ARM - Default - EFR32MG22C224F512IM32\idle-sleep
[23] = D:\v5\v5_workspace\BODY_SENSOR\IAR ARM - Default - EFR32MG22C224F512IM32\manufacturing-library-cli
[24] = D:\v5\v5_workspace\BODY_SENSOR\IAR ARM - Default - EFR32MG22C224F512IM32\mbedtls\EFR32
[25] = D:\v5\v5_workspace\BODY_SENSOR\IAR ARM - Default - EFR32MG22C224F512IM32\mbedtls\EFR32_2_2
[26] = D:\v5\v5_workspace\BODY_SENSOR\IAR ARM - Default - EFR32MG22C224F512IM32\network-steering
[27] = D:\v5\v5_workspace\BODY_SENSOR\IAR ARM - Default - EFR32MG22C224F512IM32\nvm3
[28] = D:\v5\v5_workspace\BODY_SENSOR\IAR ARM - Default - EFR32MG22C224F512IM32\nvm3\EFR32
[29] = D:\v5\v5_workspace\BODY_SENSOR\IAR ARM - Default - EFR32MG22C224F512IM32\power-configuration-server
[30] = D:\v5\v5_workspace\BODY_SENSOR\IAR ARM - Default - EFR32MG22C224F512IM32\reporting
[31] = D:\v5\v5_workspace\BODY_SENSOR\IAR ARM - Default - EFR32MG22C224F512IM32\scan-dispatch
[32] = D:\v5\v5_workspace\BODY_SENSOR\IAR ARM - Default - EFR32MG22C224F512IM32\serial
[33] = D:\v5\v5_workspace\BODY_SENSOR\IAR ARM - Default - EFR32MG22C224F512IM32\serial\EFR32
[34] = D:\v5\v5_workspace\BODY_SENSOR\IAR ARM - Default - EFR32MG22C224F512IM32\simple-main
[35] = D:\v5\v5_workspace\BODY_SENSOR\IAR ARM - Default - EFR32MG22C224F512IM32\strong-random
[36] = D:\v5\v5_workspace\BODY_SENSOR\IAR ARM - Default - EFR32MG22C224F512IM32\update-tc-link-key
[37] = D:\v5\v5_workspace\BODY_SENSOR\IAR ARM - Default - EFR32MG22C224F512IM32\xxapp
[38] = D:\v5\v5_workspace\BODY_SENSOR\IAR ARM - Default - EFR32MG22C224F512IM32\xxapp\xx_blink_led
[39] = D:\v5\v5_workspace\BODY_SENSOR\IAR ARM - Default - EFR32MG22C224F512IM32\xxapp\xx_button
[40] = D:\v5\v5_workspace\BODY_SENSOR\IAR ARM - Default - EFR32MG22C224F512IM32\xxapp\xx_common
[41] = D:\v5\v5_workspace\BODY_SENSOR\IAR ARM - Default - EFR32MG22C224F512IM32\xxapp\xx_hal
[42] = D:\v5\v5_workspace\BODY_SENSOR\IAR ARM - Default - EFR32MG22C224F512IM32\xxapp\xx_memory
[43] = D:\v5\v5_workspace\BODY_SENSOR\IAR ARM - Default - EFR32MG22C224F512IM32\xxapp\xx_nwk
[44] = D:\v5\v5_workspace\BODY_SENSOR\IAR ARM - Default - EFR32MG22C224F512IM32\xxapp\xx_project
[45] = D:\v5\v5_workspace\BODY_SENSOR\IAR ARM - Default - EFR32MG22C224F512IM32\xxapp\xx_serial
[46] = D:\v5\v5_workspace\BODY_SENSOR\IAR ARM - Default - EFR32MG22C224F512IM32\zcl-framework-core
[47] = binding-table-library.a
[48] = cbke-163k1-stub-library.a
[49] = cbke-283k1-stub-library.a
[50] = cbke-library-dsa-sign-stub.a
[51] = cbke-library-dsa-verify-283k1-stub.a
[52] = cbke-library-dsa-verify-stub.a
[53] = cbke-stub-library.a
[54] = debug-basic-library.a
[55] = debug-extended-stub-library.a
[56] = dl7M_tln.a
[57] = end-device-bind-stub-library.a
[58] = gp-stub-library.a
[59] = hal-library.a
[60] = install-code-library.a
[61] = libnvm3_CM33_iar.a
[62] = librail_efr32xg22_iar_release.a
[63] = m7M_tls.a
[64] = mfglib-library.a
[65] = multi-network-stub-library.a
[66] = multi-pan-stub-library.a
[67] = packet-validate-library.a
[68] = rt7M_tl.a
[69] = security-library-link-keys-stub.a
[70] = sim-eeprom2-to-nvm3-upgrade-stub-library.a
[71] = source-route-stub-library.a
[72] = zigbee-pro-leaf-stack.a
[73] = zigbee-r22-support-stub-library.a
[74] = zll-stub-library.a

  197 044 bytes of readonly  code memory
      384 bytes of readwrite code memory
   43 949 bytes of readonly  data memory
   58 861 bytes of readwrite data memory

Errors: none
Warnings: none
